ARM Linker, 5.03 [Build 76] [MDK-ARM Standard]

==============================================================================

Section Cross References

    application.o(.text) refers to stm32l1xx_flash.o(.text) for DATA_EEPROM_Unlock
    application.o(.text) refers to stm32l1xx_gpio.o(.text) for GPIO_ResetBits
    application.o(.text) refers to timer_event.o(.text) for event_timer_add
    application.o(.text) refers to deca_device.o(.text) for dwt_isr
    application.o(.text) refers to adc.o(.text) for ADC_Get_ADCValue
    application.o(.text) refers to dflti.o(.text) for __aeabi_i2d
    application.o(.text) refers to ddiv.o(.text) for __aeabi_ddiv
    application.o(.text) refers to dadd.o(.text) for __aeabi_dadd
    application.o(.text) refers to dfixui.o(.text) for __aeabi_d2uiz
    application.o(.text) refers to instance.o(.text) for instance_set_vbat
    application.o(.text) refers to beeper.o(.text) for BEEP_Stop
    application.o(.text) refers to motor.o(.text) for MOTOR_Stop
    application.o(.text) refers to port.o(.text) for reset_DW1000
    application.o(.text) refers to unistd.o(.text) for usleep
    application.o(.text) refers to application.o(.data) for eventHold
    application.o(.text) refers to instance.o(.bss) for my_cardslotmsg
    application.o(.text) refers to button.o(.text) for BUTTON_KeyCode_Read
    application.o(.text) refers to printf_util.o(.text) for PrintfUtil_vPrintf
    application.o(.text) refers to mma8452q.o(.text) for MMA845x_ReadReg
    application.o(.text) refers to board.o(.text) for motion_detect_int_open
    application.o(.text) refers to mcu.o(.text) for GetSysClock
    application.o(.text) refers to memseta.o(.text) for __aeabi_memclr
    application.o(.text) refers to sleep.o(.text) for system_sleep
    application.o(.text) refers to application.o(.bss) for tsVersionReport
    mac_msg.o(.text) refers to mem.o(.text) for rt_free
    mac_msg.o(.text) refers to mac_msg.o(.bss) for mac_msg_list
    mac_msg.o(.text) refers to mac_msg.o(.data) for free_node
    main.o(.text) refers to port.o(.text) for SPI_ConfigFastRate
    main.o(.text) refers to instance.o(.text) for instancereaddeviceid
    main.o(.text) refers to stm32l1xx_gpio.o(.text) for GPIO_ResetBits
    main.o(.text) refers to unistd.o(.text) for usleep
    main.o(.text) refers to deca_device.o(.text) for dwt_softreset
    main.o(.text) refers to board.o(.text) for board_init
    main.o(.text) refers to printf_util.o(.text) for PrintfUtil_u8Init
    main.o(.text) refers to led.o(.text) for LED_Red_Flash
    main.o(.text) refers to mcu.o(.text) for portResetTickCnt
    main.o(.text) refers to application.o(.text) for Application
    main.o(.text) refers to main.o(.data) for instance_mode
    mem.o(.text) refers to mcu.o(.emb_text) for interrupt_disable
    mem.o(.text) refers to mem.o(.data) for heap_ptr
    timer_event.o(.text) refers to mcu.o(.emb_text) for interrupt_disable
    timer_event.o(.text) refers to memseta.o(.text) for __aeabi_memclr4
    timer_event.o(.text) refers to mcu.o(.text) for GetSysClock
    timer_event.o(.text) refers to timer_event.o(.data) for bits_events
    timer_event.o(.text) refers to timer_event.o(.bss) for timer_list
    debug.o(.text) refers to stm32l1xx_gpio.o(.text) for GPIO_ResetBits
    debug.o(.text) refers to mcu.o(.text) for Delay_ms
    instance.o(.text) refers to printf_util.o(.text) for PrintfUtil_vPrintf
    instance.o(.text) refers to stm32l1xx_gpio.o(.text) for GPIO_ReadInputDataBit
    instance.o(.text) refers to led.o(.text) for led_station_on
    instance.o(.text) refers to deca_device.o(.text) for dwt_forcetrxoff
    instance.o(.text) refers to timer_event.o(.text) for event_timer_unset
    instance.o(.text) refers to instance.o(.data) for pre_event
    instance.o(.text) refers to instance.o(.bss) for instance_data
    instance.o(.text) refers to instance.o(.constdata) for txSpectrumConfig
    instance.o(.text) refers to memseta.o(.text) for __aeabi_memclr
    instance.o(.text) refers to application.o(.bss) for CardType_5s
    instance.o(.text) refers to dmul.o(.text) for __aeabi_dmul
    instance.o(.text) refers to dfixui.o(.text) for __aeabi_d2uiz
    instance.o(.text) refers to dfltui.o(.text) for __aeabi_ui2d
    instance.o(.text) refers to dflti.o(.text) for __aeabi_i2d
    instance.o(.text) refers to dadd.o(.text) for __aeabi_dadd
    instance.o(.text) refers to ddiv.o(.text) for __aeabi_ddiv
    instance.o(.text) refers to log10.o(i.log10) for log10
    instance.o(.text) refers to dfixi.o(.text) for __aeabi_d2iz
    instance.o(.text) refers to dfixul.o(.text) for __aeabi_d2ulz
    instance.o(.text) refers to dfltl.o(.text) for __aeabi_l2d
    instance.o(.text) refers to cdcmple.o(.text) for __aeabi_cdcmple
    instance.o(.text) refers to cdrcmple.o(.text) for __aeabi_cdrcmple
    instance.o(.text) refers to d2f.o(.text) for __aeabi_d2f
[...]
    DMA1_Channel4_IRQHandler                 0x08006c87   Thumb Code     0  startup_stm32l1xx_md.o(.text)
    DMA1_Channel5_IRQHandler                 0x08006c87   Thumb Code     0  startup_stm32l1xx_md.o(.text)
    DMA1_Channel6_IRQHandler                 0x08006c87   Thumb Code     0  startup_stm32l1xx_md.o(.text)
    DMA1_Channel7_IRQHandler                 0x08006c87   Thumb Code     0  startup_stm32l1xx_md.o(.text)
    EXTI15_10_IRQHandler                     0x08006c87   Thumb Code     0  startup_stm32l1xx_md.o(.text)
    EXTI2_IRQHandler                         0x08006c87   Thumb Code     0  startup_stm32l1xx_md.o(.text)
    EXTI4_IRQHandler                         0x08006c87   Thumb Code     0  startup_stm32l1xx_md.o(.text)
    FLASH_IRQHandler                         0x08006c87   Thumb Code     0  startup_stm32l1xx_md.o(.text)
    I2C1_ER_IRQHandler                       0x08006c87   Thumb Code     0  startup_stm32l1xx_md.o(.text)
    I2C1_EV_IRQHandler                       0x08006c87   Thumb Code     0  startup_stm32l1xx_md.o(.text)
    I2C2_ER_IRQHandler                       0x08006c87   Thumb Code     0  startup_stm32l1xx_md.o(.text)
    I2C2_EV_IRQHandler                       0x08006c87   Thumb Code     0  startup_stm32l1xx_md.o(.text)
    LCD_IRQHandler                           0x08006c87   Thumb Code     0  startup_stm32l1xx_md.o(.text)
    PVD_IRQHandler                           0x08006c87   Thumb Code     0  startup_stm32l1xx_md.o(.text)
    RCC_IRQHandler                           0x08006c87   Thumb Code     0  startup_stm32l1xx_md.o(.text)
    RTC_Alarm_IRQHandler                     0x08006c87   Thumb Code     0  startup_stm32l1xx_md.o(.text)
    SPI1_IRQHandler                          0x08006c87   Thumb Code     0  startup_stm32l1xx_md.o(.text)
    SPI2_IRQHandler                          0x08006c87   Thumb Code     0  startup_stm32l1xx_md.o(.text)
    TAMPER_STAMP_IRQHandler                  0x08006c87   Thumb Code     0  startup_stm32l1xx_md.o(.text)
    TIM10_IRQHandler                         0x08006c87   Thumb Code     0  startup_stm32l1xx_md.o(.text)
    TIM11_IRQHandler                         0x08006c87   Thumb Code     0  startup_stm32l1xx_md.o(.text)
    TIM2_IRQHandler                          0x08006c87   Thumb Code     0  startup_stm32l1xx_md.o(.text)
    TIM3_IRQHandler                          0x08006c87   Thumb Code     0  startup_stm32l1xx_md.o(.text)
    TIM4_IRQHandler                          0x08006c87   Thumb Code     0  startup_stm32l1xx_md.o(.text)
    TIM6_IRQHandler                          0x08006c87   Thumb Code     0  startup_stm32l1xx_md.o(.text)
    TIM7_IRQHandler                          0x08006c87   Thumb Code     0  startup_stm32l1xx_md.o(.text)
    TIM9_IRQHandler                          0x08006c87   Thumb Code     0  startup_stm32l1xx_md.o(.text)
    USART2_IRQHandler                        0x08006c87   Thumb Code     0  startup_stm32l1xx_md.o(.text)
    USART3_IRQHandler                        0x08006c87   Thumb Code     0  startup_stm32l1xx_md.o(.text)
    USB_FS_WKUP_IRQHandler                   0x08006c87   Thumb Code     0  startup_stm32l1xx_md.o(.text)
    USB_HP_IRQHandler                        0x08006c87   Thumb Code     0  startup_stm32l1xx_md.o(.text)
    USB_LP_IRQHandler                        0x08006c87   Thumb Code     0  startup_stm32l1xx_md.o(.text)
    WWDG_IRQHandler                          0x08006c87   Thumb Code     0  startup_stm32l1xx_md.o(.text)
    ADC_Configuration                        0x08006c91   Thumb Code   160  adc.o(.text)
    ADC_Start                                0x08006d31   Thumb Code    72  adc.o(.text)
    ADC_Stop                                 0x08006d79   Thumb Code    18  adc.o(.text)
    ADC_Get_ADCValue                         0x08006d8b   Thumb Code    22  adc.o(.text)
    ADC_Get_Vdd                              0x08006da1   Thumb Code    84  adc.o(.text)
    BEEP_Configuration                       0x08006e09   Thumb Code   146  beeper.o(.text)
    BEEP_Start                               0x08006e9b   Thumb Code    16  beeper.o(.text)
    BEEP_Stop                                0x08006eab   Thumb Code    20  beeper.o(.text)
    motion_detect_init                       0x08006ec9   Thumb Code    46  board.o(.text)
    motion_detect_int_open                   0x08006ef7   Thumb Code    38  board.o(.text)
    motion_detect_int_close                  0x08006f1d   Thumb Code    32  board.o(.text)
    interrupt_init                           0x08006f3d   Thumb Code    62  board.o(.text)
    peripheral_int_open                      0x08006f7b   Thumb Code    82  board.o(.text)
    board_init                               0x08006fcd   Thumb Code    56  board.o(.text)
    BUTTON_Configuration                     0x08007009   Thumb Code    92  button.o(.text)
    BUTTON_KeyCode_Read                      0x08007065   Thumb Code    38  button.o(.text)
    UART_Configuration                       0x08007091   Thumb Code   170  com_config.o(.text)
    fputc                                    0x0800713b   Thumb Code    58  com_config.o(.text)
    LED_Configuration                        0x0800717d   Thumb Code   242  led.o(.text)
    led_station_init                         0x0800726f   Thumb Code    40  led.o(.text)
    led_station_on                           0x08007297   Thumb Code    14  led.o(.text)
    led_station_off                          0x080072a5   Thumb Code    14  led.o(.text)
    LED_Red_Flash                            0x080072b3   Thumb Code    30  led.o(.text)
    LED_Green_Flash                          0x080072d1   Thumb Code    30  led.o(.text)
    EXTI0_IRQHandler                         0x080072fd   Thumb Code    22  mcu.o(.text)
    EXTI1_IRQHandler                         0x08007313   Thumb Code    30  mcu.o(.text)
    EXTI3_IRQHandler                         0x08007331   Thumb Code    30  mcu.o(.text)
    EXTI9_5_IRQHandler                       0x0800734f   Thumb Code    54  mcu.o(.text)
    set_flash_read_protection                0x08007455   Thumb Code     2  mcu.o(.text)
    unset_flash_read_protection              0x08007457   Thumb Code    34  mcu.o(.text)
    SysTick_Configuration                    0x080074b3   Thumb Code    96  mcu.o(.text)
    chip_core_init                           0x08007513   Thumb Code    20  mcu.o(.text)
    chip_interface_init                      0x08007527   Thumb Code    12  mcu.o(.text)
    chip_lowpower_ready                      0x08007533   Thumb Code    90  mcu.o(.text)
    chip_lowpower_finish                     0x0800758d   Thumb Code    64  mcu.o(.text)
    WatchdogReset                            0x080075cd   Thumb Code     8  mcu.o(.text)
    SysTick_Handler                          0x080075d5   Thumb Code    12  mcu.o(.text)
    portResetTickCnt                         0x080075e1   Thumb Code     8  mcu.o(.text)
    portSetTickCnt                           0x080075e9   Thumb Code     6  mcu.o(.text)
    portGetTickCnt                           0x080075ef   Thumb Code     6  mcu.o(.text)
    GetSysClock                              0x080075f5   Thumb Code     6  mcu.o(.text)
    ElapsedSysClock                          0x080075fb   Thumb Code    12  mcu.o(.text)
    Delay_ms                                 0x08007657   Thumb Code    32  mcu.o(.text)
    Delay_us                                 0x08007677   Thumb Code    32  mcu.o(.text)
    MOTOR_Configuration                      0x080076b9   Thumb Code    52  motor.o(.text)
    MOTOR_Start                              0x080076ed   Thumb Code    14  motor.o(.text)
    MOTOR_Stop                               0x080076fb   Thumb Code    14  motor.o(.text)
    SPI_Configuration                        0x0800770d   Thumb Code   192  spi_nano.o(.text)
    SPI2_Configuration                       0x080077cd   Thumb Code   198  spi_nano.o(.text)
    close_spi2_as3933                        0x08007893   Thumb Code    22  spi_nano.o(.text)
    MMA845x_WriteReg                         0x080078c1   Thumb Code    30  mma8452q.o(.text)
    MMA845x_ReadReg                          0x080078df   Thumb Code    26  mma8452q.o(.text)
    MMA845x_ChipCheck                        0x08007927   Thumb Code    64  mma8452q.o(.text)
    MMA845x_Init                             0x08007967   Thumb Code   338  mma8452q.o(.text)
    WAIT_NOP                                 0x08007abd   Thumb Code    26  hal_io_i2c.o(.text)
    HAL_I2C_Init                             0x08007ad7   Thumb Code   100  hal_io_i2c.o(.text)
    HAL_I2C_Start                            0x08007b3b   Thumb Code    98  hal_io_i2c.o(.text)
    HAL_I2C_Stop                             0x08007b9d   Thumb Code    88  hal_io_i2c.o(.text)
    HAL_I2C_ACK                              0x08007bf5   Thumb Code   104  hal_io_i2c.o(.text)
    HAL_I2C_SendByte                         0x08007c5d   Thumb Code   224  hal_io_i2c.o(.text)
    HAL_I2C_RecvByte                         0x08007d3d   Thumb Code   120  hal_io_i2c.o(.text)
    HAL_I2C_WriteReg                         0x08007db5   Thumb Code    36  hal_io_i2c.o(.text)
    HAL_I2C_ReadReg                          0x08007dd9   Thumb Code    54  hal_io_i2c.o(.text)
    RTC_WKUP_IRQHandler                      0x08007e15   Thumb Code    20  sleep.o(.text)
    SleepInit                                0x08007e29   Thumb Code    22  sleep.o(.text)
    Sleep                                    0x08007e3f   Thumb Code   152  sleep.o(.text)
    system_powersave_sleep                   0x08007f41   Thumb Code    12  sleep.o(.text)
    system_powersave_wakeup                  0x08007f4d   Thumb Code    38  sleep.o(.text)
    system_sleep                             0x08007f73   Thumb Code    12  sleep.o(.text)
    NVIC_PriorityGroupConfig                 0x08007f8d   Thumb Code    10  misc.o(.text)
    NVIC_Init                                0x08007f97   Thumb Code   108  misc.o(.text)
    NVIC_SetVectorTable                      0x08008003   Thumb Code    14  misc.o(.text)
    NVIC_SystemLPConfig                      0x08008011   Thumb Code    34  misc.o(.text)
    SysTick_CLKSourceConfig                  0x08008033   Thumb Code    40  misc.o(.text)
    ADC_DeInit                               0x08008071   Thumb Code    28  stm32l1xx_adc.o(.text)
    ADC_Init                                 0x0800808d   Thumb Code    74  stm32l1xx_adc.o(.text)
    ADC_StructInit                           0x080080d7   Thumb Code    26  stm32l1xx_adc.o(.text)
    ADC_CommonInit                           0x080080f1   Thumb Code    22  stm32l1xx_adc.o(.text)
    ADC_CommonStructInit                     0x08008107   Thumb Code     6  stm32l1xx_adc.o(.text)
    ADC_Cmd                                  0x0800810d   Thumb Code    22  stm32l1xx_adc.o(.text)
    ADC_BankSelection                        0x08008123   Thumb Code    22  stm32l1xx_adc.o(.text)
    ADC_PowerDownCmd                         0x08008139   Thumb Code    18  stm32l1xx_adc.o(.text)
    ADC_DelaySelectionConfig                 0x0800814b   Thumb Code    16  stm32l1xx_adc.o(.text)
    ADC_AnalogWatchdogCmd                    0x0800815b   Thumb Code    16  stm32l1xx_adc.o(.text)
    ADC_AnalogWatchdogThresholdsConfig       0x0800816b   Thumb Code     6  stm32l1xx_adc.o(.text)
    ADC_AnalogWatchdogSingleChannelConfig    0x08008171   Thumb Code    16  stm32l1xx_adc.o(.text)
    ADC_TempSensorVrefintCmd                 0x08008181   Thumb Code    30  stm32l1xx_adc.o(.text)
    ADC_RegularChannelConfig                 0x0800819f   Thumb Code   344  stm32l1xx_adc.o(.text)
    ADC_SoftwareStartConv                    0x080082f7   Thumb Code    10  stm32l1xx_adc.o(.text)
    ADC_GetSoftwareStartConvStatus           0x08008301   Thumb Code    20  stm32l1xx_adc.o(.text)
    ADC_EOCOnEachRegularChannelCmd           0x08008315   Thumb Code    22  stm32l1xx_adc.o(.text)
    ADC_ContinuousModeCmd                    0x0800832b   Thumb Code    22  stm32l1xx_adc.o(.text)
    ADC_DiscModeChannelCountConfig           0x08008341   Thumb Code    24  stm32l1xx_adc.o(.text)
    ADC_DiscModeCmd                          0x08008359   Thumb Code    22  stm32l1xx_adc.o(.text)
    ADC_GetConversionValue                   0x0800836f   Thumb Code     8  stm32l1xx_adc.o(.text)
    ADC_DMACmd                               0x08008377   Thumb Code    22  stm32l1xx_adc.o(.text)
    ADC_DMARequestAfterLastTransferCmd       0x0800838d   Thumb Code    22  stm32l1xx_adc.o(.text)
    ADC_InjectedChannelConfig                0x080083a3   Thumb Code   232  stm32l1xx_adc.o(.text)
    ADC_InjectedSequencerLengthConfig        0x0800848b   Thumb Code    24  stm32l1xx_adc.o(.text)
    ADC_SetInjectedOffset                    0x080084a3   Thumb Code    20  stm32l1xx_adc.o(.text)
    ADC_ExternalTrigInjectedConvConfig       0x080084b7   Thumb Code    16  stm32l1xx_adc.o(.text)
    ADC_ExternalTrigInjectedConvEdgeConfig   0x080084c7   Thumb Code    16  stm32l1xx_adc.o(.text)
    ADC_SoftwareStartInjectedConv            0x080084d7   Thumb Code    10  stm32l1xx_adc.o(.text)
    ADC_GetSoftwareStartInjectedConvCmdStatus 0x080084e1   Thumb Code    20  stm32l1xx_adc.o(.text)
    ADC_AutoInjectedConvCmd                  0x080084f5   Thumb Code    22  stm32l1xx_adc.o(.text)
    ADC_InjectedDiscModeCmd                  0x0800850b   Thumb Code    22  stm32l1xx_adc.o(.text)
    ADC_GetInjectedConversionValue           0x08008521   Thumb Code    28  stm32l1xx_adc.o(.text)
    ADC_ITConfig                             0x0800853d   Thumb Code    32  stm32l1xx_adc.o(.text)
    ADC_GetFlagStatus                        0x0800855d   Thumb Code    18  stm32l1xx_adc.o(.text)
    ADC_ClearFlag                            0x0800856f   Thumb Code     6  stm32l1xx_adc.o(.text)
    ADC_GetITStatus                          0x08008575   Thumb Code    38  stm32l1xx_adc.o(.text)
    ADC_ClearITPendingBit                    0x0800859b   Thumb Code    10  stm32l1xx_adc.o(.text)
    EXTI_DeInit                              0x080085a5   Thumb Code    30  stm32l1xx_exti.o(.text)
    EXTI_Init                                0x080085c3   Thumb Code   142  stm32l1xx_exti.o(.text)
    EXTI_StructInit                          0x08008651   Thumb Code    16  stm32l1xx_exti.o(.text)
    EXTI_GenerateSWInterrupt                 0x08008661   Thumb Code    16  stm32l1xx_exti.o(.text)
    EXTI_GetFlagStatus                       0x08008671   Thumb Code    22  stm32l1xx_exti.o(.text)
    EXTI_ClearFlag                           0x08008687   Thumb Code     8  stm32l1xx_exti.o(.text)
    EXTI_GetITStatus                         0x0800868f   Thumb Code    22  stm32l1xx_exti.o(.text)
    EXTI_ClearITPendingBit                   0x080086a5   Thumb Code     8  stm32l1xx_exti.o(.text)
    FLASH_SetLatency                         0x080086b1   Thumb Code    18  stm32l1xx_flash.o(.text)
    FLASH_PrefetchBufferCmd                  0x080086c3   Thumb Code    30  stm32l1xx_flash.o(.text)
    FLASH_ReadAccess64Cmd                    0x080086e1   Thumb Code    30  stm32l1xx_flash.o(.text)
    FLASH_SLEEPPowerDownCmd                  0x080086ff   Thumb Code    30  stm32l1xx_flash.o(.text)
    DATA_EEPROM_Unlock                       0x0800871d   Thumb Code    26  stm32l1xx_flash.o(.text)
    FLASH_Unlock                             0x08008737   Thumb Code    32  stm32l1xx_flash.o(.text)
    FLASH_Lock                               0x08008757   Thumb Code    18  stm32l1xx_flash.o(.text)
    FLASH_GetStatus                          0x08008769   Thumb Code    54  stm32l1xx_flash.o(.text)
    FLASH_WaitForLastOperation               0x0800879f   Thumb Code    48  stm32l1xx_flash.o(.text)
    FLASH_ErasePage                          0x080087cf   Thumb Code    86  stm32l1xx_flash.o(.text)
    FLASH_FastProgramWord                    0x08008825   Thumb Code    34  stm32l1xx_flash.o(.text)
    DATA_EEPROM_Lock                         0x08008847   Thumb Code    18  stm32l1xx_flash.o(.text)
    DATA_EEPROM_FixedTimeProgramCmd          0x08008859   Thumb Code    38  stm32l1xx_flash.o(.text)
    DATA_EEPROM_EraseByte                    0x0800887f   Thumb Code    26  stm32l1xx_flash.o(.text)
    DATA_EEPROM_EraseHalfWord                0x08008899   Thumb Code    26  stm32l1xx_flash.o(.text)
    DATA_EEPROM_EraseWord                    0x080088b3   Thumb Code    26  stm32l1xx_flash.o(.text)
    DATA_EEPROM_FastProgramWord              0x080088cd   Thumb Code    50  stm32l1xx_flash.o(.text)
    DATA_EEPROM_FastProgramByte              0x080088ff   Thumb Code   108  stm32l1xx_flash.o(.text)
    DATA_EEPROM_FastProgramHalfWord          0x0800896b   Thumb Code   136  stm32l1xx_flash.o(.text)
    DATA_EEPROM_ProgramByte                  0x080089f3   Thumb Code    92  stm32l1xx_flash.o(.text)
    DATA_EEPROM_ProgramHalfWord              0x08008a4f   Thumb Code   140  stm32l1xx_flash.o(.text)
    DATA_EEPROM_ProgramWord                  0x08008adb   Thumb Code    34  stm32l1xx_flash.o(.text)
    FLASH_OB_Unlock                          0x08008afd   Thumb Code    30  stm32l1xx_flash.o(.text)
    FLASH_OB_Lock                            0x08008b1b   Thumb Code    14  stm32l1xx_flash.o(.text)
    FLASH_OB_Launch                          0x08008b29   Thumb Code    14  stm32l1xx_flash.o(.text)
    FLASH_OB_WRPConfig                       0x08008b37   Thumb Code   142  stm32l1xx_flash.o(.text)
    FLASH_OB_WRP1Config                      0x08008bc5   Thumb Code   142  stm32l1xx_flash.o(.text)
    FLASH_OB_WRP2Config                      0x08008c53   Thumb Code   142  stm32l1xx_flash.o(.text)
    FLASH_OB_RDPConfig                       0x08008ce1   Thumb Code    48  stm32l1xx_flash.o(.text)
    FLASH_OB_PCROPConfig                     0x08008d11   Thumb Code   142  stm32l1xx_flash.o(.text)
    FLASH_OB_PCROP1Config                    0x08008d9f   Thumb Code   142  stm32l1xx_flash.o(.text)
    FLASH_OB_PCROPSelectionConfig            0x08008e2d   Thumb Code    72  stm32l1xx_flash.o(.text)
    FLASH_OB_UserConfig                      0x08008e75   Thumb Code    94  stm32l1xx_flash.o(.text)
    FLASH_OB_BORConfig                       0x08008ed3   Thumb Code    84  stm32l1xx_flash.o(.text)
    FLASH_OB_BootConfig                      0x08008f27   Thumb Code    62  stm32l1xx_flash.o(.text)
    FLASH_OB_GetUser                         0x08008f65   Thumb Code    10  stm32l1xx_flash.o(.text)
    FLASH_OB_GetWRP                          0x08008f6f   Thumb Code     8  stm32l1xx_flash.o(.text)
    FLASH_OB_GetWRP1                         0x08008f77   Thumb Code     8  stm32l1xx_flash.o(.text)
    FLASH_OB_GetWRP2                         0x08008f7f   Thumb Code     8  stm32l1xx_flash.o(.text)
    FLASH_OB_GetRDP                          0x08008f87   Thumb Code    20  stm32l1xx_flash.o(.text)
    FLASH_OB_GetSPRMOD                       0x08008f9b   Thumb Code    22  stm32l1xx_flash.o(.text)
    FLASH_OB_GetBOR                          0x08008fb1   Thumb Code    10  stm32l1xx_flash.o(.text)
    FLASH_ITConfig                           0x08008fbb   Thumb Code    34  stm32l1xx_flash.o(.text)
    FLASH_GetFlagStatus                      0x08008fdd   Thumb Code    22  stm32l1xx_flash.o(.text)
    FLASH_ClearFlag                          0x08008ff3   Thumb Code     8  stm32l1xx_flash.o(.text)
    GPIO_DeInit                              0x08009005   Thumb Code   196  stm32l1xx_gpio.o(.text)
    GPIO_Init                                0x080090c9   Thumb Code   144  stm32l1xx_gpio.o(.text)
    GPIO_StructInit                          0x08009159   Thumb Code    18  stm32l1xx_gpio.o(.text)
    GPIO_PinLockConfig                       0x0800916b   Thumb Code    34  stm32l1xx_gpio.o(.text)
    GPIO_ReadInputDataBit                    0x0800918d   Thumb Code    18  stm32l1xx_gpio.o(.text)
    GPIO_ReadInputData                       0x0800919f   Thumb Code     6  stm32l1xx_gpio.o(.text)
    GPIO_ReadOutputDataBit                   0x080091a5   Thumb Code    18  stm32l1xx_gpio.o(.text)
    GPIO_ReadOutputData                      0x080091b7   Thumb Code     6  stm32l1xx_gpio.o(.text)
    GPIO_SetBits                             0x080091bd   Thumb Code     4  stm32l1xx_gpio.o(.text)
    GPIO_ResetBits                           0x080091c1   Thumb Code     4  stm32l1xx_gpio.o(.text)
    GPIO_WriteBit                            0x080091c5   Thumb Code    10  stm32l1xx_gpio.o(.text)
    GPIO_Write                               0x080091cf   Thumb Code     4  stm32l1xx_gpio.o(.text)
    GPIO_ToggleBits                          0x080091d3   Thumb Code     8  stm32l1xx_gpio.o(.text)
    GPIO_PinAFConfig                         0x080091db   Thumb Code    70  stm32l1xx_gpio.o(.text)
    IWDG_WriteAccessCmd                      0x08009241   Thumb Code     6  stm32l1xx_iwdg.o(.text)
    IWDG_SetPrescaler                        0x08009247   Thumb Code     6  stm32l1xx_iwdg.o(.text)
    IWDG_SetReload                           0x0800924d   Thumb Code     6  stm32l1xx_iwdg.o(.text)
    IWDG_ReloadCounter                       0x08009253   Thumb Code    10  stm32l1xx_iwdg.o(.text)
    IWDG_Enable                              0x0800925d   Thumb Code    10  stm32l1xx_iwdg.o(.text)
    IWDG_GetFlagStatus                       0x08009267   Thumb Code    20  stm32l1xx_iwdg.o(.text)
    LCD_DeInit                               0x08009281   Thumb Code    22  stm32l1xx_lcd.o(.text)
    LCD_WaitForSynchro                       0x08009297   Thumb Code    14  stm32l1xx_lcd.o(.text)
    LCD_Init                                 0x080092a5   Thumb Code    86  stm32l1xx_lcd.o(.text)
    LCD_StructInit                           0x080092fb   Thumb Code    14  stm32l1xx_lcd.o(.text)
    LCD_Cmd                                  0x08009309   Thumb Code     6  stm32l1xx_lcd.o(.text)
    LCD_HighDriveCmd                         0x0800930f   Thumb Code     6  stm32l1xx_lcd.o(.text)
    LCD_MuxSegmentCmd                        0x08009315   Thumb Code     6  stm32l1xx_lcd.o(.text)
    LCD_PulseOnDurationConfig                0x0800931b   Thumb Code    26  stm32l1xx_lcd.o(.text)
    LCD_DeadTimeConfig                       0x08009335   Thumb Code    26  stm32l1xx_lcd.o(.text)
    LCD_BlinkConfig                          0x0800934f   Thumb Code    34  stm32l1xx_lcd.o(.text)
    LCD_ContrastConfig                       0x08009371   Thumb Code    26  stm32l1xx_lcd.o(.text)
    LCD_Write                                0x0800938b   Thumb Code    10  stm32l1xx_lcd.o(.text)
    LCD_UpdateDisplayRequest                 0x08009395   Thumb Code     8  stm32l1xx_lcd.o(.text)
    LCD_ITConfig                             0x0800939d   Thumb Code    34  stm32l1xx_lcd.o(.text)
    LCD_GetFlagStatus                        0x080093bf   Thumb Code    20  stm32l1xx_lcd.o(.text)
    LCD_ClearFlag                            0x080093d3   Thumb Code     8  stm32l1xx_lcd.o(.text)
    LCD_GetITStatus                          0x080093db   Thumb Code    38  stm32l1xx_lcd.o(.text)
    LCD_ClearITPendingBit                    0x08009401   Thumb Code     8  stm32l1xx_lcd.o(.text)
    PWR_DeInit                               0x08009419   Thumb Code    22  stm32l1xx_pwr.o(.text)
    PWR_RTCAccessCmd                         0x0800942f   Thumb Code     6  stm32l1xx_pwr.o(.text)
    PWR_PVDLevelConfig                       0x08009435   Thumb Code    18  stm32l1xx_pwr.o(.text)
    PWR_PVDCmd                               0x08009447   Thumb Code     6  stm32l1xx_pwr.o(.text)
    PWR_WakeUpPinCmd                         0x0800944d   Thumb Code    20  stm32l1xx_pwr.o(.text)
    PWR_FastWakeUpCmd                        0x08009461   Thumb Code     6  stm32l1xx_pwr.o(.text)
    PWR_UltraLowPowerCmd                     0x08009467   Thumb Code     6  stm32l1xx_pwr.o(.text)
    PWR_VoltageScalingConfig                 0x0800946d   Thumb Code    24  stm32l1xx_pwr.o(.text)
    PWR_EnterLowPowerRunMode                 0x08009485   Thumb Code    50  stm32l1xx_pwr.o(.text)
    PWR_EnterSleepMode                       0x080094b7   Thumb Code    42  stm32l1xx_pwr.o(.text)
    PWR_EnterSTOPMode                        0x080094e1   Thumb Code    54  stm32l1xx_pwr.o(.text)
    PWR_EnterSTANDBYMode                     0x08009517   Thumb Code    42  stm32l1xx_pwr.o(.text)
    PWR_GetFlagStatus                        0x08009541   Thumb Code    20  stm32l1xx_pwr.o(.text)
    PWR_ClearFlag                            0x08009555   Thumb Code    14  stm32l1xx_pwr.o(.text)
    RCC_DeInit                               0x08009571   Thumb Code    74  stm32l1xx_rcc.o(.text)
    RCC_HSEConfig                            0x080095bb   Thumb Code    14  stm32l1xx_rcc.o(.text)
    RCC_GetFlagStatus                        0x080095c9   Thumb Code    48  stm32l1xx_rcc.o(.text)
    RCC_WaitForHSEStartUp                    0x080095f9   Thumb Code    56  stm32l1xx_rcc.o(.text)
    RCC_AdjustMSICalibrationValue            0x08009631   Thumb Code     8  stm32l1xx_rcc.o(.text)
    RCC_MSIRangeConfig                       0x08009639   Thumb Code    20  stm32l1xx_rcc.o(.text)
    RCC_MSICmd                               0x0800964d   Thumb Code     6  stm32l1xx_rcc.o(.text)
    RCC_AdjustHSICalibrationValue            0x08009653   Thumb Code    22  stm32l1xx_rcc.o(.text)
    RCC_HSICmd                               0x08009669   Thumb Code     6  stm32l1xx_rcc.o(.text)
    RCC_LSEConfig                            0x0800966f   Thumb Code    14  stm32l1xx_rcc.o(.text)
    RCC_LSICmd                               0x0800967d   Thumb Code     6  stm32l1xx_rcc.o(.text)
    RCC_PLLConfig                            0x08009683   Thumb Code    16  stm32l1xx_rcc.o(.text)
    RCC_PLLCmd                               0x08009693   Thumb Code     6  stm32l1xx_rcc.o(.text)
    RCC_ClockSecuritySystemCmd               0x08009699   Thumb Code     6  stm32l1xx_rcc.o(.text)
    RCC_LSEClockSecuritySystemCmd            0x0800969f   Thumb Code     8  stm32l1xx_rcc.o(.text)
    RCC_MCOConfig                            0x080096a7   Thumb Code    12  stm32l1xx_rcc.o(.text)
    RCC_SYSCLKConfig                         0x080096b3   Thumb Code    20  stm32l1xx_rcc.o(.text)
    RCC_GetSYSCLKSource                      0x080096c7   Thumb Code    12  stm32l1xx_rcc.o(.text)
    RCC_HCLKConfig                           0x080096d3   Thumb Code    20  stm32l1xx_rcc.o(.text)
    RCC_PCLK1Config                          0x080096e7   Thumb Code    20  stm32l1xx_rcc.o(.text)
    RCC_PCLK2Config                          0x080096fb   Thumb Code    22  stm32l1xx_rcc.o(.text)
    RCC_GetClocksFreq                        0x08009711   Thumb Code   248  stm32l1xx_rcc.o(.text)
    RCC_RTCCLKConfig                         0x08009809   Thumb Code    64  stm32l1xx_rcc.o(.text)
    RCC_RTCCLKCmd                            0x08009849   Thumb Code     8  stm32l1xx_rcc.o(.text)
    RCC_RTCResetCmd                          0x08009851   Thumb Code     8  stm32l1xx_rcc.o(.text)
    RCC_AHBPeriphClockCmd                    0x08009859   Thumb Code    34  stm32l1xx_rcc.o(.text)
    RCC_APB2PeriphClockCmd                   0x0800987b   Thumb Code    34  stm32l1xx_rcc.o(.text)
    RCC_APB1PeriphClockCmd                   0x0800989d   Thumb Code    34  stm32l1xx_rcc.o(.text)
    RCC_AHBPeriphResetCmd                    0x080098bf   Thumb Code    34  stm32l1xx_rcc.o(.text)
    RCC_APB2PeriphResetCmd                   0x080098e1   Thumb Code    34  stm32l1xx_rcc.o(.text)
    RCC_APB1PeriphResetCmd                   0x08009903   Thumb Code    34  stm32l1xx_rcc.o(.text)
    RCC_AHBPeriphClockLPModeCmd              0x08009925   Thumb Code    34  stm32l1xx_rcc.o(.text)
    RCC_APB2PeriphClockLPModeCmd             0x08009947   Thumb Code    66  stm32l1xx_rcc.o(.text)
    RCC_APB1PeriphClockLPModeCmd             0x08009989   Thumb Code    34  stm32l1xx_rcc.o(.text)
    RCC_ITConfig                             0x080099ab   Thumb Code    34  stm32l1xx_rcc.o(.text)
    RCC_ClearFlag                            0x080099cd   Thumb Code    18  stm32l1xx_rcc.o(.text)
    RCC_GetITStatus                          0x080099df   Thumb Code    22  stm32l1xx_rcc.o(.text)
    RCC_ClearITPendingBit                    0x080099f5   Thumb Code     8  stm32l1xx_rcc.o(.text)
    RTC_WaitForSynchro                       0x08009a01   Thumb Code    92  stm32l1xx_rtc.o(.text)
    RTC_EnterInitMode                        0x08009a5d   Thumb Code    84  stm32l1xx_rtc.o(.text)
    RTC_DeInit                               0x08009ab1   Thumb Code   204  stm32l1xx_rtc.o(.text)
    RTC_ExitInitMode                         0x08009b7d   Thumb Code    18  stm32l1xx_rtc.o(.text)
    RTC_Init                                 0x08009b8f   Thumb Code    94  stm32l1xx_rtc.o(.text)
    RTC_StructInit                           0x08009bed   Thumb Code    14  stm32l1xx_rtc.o(.text)
    RTC_WriteProtectionCmd                   0x08009bfb   Thumb Code    22  stm32l1xx_rtc.o(.text)
    RTC_RefClockCmd                          0x08009c11   Thumb Code    76  stm32l1xx_rtc.o(.text)
    RTC_BypassShadowCmd                      0x08009c5d   Thumb Code    54  stm32l1xx_rtc.o(.text)
    RTC_SetTime                              0x08009cc5   Thumb Code   200  stm32l1xx_rtc.o(.text)
    RTC_TimeStructInit                       0x08009d8d   Thumb Code    12  stm32l1xx_rtc.o(.text)
    RTC_GetTime                              0x08009d99   Thumb Code    74  stm32l1xx_rtc.o(.text)
    RTC_GetSubSecond                         0x08009de3   Thumb Code    30  stm32l1xx_rtc.o(.text)
    RTC_SetDate                              0x08009e01   Thumb Code   190  stm32l1xx_rtc.o(.text)
    RTC_DateStructInit                       0x08009ebf   Thumb Code    14  stm32l1xx_rtc.o(.text)
    RTC_GetDate                              0x08009ecd   Thumb Code    70  stm32l1xx_rtc.o(.text)
    RTC_SetAlarm                             0x08009f13   Thumb Code   230  stm32l1xx_rtc.o(.text)
    RTC_AlarmStructInit                      0x08009ff9   Thumb Code    22  stm32l1xx_rtc.o(.text)
    RTC_GetAlarm                             0x0800a00f   Thumb Code   114  stm32l1xx_rtc.o(.text)
    RTC_AlarmCmd                             0x0800a081   Thumb Code   112  stm32l1xx_rtc.o(.text)
    RTC_AlarmSubSecondConfig                 0x0800a0f1   Thumb Code    46  stm32l1xx_rtc.o(.text)
    RTC_GetAlarmSubSecond                    0x0800a11f   Thumb Code    34  stm32l1xx_rtc.o(.text)
    RTC_WakeUpClockConfig                    0x0800a141   Thumb Code    42  stm32l1xx_rtc.o(.text)
    RTC_SetWakeUpCounter                     0x0800a16b   Thumb Code    22  stm32l1xx_rtc.o(.text)
    RTC_GetWakeUpCounter                     0x0800a181   Thumb Code    10  stm32l1xx_rtc.o(.text)
    RTC_WakeUpCmd                            0x0800a18b   Thumb Code   116  stm32l1xx_rtc.o(.text)
    RTC_DayLightSavingConfig                 0x0800a1ff   Thumb Code    50  stm32l1xx_rtc.o(.text)
    RTC_GetStoreOperation                    0x0800a231   Thumb Code    12  stm32l1xx_rtc.o(.text)
    RTC_OutputConfig                         0x0800a23d   Thumb Code    60  stm32l1xx_rtc.o(.text)
    RTC_CoarseCalibConfig                    0x0800a279   Thumb Code    52  stm32l1xx_rtc.o(.text)
    RTC_CoarseCalibCmd                       0x0800a2ad   Thumb Code    76  stm32l1xx_rtc.o(.text)
    RTC_CalibOutputCmd                       0x0800a2f9   Thumb Code    54  stm32l1xx_rtc.o(.text)
    RTC_CalibOutputConfig                    0x0800a32f   Thumb Code    42  stm32l1xx_rtc.o(.text)
    RTC_SmoothCalibConfig                    0x0800a359   Thumb Code    90  stm32l1xx_rtc.o(.text)
    RTC_TimeStampCmd                         0x0800a3b3   Thumb Code    54  stm32l1xx_rtc.o(.text)
    RTC_GetTimeStamp                         0x0800a3e9   Thumb Code   144  stm32l1xx_rtc.o(.text)
    RTC_GetTimeStampSubSecond                0x0800a479   Thumb Code     8  stm32l1xx_rtc.o(.text)
    RTC_TamperTriggerConfig                  0x0800a481   Thumb Code    38  stm32l1xx_rtc.o(.text)
    RTC_TamperCmd                            0x0800a4a7   Thumb Code    34  stm32l1xx_rtc.o(.text)
    RTC_TamperFilterConfig                   0x0800a4c9   Thumb Code    26  stm32l1xx_rtc.o(.text)
    RTC_TamperSamplingFreqConfig             0x0800a4e3   Thumb Code    26  stm32l1xx_rtc.o(.text)
    RTC_TamperPinsPrechargeDuration          0x0800a4fd   Thumb Code    26  stm32l1xx_rtc.o(.text)
    RTC_TimeStampOnTamperDetectionCmd        0x0800a517   Thumb Code    38  stm32l1xx_rtc.o(.text)
    RTC_TamperPullUpCmd                      0x0800a53d   Thumb Code    38  stm32l1xx_rtc.o(.text)
    RTC_WriteBackupRegister                  0x0800a563   Thumb Code    26  stm32l1xx_rtc.o(.text)
    RTC_ReadBackupRegister                   0x0800a57d   Thumb Code    28  stm32l1xx_rtc.o(.text)
    RTC_OutputTypeConfig                     0x0800a599   Thumb Code    26  stm32l1xx_rtc.o(.text)
    RTC_SynchroShiftConfig                   0x0800a5b3   Thumb Code   118  stm32l1xx_rtc.o(.text)
    RTC_ITConfig                             0x0800a629   Thumb Code   108  stm32l1xx_rtc.o(.text)
    RTC_GetFlagStatus                        0x0800a695   Thumb Code    32  stm32l1xx_rtc.o(.text)
    RTC_ClearFlag                            0x0800a6b5   Thumb Code    30  stm32l1xx_rtc.o(.text)
    RTC_GetITStatus                          0x0800a6d3   Thumb Code    68  stm32l1xx_rtc.o(.text)
    RTC_ClearITPendingBit                    0x0800a717   Thumb Code    32  stm32l1xx_rtc.o(.text)
    SPI_I2S_DeInit                           0x0800a741   Thumb Code    76  stm32l1xx_spi.o(.text)
    SPI_Init                                 0x0800a78d   Thumb Code    60  stm32l1xx_spi.o(.text)
    I2S_Init                                 0x0800a7c9   Thumb Code   212  stm32l1xx_spi.o(.text)
    SPI_StructInit                           0x0800a89d   Thumb Code    24  stm32l1xx_spi.o(.text)
    I2S_StructInit                           0x0800a8b5   Thumb Code    20  stm32l1xx_spi.o(.text)
    SPI_Cmd                                  0x0800a8c9   Thumb Code    24  stm32l1xx_spi.o(.text)
    I2S_Cmd                                  0x0800a8e1   Thumb Code    24  stm32l1xx_spi.o(.text)
    SPI_DataSizeConfig                       0x0800a8f9   Thumb Code    18  stm32l1xx_spi.o(.text)
    SPI_BiDirectionalLineConfig              0x0800a90b   Thumb Code    28  stm32l1xx_spi.o(.text)
    SPI_NSSInternalSoftwareConfig            0x0800a927   Thumb Code    30  stm32l1xx_spi.o(.text)
    SPI_SSOutputCmd                          0x0800a945   Thumb Code    24  stm32l1xx_spi.o(.text)
    SPI_I2S_ReceiveData                      0x0800a95d   Thumb Code     6  stm32l1xx_spi.o(.text)
    SPI_I2S_SendData                         0x0800a963   Thumb Code     4  stm32l1xx_spi.o(.text)
    SPI_CalculateCRC                         0x0800a967   Thumb Code    24  stm32l1xx_spi.o(.text)
    SPI_TransmitCRC                          0x0800a97f   Thumb Code    10  stm32l1xx_spi.o(.text)
    SPI_GetCRC                               0x0800a989   Thumb Code    16  stm32l1xx_spi.o(.text)
    SPI_GetCRCPolynomial                     0x0800a999   Thumb Code     6  stm32l1xx_spi.o(.text)
    SPI_I2S_DMACmd                           0x0800a99f   Thumb Code    18  stm32l1xx_spi.o(.text)
    SPI_I2S_ITConfig                         0x0800a9b1   Thumb Code    32  stm32l1xx_spi.o(.text)
    SPI_I2S_GetFlagStatus                    0x0800a9d1   Thumb Code    18  stm32l1xx_spi.o(.text)
    SPI_I2S_ClearFlag                        0x0800a9e3   Thumb Code     6  stm32l1xx_spi.o(.text)
    SPI_I2S_GetITStatus                      0x0800a9e9   Thumb Code    52  stm32l1xx_spi.o(.text)
    SPI_I2S_ClearITPendingBit                0x0800aa1d   Thumb Code    20  stm32l1xx_spi.o(.text)
    SYSCFG_DeInit                            0x0800aa3d   Thumb Code    20  stm32l1xx_syscfg.o(.text)
    SYSCFG_RIDeInit                          0x0800aa51   Thumb Code    32  stm32l1xx_syscfg.o(.text)
    SYSCFG_MemoryRemapConfig                 0x0800aa71   Thumb Code     6  stm32l1xx_syscfg.o(.text)
    SYSCFG_GetBootMode                       0x0800aa77   Thumb Code    10  stm32l1xx_syscfg.o(.text)
    SYSCFG_USBPuCmd                          0x0800aa81   Thumb Code    30  stm32l1xx_syscfg.o(.text)
    SYSCFG_EXTILineConfig                    0x0800aa9f   Thumb Code    66  stm32l1xx_syscfg.o(.text)
    SYSCFG_RITIMSelect                       0x0800aae1   Thumb Code    18  stm32l1xx_syscfg.o(.text)
    SYSCFG_RITIMInputCaptureConfig           0x0800aaf3   Thumb Code    86  stm32l1xx_syscfg.o(.text)
    SYSCFG_RIResistorConfig                  0x0800ab49   Thumb Code    34  stm32l1xx_syscfg.o(.text)
    SYSCFG_RIChannelSpeedConfig              0x0800ab6b   Thumb Code    34  stm32l1xx_syscfg.o(.text)
    SYSCFG_RIIOSwitchConfig                  0x0800ab8d   Thumb Code    80  stm32l1xx_syscfg.o(.text)
    SYSCFG_RISwitchControlModeCmd            0x0800abdd   Thumb Code    38  stm32l1xx_syscfg.o(.text)
    SYSCFG_RIHysteresisConfig                0x0800ac03   Thumb Code   282  stm32l1xx_syscfg.o(.text)
    TIM_DeInit                               0x0800ad25   Thumb Code   220  stm32l1xx_tim.o(.text)
    TIM_TimeBaseInit                         0x0800ae01   Thumb Code    76  stm32l1xx_tim.o(.text)
    TIM_TimeBaseStructInit                   0x0800ae4d   Thumb Code    16  stm32l1xx_tim.o(.text)
    TIM_PrescalerConfig                      0x0800ae5d   Thumb Code     6  stm32l1xx_tim.o(.text)
    TIM_CounterModeConfig                    0x0800ae63   Thumb Code    18  stm32l1xx_tim.o(.text)
    TIM_SetCounter                           0x0800ae75   Thumb Code     4  stm32l1xx_tim.o(.text)
    TIM_SetAutoreload                        0x0800ae79   Thumb Code     4  stm32l1xx_tim.o(.text)
    TIM_GetCounter                           0x0800ae7d   Thumb Code     6  stm32l1xx_tim.o(.text)
    TIM_GetPrescaler                         0x0800ae83   Thumb Code     6  stm32l1xx_tim.o(.text)
    TIM_UpdateDisableConfig                  0x0800ae89   Thumb Code    24  stm32l1xx_tim.o(.text)
    TIM_UpdateRequestConfig                  0x0800aea1   Thumb Code    24  stm32l1xx_tim.o(.text)
    TIM_ARRPreloadConfig                     0x0800aeb9   Thumb Code    24  stm32l1xx_tim.o(.text)
    TIM_SelectOnePulseMode                   0x0800aed1   Thumb Code    18  stm32l1xx_tim.o(.text)
    TIM_SetClockDivision                     0x0800aee3   Thumb Code    18  stm32l1xx_tim.o(.text)
    TIM_Cmd                                  0x0800aef5   Thumb Code    24  stm32l1xx_tim.o(.text)
    TIM_OC1Init                              0x0800af0d   Thumb Code    56  stm32l1xx_tim.o(.text)
    TIM_OC2Init                              0x0800af45   Thumb Code    70  stm32l1xx_tim.o(.text)
    TIM_OC3Init                              0x0800af8b   Thumb Code    66  stm32l1xx_tim.o(.text)
    TIM_OC4Init                              0x0800afcd   Thumb Code    70  stm32l1xx_tim.o(.text)
    TIM_OCStructInit                         0x0800b013   Thumb Code    12  stm32l1xx_tim.o(.text)
    TIM_SelectOCxM                           0x0800b01f   Thumb Code    82  stm32l1xx_tim.o(.text)
    TIM_SetCompare1                          0x0800b071   Thumb Code     4  stm32l1xx_tim.o(.text)
    TIM_SetCompare2                          0x0800b075   Thumb Code     4  stm32l1xx_tim.o(.text)
    TIM_SetCompare3                          0x0800b079   Thumb Code     4  stm32l1xx_tim.o(.text)
    TIM_SetCompare4                          0x0800b07d   Thumb Code     4  stm32l1xx_tim.o(.text)
    TIM_ForcedOC1Config                      0x0800b081   Thumb Code    18  stm32l1xx_tim.o(.text)
    TIM_ForcedOC2Config                      0x0800b093   Thumb Code    26  stm32l1xx_tim.o(.text)
    TIM_ForcedOC3Config                      0x0800b0ad   Thumb Code    18  stm32l1xx_tim.o(.text)
    TIM_ForcedOC4Config                      0x0800b0bf   Thumb Code    26  stm32l1xx_tim.o(.text)
    TIM_OC1PreloadConfig                     0x0800b0d9   Thumb Code    18  stm32l1xx_tim.o(.text)
    TIM_OC2PreloadConfig                     0x0800b0eb   Thumb Code    26  stm32l1xx_tim.o(.text)
    TIM_OC3PreloadConfig                     0x0800b105   Thumb Code    18  stm32l1xx_tim.o(.text)
    TIM_OC4PreloadConfig                     0x0800b117   Thumb Code    58  stm32l1xx_tim.o(.text)
    TIM_OC1FastConfig                        0x0800b151   Thumb Code    18  stm32l1xx_tim.o(.text)
    TIM_OC2FastConfig                        0x0800b163   Thumb Code    26  stm32l1xx_tim.o(.text)
    TIM_OC3FastConfig                        0x0800b17d   Thumb Code    18  stm32l1xx_tim.o(.text)
    TIM_OC4FastConfig                        0x0800b18f   Thumb Code    26  stm32l1xx_tim.o(.text)
    TIM_ClearOC1Ref                          0x0800b1a9   Thumb Code    18  stm32l1xx_tim.o(.text)
    TIM_ClearOC2Ref                          0x0800b1bb   Thumb Code    24  stm32l1xx_tim.o(.text)
    TIM_ClearOC3Ref                          0x0800b1d3   Thumb Code    18  stm32l1xx_tim.o(.text)
    TIM_ClearOC4Ref                          0x0800b1e5   Thumb Code    24  stm32l1xx_tim.o(.text)
    TIM_OC1PolarityConfig                    0x0800b1fd   Thumb Code    18  stm32l1xx_tim.o(.text)
    TIM_OC2PolarityConfig                    0x0800b20f   Thumb Code    26  stm32l1xx_tim.o(.text)
    TIM_OC3PolarityConfig                    0x0800b229   Thumb Code    26  stm32l1xx_tim.o(.text)
    TIM_OC4PolarityConfig                    0x0800b243   Thumb Code    26  stm32l1xx_tim.o(.text)
    TIM_SelectOCREFClear                     0x0800b25d   Thumb Code    18  stm32l1xx_tim.o(.text)
    TIM_CCxCmd                               0x0800b26f   Thumb Code    30  stm32l1xx_tim.o(.text)
    TIM_SetIC4Prescaler                      0x0800b28d   Thumb Code    26  stm32l1xx_tim.o(.text)
    TIM_SetIC3Prescaler                      0x0800b2f7   Thumb Code    18  stm32l1xx_tim.o(.text)
    TIM_SetIC2Prescaler                      0x0800b351   Thumb Code    26  stm32l1xx_tim.o(.text)
    TIM_SetIC1Prescaler                      0x0800b3bb   Thumb Code    18  stm32l1xx_tim.o(.text)
    TIM_ICInit                               0x0800b407   Thumb Code   110  stm32l1xx_tim.o(.text)
    TIM_ICStructInit                         0x0800b475   Thumb Code    18  stm32l1xx_tim.o(.text)
    TIM_PWMIConfig                           0x0800b487   Thumb Code   124  stm32l1xx_tim.o(.text)
    TIM_GetCapture1                          0x0800b503   Thumb Code     6  stm32l1xx_tim.o(.text)
    TIM_GetCapture2                          0x0800b509   Thumb Code     6  stm32l1xx_tim.o(.text)
    TIM_GetCapture3                          0x0800b50f   Thumb Code     6  stm32l1xx_tim.o(.text)
    TIM_GetCapture4                          0x0800b515   Thumb Code     6  stm32l1xx_tim.o(.text)
    TIM_ITConfig                             0x0800b51b   Thumb Code    18  stm32l1xx_tim.o(.text)
    TIM_GenerateEvent                        0x0800b52d   Thumb Code     4  stm32l1xx_tim.o(.text)
    TIM_GetFlagStatus                        0x0800b531   Thumb Code    18  stm32l1xx_tim.o(.text)
    TIM_ClearFlag                            0x0800b543   Thumb Code     6  stm32l1xx_tim.o(.text)
    TIM_GetITStatus                          0x0800b549   Thumb Code    34  stm32l1xx_tim.o(.text)
    TIM_ClearITPendingBit                    0x0800b56b   Thumb Code     6  stm32l1xx_tim.o(.text)
    TIM_DMAConfig                            0x0800b571   Thumb Code    10  stm32l1xx_tim.o(.text)
    TIM_DMACmd                               0x0800b57b   Thumb Code    18  stm32l1xx_tim.o(.text)
    TIM_SelectCCDMA                          0x0800b58d   Thumb Code    24  stm32l1xx_tim.o(.text)
    TIM_InternalClockConfig                  0x0800b5a5   Thumb Code    12  stm32l1xx_tim.o(.text)
    TIM_SelectInputTrigger                   0x0800b5b1   Thumb Code    18  stm32l1xx_tim.o(.text)
    TIM_ITRxExternalClockConfig              0x0800b5c3   Thumb Code    24  stm32l1xx_tim.o(.text)
    TIM_TIxExternalClockConfig               0x0800b5db   Thumb Code    62  stm32l1xx_tim.o(.text)
    TIM_ETRConfig                            0x0800b619   Thumb Code    28  stm32l1xx_tim.o(.text)
    TIM_ETRClockMode1Config                  0x0800b635   Thumb Code    54  stm32l1xx_tim.o(.text)
    TIM_ETRClockMode2Config                  0x0800b66b   Thumb Code    32  stm32l1xx_tim.o(.text)
    TIM_SelectOutputTrigger                  0x0800b68b   Thumb Code    18  stm32l1xx_tim.o(.text)
    TIM_SelectSlaveMode                      0x0800b69d   Thumb Code    18  stm32l1xx_tim.o(.text)
    TIM_SelectMasterSlaveMode                0x0800b6af   Thumb Code    18  stm32l1xx_tim.o(.text)
    TIM_EncoderInterfaceConfig               0x0800b6c1   Thumb Code    66  stm32l1xx_tim.o(.text)
    TIM_SelectHallSensor                     0x0800b703   Thumb Code    24  stm32l1xx_tim.o(.text)
    TIM_RemapConfig                          0x0800b71b   Thumb Code    22  stm32l1xx_tim.o(.text)
    USART_DeInit                             0x0800b731   Thumb Code   134  stm32l1xx_usart.o(.text)
    USART_Init                               0x0800b7b7   Thumb Code   198  stm32l1xx_usart.o(.text)
    USART_StructInit                         0x0800b87d   Thumb Code    24  stm32l1xx_usart.o(.text)
    USART_ClockInit                          0x0800b895   Thumb Code    32  stm32l1xx_usart.o(.text)
    USART_ClockStructInit                    0x0800b8b5   Thumb Code    12  stm32l1xx_usart.o(.text)
    USART_Cmd                                0x0800b8c1   Thumb Code    24  stm32l1xx_usart.o(.text)
    USART_SetPrescaler                       0x0800b8d9   Thumb Code    16  stm32l1xx_usart.o(.text)
    USART_OverSampling8Cmd                   0x0800b8e9   Thumb Code    22  stm32l1xx_usart.o(.text)
    USART_OneBitMethodCmd                    0x0800b8ff   Thumb Code    24  stm32l1xx_usart.o(.text)
    USART_SendData                           0x0800b917   Thumb Code     8  stm32l1xx_usart.o(.text)
    USART_ReceiveData                        0x0800b91f   Thumb Code    10  stm32l1xx_usart.o(.text)
    USART_SetAddress                         0x0800b929   Thumb Code    18  stm32l1xx_usart.o(.text)
    USART_ReceiverWakeUpCmd                  0x0800b93b   Thumb Code    24  stm32l1xx_usart.o(.text)
    USART_WakeUpConfig                       0x0800b953   Thumb Code    18  stm32l1xx_usart.o(.text)
    USART_LINBreakDetectLengthConfig         0x0800b965   Thumb Code    18  stm32l1xx_usart.o(.text)
    USART_LINCmd                             0x0800b977   Thumb Code    24  stm32l1xx_usart.o(.text)
    USART_SendBreak                          0x0800b98f   Thumb Code    10  stm32l1xx_usart.o(.text)
    USART_HalfDuplexCmd                      0x0800b999   Thumb Code    24  stm32l1xx_usart.o(.text)
    USART_SetGuardTime                       0x0800b9b1   Thumb Code    16  stm32l1xx_usart.o(.text)
    USART_SmartCardCmd                       0x0800b9c1   Thumb Code    24  stm32l1xx_usart.o(.text)
    USART_SmartCardNACKCmd                   0x0800b9d9   Thumb Code    24  stm32l1xx_usart.o(.text)
    USART_IrDAConfig                         0x0800b9f1   Thumb Code    18  stm32l1xx_usart.o(.text)
    USART_IrDACmd                            0x0800ba03   Thumb Code    24  stm32l1xx_usart.o(.text)
    USART_DMACmd                             0x0800ba1b   Thumb Code    18  stm32l1xx_usart.o(.text)
    USART_ITConfig                           0x0800ba2d   Thumb Code    74  stm32l1xx_usart.o(.text)
    USART_GetFlagStatus                      0x0800ba77   Thumb Code    26  stm32l1xx_usart.o(.text)
    USART_ClearFlag                          0x0800ba91   Thumb Code    18  stm32l1xx_usart.o(.text)
    USART_GetITStatus                        0x0800baa3   Thumb Code    84  stm32l1xx_usart.o(.text)
    USART_ClearITPendingBit                  0x0800baf7   Thumb Code    50  stm32l1xx_usart.o(.text)
    msg_analyser_register                    0x0800bb29   Thumb Code    34  stm32l1xx_usart.o(.text)
    USART1_IRQHandler                        0x0800bb4b   Thumb Code   432  stm32l1xx_usart.o(.text)
    SystemInit                               0x0800bdfd   Thumb Code    88  system_stm32l1xx.o(.text)
    SystemCoreClockUpdate                    0x0800be55   Thumb Code   204  system_stm32l1xx.o(.text)
    dwt_getrangebias                         0x0800bf4d   Thumb Code   254  deca_range_tables.o(.text)
    dwt_writetodevice                        0x0800c071   Thumb Code   138  deca_device.o(.text)
    dwt_write16bitoffsetreg                  0x0800c0fb   Thumb Code    38  deca_device.o(.text)
    dwt_write32bitoffsetreg                  0x0800c121   Thumb Code    48  deca_device.o(.text)
    dwt_readfromdevice                       0x0800c151   Thumb Code   134  deca_device.o(.text)
    dwt_read32bitoffsetreg                   0x0800c1d7   Thumb Code    56  deca_device.o(.text)
    _dwt_enableclocks                        0x0800c20f   Thumb Code   314  deca_device.o(.text)
    _dwt_loaducodefromrom                    0x0800c349   Thumb Code    82  deca_device.o(.text)
    _dwt_nvmread                             0x0800c39b   Thumb Code    84  deca_device.o(.text)
    dwt_readdevid                            0x0800c3ef   Thumb Code    12  deca_device.o(.text)
    dwt_initialise                           0x0800c3fb   Thumb Code   306  deca_device.o(.text)
    dwt_getpartid                            0x0800c52d   Thumb Code     6  deca_device.o(.text)
    dwt_getlotid                             0x0800c533   Thumb Code     6  deca_device.o(.text)
    dwt_configuretxrf                        0x0800c539   Thumb Code    28  deca_device.o(.text)
    dwt_getotptxpower                        0x0800c555   Thumb Code    22  deca_device.o(.text)
    dwt_settxantennadelay                    0x0800c56b   Thumb Code    20  deca_device.o(.text)
    dwt_setrxantennadelay                    0x0800c57f   Thumb Code    22  deca_device.o(.text)
    dwt_xtaltrim                             0x0800c595   Thumb Code    48  deca_device.o(.text)
    _dwt_configlde                           0x0800c5c5   Thumb Code    56  deca_device.o(.text)
    dwt_configure                            0x0800c5fd   Thumb Code   630  deca_device.o(.text)
    dwt_readantennadelay                     0x0800c873   Thumb Code    16  deca_device.o(.text)
    dwt_writetxdata                          0x0800c883   Thumb Code    38  deca_device.o(.text)
    dwt_writetxfctrl                         0x0800c8a9   Thumb Code    30  deca_device.o(.text)
    dwt_readrxdata                           0x0800c8c7   Thumb Code    22  deca_device.o(.text)
    dwt_readaccdata                          0x0800c8dd   Thumb Code    34  deca_device.o(.text)
    dwt_read16bitoffsetreg                   0x0800c8ff   Thumb Code    44  deca_device.o(.text)
    dwt_readdignostics                       0x0800c92b   Thumb Code   126  deca_device.o(.text)
    dwt_readtxtimestamp                      0x0800c9a9   Thumb Code    18  deca_device.o(.text)
    dwt_readtxtimestamphi32                  0x0800c9bb   Thumb Code    12  deca_device.o(.text)
    dwt_readrxtimestamp                      0x0800c9c7   Thumb Code    18  deca_device.o(.text)
    dwt_readrxtimestamphi32                  0x0800c9d9   Thumb Code    12  deca_device.o(.text)
    dwt_readsystimestamphi32                 0x0800c9e5   Thumb Code    12  deca_device.o(.text)
    dwt_readsystime                          0x0800c9f1   Thumb Code    18  deca_device.o(.text)
    dwt_enableframefilter                    0x0800ca03   Thumb Code    50  deca_device.o(.text)
    dwt_setpanid                             0x0800ca35   Thumb Code    16  deca_device.o(.text)
    dwt_setaddress16                         0x0800ca45   Thumb Code    16  deca_device.o(.text)
    dwt_seteui                               0x0800ca55   Thumb Code    18  deca_device.o(.text)
    dwt_geteui                               0x0800ca67   Thumb Code    18  deca_device.o(.text)
    _dwt_nvmsetmrregs                        0x0800ca79   Thumb Code   612  deca_device.o(.text)
    _dwt_nvmprogword32                       0x0800ccdd   Thumb Code   176  deca_device.o(.text)
    dwt_otpwriteandverify                    0x0800cd8d   Thumb Code    94  deca_device.o(.text)
    _dwt_aonconfigupload                     0x0800cdeb   Thumb Code    36  deca_device.o(.text)
    _dwt_aonarrayupload                      0x0800ce0f   Thumb Code    36  deca_device.o(.text)
    dwt_entersleep                           0x0800ce33   Thumb Code     8  deca_device.o(.text)
    dwt_configuresleepcnt                    0x0800ce3b   Thumb Code   132  deca_device.o(.text)
    dwt_calibratesleepcnt                    0x0800cebf   Thumb Code   260  deca_device.o(.text)
    dwt_configuresleep                       0x0800cfc3   Thumb Code    32  deca_device.o(.text)
    dwt_entersleepaftertx                    0x0800cfe3   Thumb Code    38  deca_device.o(.text)
    dwt_spicswakeup                          0x0800d009   Thumb Code    58  deca_device.o(.text)
    dwt_loadopsettabfromotp                  0x0800d043   Thumb Code    76  deca_device.o(.text)
    dwt_setsmarttxpower                      0x0800d08f   Thumb Code    56  deca_device.o(.text)
    dwt_enableautoack                        0x0800d0c7   Thumb Code    54  deca_device.o(.text)
    dwt_setdblrxbuffmode                     0x0800d0fd   Thumb Code    58  deca_device.o(.text)
    dwt_setautorxreenable                    0x0800d137   Thumb Code    46  deca_device.o(.text)
    dwt_setrxaftertxdelay                    0x0800d165   Thumb Code    36  deca_device.o(.text)
    dwt_setcallbacks                         0x0800d189   Thumb Code     8  deca_device.o(.text)
    dwt_isr                                  0x0800d191   Thumb Code   370  deca_device.o(.text)
    dwt_setleds                              0x0800d303   Thumb Code   196  deca_device.o(.text)
    _dwt_checkclkplllock                     0x0800d3c7   Thumb Code    64  deca_device.o(.text)
    _dwt_disablesequencing                   0x0800d407   Thumb Code    20  deca_device.o(.text)
    dwt_setdelayedtrxtime                    0x0800d41b   Thumb Code    16  deca_device.o(.text)
    dwt_starttx                              0x0800d42b   Thumb Code   122  deca_device.o(.text)
    dwt_syncrxbufptrs                        0x0800d4a5   Thumb Code    64  deca_device.o(.text)
    dwt_forcetrxoff                          0x0800d4e5   Thumb Code    50  deca_device.o(.text)
    dwt_setrxmode                            0x0800d517   Thumb Code    46  deca_device.o(.text)
    dwt_rxenable                             0x0800d545   Thumb Code    76  deca_device.o(.text)
    dwt_setrxtimeout                         0x0800d591   Thumb Code   102  deca_device.o(.text)
    dwt_setpreambledetecttimeout             0x0800d5f7   Thumb Code    16  deca_device.o(.text)
    decamutexon                              0x0800d607   Thumb Code    34  deca_device.o(.text)
    decamutexoff                             0x0800d629   Thumb Code    32  deca_device.o(.text)
    dwt_setinterrupt                         0x0800d649   Thumb Code    52  deca_device.o(.text)
    dwt_configeventcounters                  0x0800d67d   Thumb Code    44  deca_device.o(.text)
    dwt_readeventcounters                    0x0800d6a9   Thumb Code   138  deca_device.o(.text)
    dwt_rxreset                              0x0800d733   Thumb Code    36  deca_device.o(.text)
    dwt_softreset                            0x0800d757   Thumb Code   100  deca_device.o(.text)
    dwt_configcwmode                         0x0800d7bb   Thumb Code   144  deca_device.o(.text)
    dwt_configcontinuousframemode            0x0800d84b   Thumb Code    78  deca_device.o(.text)
    dwt_readtempvbat                         0x0800d899   Thumb Code   186  deca_device.o(.text)
    dwt_readwakeuptemp                       0x0800d953   Thumb Code    20  deca_device.o(.text)
    dwt_readwakeupvbat                       0x0800d967   Thumb Code    20  deca_device.o(.text)
    vPutC                                    0x0800d97d   Thumb Code    30  printf_util.o(.text)
    vInitPrintf                              0x0800d99b   Thumb Code     6  printf_util.o(.text)
    PrintfUtil_u8Init                        0x0800d9a1   Thumb Code    12  printf_util.o(.text)
    vNum2String                              0x0800d9ad   Thumb Code    94  printf_util.o(.text)
    PrintfUtil_vPrintf                       0x0800da0b   Thumb Code   304  printf_util.o(.text)
    PrintfUtil_vPrintMem                     0x0800db3b   Thumb Code    32  printf_util.o(.text)
    __aeabi_uldivmod                         0x0800db6d   Thumb Code    98  uldiv.o(.text)
    __aeabi_memcpy                           0x0800dbcf   Thumb Code    36  memcpya.o(.text)
    __aeabi_memcpy4                          0x0800dbcf   Thumb Code     0  memcpya.o(.text)
    __aeabi_memcpy8                          0x0800dbcf   Thumb Code     0  memcpya.o(.text)
    __aeabi_memset                           0x0800dbf3   Thumb Code    14  memseta.o(.text)
    __aeabi_memset4                          0x0800dbf3   Thumb Code     0  memseta.o(.text)
    __aeabi_memset8                          0x0800dbf3   Thumb Code     0  memseta.o(.text)
    __aeabi_memclr                           0x0800dc01   Thumb Code     4  memseta.o(.text)
    __aeabi_memclr4                          0x0800dc01   Thumb Code     0  memseta.o(.text)
    __aeabi_memclr8                          0x0800dc01   Thumb Code     0  memseta.o(.text)
    _memset$wrapper                          0x0800dc05   Thumb Code    18  memseta.o(.text)
    __aeabi_fmul                             0x0800dc17   Thumb Code   108  fmul.o(.text)
    __aeabi_fdiv                             0x0800dc83   Thumb Code   128  fdiv.o(.text)
    __aeabi_dadd                             0x0800dd03   Thumb Code   322  dadd.o(.text)
    __aeabi_dsub                             0x0800de45   Thumb Code     6  dadd.o(.text)
    __aeabi_drsub                            0x0800de4b   Thumb Code     6  dadd.o(.text)
    __aeabi_dmul                             0x0800de51   Thumb Code   228  dmul.o(.text)
    __aeabi_ddiv                             0x0800df35   Thumb Code   222  ddiv.o(.text)
    __aeabi_i2f                              0x0800e013   Thumb Code    18  fflti.o(.text)
    __aeabi_ui2f                             0x0800e025   Thumb Code    10  ffltui.o(.text)
    __aeabi_i2d                              0x0800e02f   Thumb Code    34  dflti.o(.text)
    __aeabi_ui2d                             0x0800e051   Thumb Code    26  dfltui.o(.text)
    __aeabi_l2d                              0x0800e06b   Thumb Code    40  dfltl.o(.text)
    __aeabi_f2uiz                            0x0800e093   Thumb Code    40  ffixui.o(.text)
    __aeabi_d2iz                             0x0800e0bb   Thumb Code    62  dfixi.o(.text)
    __aeabi_d2uiz                            0x0800e0f9   Thumb Code    50  dfixui.o(.text)
    __aeabi_d2ulz                            0x0800e12b   Thumb Code    48  dfixul.o(.text)
    __aeabi_f2d                              0x0800e15b   Thumb Code    38  f2d.o(.text)
    __aeabi_cdcmpeq                          0x0800e181   Thumb Code     0  cdcmple.o(.text)
    __aeabi_cdcmple                          0x0800e181   Thumb Code    38  cdcmple.o(.text)
    __aeabi_cdrcmple                         0x0800e1a9   Thumb Code    38  cdrcmple.o(.text)
    __aeabi_d2f                              0x0800e1d1   Thumb Code    56  d2f.o(.text)
    __aeabi_llsl                             0x0800e209   Thumb Code    30  llshl.o(.text)
    _ll_shift_l                              0x0800e209   Thumb Code     0  llshl.o(.text)
    __aeabi_llsr                             0x0800e227   Thumb Code    32  llushr.o(.text)
    _ll_ushift_r                             0x0800e227   Thumb Code     0  llushr.o(.text)
    __aeabi_lasr                             0x0800e247   Thumb Code    36  llsshr.o(.text)
    _ll_sshift_r                             0x0800e247   Thumb Code     0  llsshr.o(.text)
    __I$use$fp                               0x0800e26b   Thumb Code     0  iusefp.o(.text)
    _float_round                             0x0800e26b   Thumb Code    18  fepilogue.o(.text)
    _float_epilogue                          0x0800e27d   Thumb Code    90  fepilogue.o(.text)
    _double_round                            0x0800e2d7   Thumb Code    26  depilogue.o(.text)
    _double_epilogue                         0x0800e2f1   Thumb Code   164  depilogue.o(.text)
    __ARM_scalbn                             0x0800e395   Thumb Code    46  dscalb.o(.text)
    scalbn                                   0x0800e395   Thumb Code     0  dscalb.o(.text)
    __scatterload                            0x0800e3c5   Thumb Code    28  init.o(.text)
    __scatterload_rt2                        0x0800e3c5   Thumb Code     0  init.o(.text)
    __decompress                             0x0800e3e9   Thumb Code     0  __dczerorl2.o(.text)
    __decompress1                            0x0800e3e9   Thumb Code    92  __dczerorl2.o(.text)
    __0printf$bare                           0x0800e445   Thumb Code     8  printfb.o(i.__0printf$bare)
    __1printf$bare                           0x0800e445   Thumb Code     0  printfb.o(i.__0printf$bare)
    __2printf                                0x0800e445   Thumb Code     0  printfb.o(i.__0printf$bare)
    __kernel_poly                            0x0800e455   Thumb Code   170  poly.o(i.__kernel_poly)
    __scatterload_copy                       0x0800e4ff   Thumb Code    14  handlers.o(i.__scatterload_copy)
    __scatterload_null                       0x0800e50d   Thumb Code     2  handlers.o(i.__scatterload_null)
    __scatterload_zeroinit                   0x0800e50f   Thumb Code    14  handlers.o(i.__scatterload_zeroinit)
    __set_errno                              0x0800e51d   Thumb Code     6  errno.o(i.__set_errno)
    log                                      0x0800e54d   Thumb Code   822  log.o(i.log)
    log10                                    0x0800e8bd   Thumb Code   212  log10.o(i.log10)
    txSpectrumConfig                         0x0800e9b0   Data          96  instance.o(.constdata)
    rfDelays                                 0x0800ea10   Data           4  instance.o(.constdata)
    chan_idxnb                               0x0800ea93   Data           8  deca_range_tables.o(.constdata)
    chan_idxwb                               0x0800ea9b   Data           8  deca_range_tables.o(.constdata)
    range25cm16PRFnb                         0x0800eaa3   Data         148  deca_range_tables.o(.constdata)
    range25cm16PRFwb                         0x0800eb37   Data         136  deca_range_tables.o(.constdata)
    range25cm64PRFnb                         0x0800ebbf   Data         104  deca_range_tables.o(.constdata)
    range25cm64PRFwb                         0x0800ec27   Data         118  deca_range_tables.o(.constdata)
    chan_idx                                 0x0800ecec   Data           8  deca_params_init.o(.constdata)
    tx_config                                0x0800ecf4   Data          24  deca_params_init.o(.constdata)
    pll2_config                              0x0800ed0c   Data          30  deca_params_init.o(.constdata)
    pll2calcfg                               0x0800ed2a   Data           1  deca_params_init.o(.constdata)
    rx_config                                0x0800ed2b   Data           2  deca_params_init.o(.constdata)
    agc_config                               0x0800ed30   Data           8  deca_params_init.o(.constdata)
    dwnsSFDlen                               0x0800ed38   Data           3  deca_params_init.o(.constdata)
    sftsh                                    0x0800ed3c   Data          12  deca_params_init.o(.constdata)
    dtune1                                   0x0800ed48   Data           4  deca_params_init.o(.constdata)
    digital_bb_config                        0x0800ed4c   Data          32  deca_params_init.o(.constdata)
    lde_replicaCoeff                         0x0800ed6c   Data          50  deca_params_init.o(.constdata)
    __mathlib_zero                           0x0800edd8   Data           8  qnan.o(.constdata)
    Region$$Table$$Base                      0x0800ede0   Number         0  anon$$obj.o(Region$$Table)
    Region$$Table$$Limit                     0x0800ee00   Number         0  anon$$obj.o(Region$$Table)
    set_helpover_sleep                       0x2000003f   Data           1  application.o(.data)
    u16CardMotionTimeout                     0x20000040   Data           2  application.o(.data)
    u16CardMotionCnt                         0x20000042   Data           2  application.o(.data)
    isMoving                                 0x20000044   Data           1  application.o(.data)
    u8HelpCnt                                0x20000045   Data           1  application.o(.data)
    u16ArmId                                 0x20000046   Data           2  application.o(.data)
    u8ReportStatusNum                        0x20000048   Data           1  application.o(.data)
    u16Hdl_tx_frame_cnt                      0x2000004a   Data           2  application.o(.data)
    cur_slot                                 0x2000004e   Data           1  application.o(.data)
    tof_count                                0x2000004f   Data           1  application.o(.data)
    next_retreat                             0x20000050   Data           1  application.o(.data)
    count_tof                                0x20000052   Data           2  application.o(.data)
    pretick                                  0x20000054   Data           4  application.o(.data)
    quiet_count                              0x20000058   Data           1  application.o(.data)
    newstarttype                             0x20000059   Data           1  application.o(.data)
    avg_tof_tick                             0x2000005a   Data           1  application.o(.data)
    ever_rev_dis                             0x2000005b   Data           1  application.o(.data)
    bool_check_poll                          0x2000005c   Data           1  application.o(.data)
    tStationStatus                           0x2000005d   Data           1  application.o(.data)
    U8iCount                                 0x2000005e   Data           1  application.o(.data)
    u8ExciteTure                             0x2000005f   Data           1  application.o(.data)
    U16ExciterID                             0x20000060   Data           2  application.o(.data)
    u16LastExciterID                         0x20000062   Data           2  application.o(.data)
    new_inblink                              0x20000065   Data           1  application.o(.data)
    is_sendlink                              0x20000066   Data           1  application.o(.data)
    last_time                                0x20000068   Data           4  application.o(.data)
    idle_list_count                          0x2000006e   Data           2  application.o(.data)
    card_clc_count                           0x20000070   Data           2  application.o(.data)
    motor_count                              0x20000072   Data           1  application.o(.data)
    mma845xData                              0x2000007e   Data           7  application.o(.data)
    tsVersionReportLen                       0x20000085   Data           1  application.o(.data)
    u16Hdl_rx_frame_cnt                      0x2000008c   Data           2  application.o(.data)
    u16ShortAddr                             0x2000008e   Data           2  application.o(.data)
    instance_anchaddr                        0x200000d4   Data           4  main.o(.data)
    dr_mode                                  0x200000d8   Data           4  main.o(.data)
    instance_mode                            0x200000dc   Data           4  main.o(.data)
    inst_idist                               0x20000130   Data           8  instance.o(.data)
    inst_adist                               0x20000138   Data           8  instance.o(.data)
    inst_ldist                               0x20000140   Data           8  instance.o(.data)
    inst_m_idist                             0x20000148   Data           8  instance.o(.data)
    LastPollTick                             0x20000150   Data           4  instance.o(.data)
    CurPollTick                              0x20000154   Data           4  instance.o(.data)
    RngInitTick                              0x20000158   Data           4  instance.o(.data)
    LastrevfinalTick                         0x2000015c   Data           4  instance.o(.data)
    LastRsepTick                             0x20000160   Data           4  instance.o(.data)
    delayedReplyTime                         0x20000168   Data           8  instance.o(.data)
    tx_antennaDelay                          0x20000170   Data           2  instance.o(.data)
    toftimesum                               0x20000174   Data           4  instance.o(.data)
    isnewblinkon                             0x20000178   Data           1  instance.o(.data)
    slotfirstinpoll                          0x20000179   Data           1  instance.o(.data)
    pre_event                                0x2000017c   Data           4  instance.o(.data)
    sleeptime                                0x20000180   Data           4  instance.o(.data)
    is_in_blink                              0x20000184   Data           1  instance.o(.data)
    test_tof_an_addr                         0x20000186   Data           2  instance.o(.data)
    rx_time                                  0x20000188   Data           4  instance.o(.data)
    helpreportoff                            0x2000018c   Data           1  instance.o(.data)
    new_2blink_tick                          0x2000018d   Data           1  instance.o(.data)
    pre_distance                             0x20000190   Data           4  instance.o(.data)
    pre_seqnum                               0x20000194   Data           2  instance.o(.data)
    card_last_dist_msgtype                   0x20000196   Data           1  instance.o(.data)
    pre_dist_right                           0x20000197   Data           1  instance.o(.data)
    card_inblink_slot                        0x20000199   Data           1  instance.o(.data)
    inblink_status                           0x2000019a   Data           1  instance.o(.data)
    inblink_uptime                           0x2000019c   Data           2  instance.o(.data)
    Station_Power                            0x200001a0   Data           4  instance.o(.data)
    rev_retreat_ack                          0x200001a4   Data           1  instance.o(.data)
    sta_samecount                            0x200001a8   Data           4  instance.o(.data)
    sub_alarmmsg                             0x200001ac   Data           4  instance.o(.data)
    new_inblinkmsg                           0x200001b0   Data           6  instance.o(.data)
    bInvalid                                 0x200001bc   Data           1  mma8452q.o(.data)
    SystemCoreClock                          0x200001d8   Data           4  system_stm32l1xx.o(.data)
    PLLMulTable                              0x200001dc   Data           9  system_stm32l1xx.o(.data)
    AHBPrescTable                            0x200001e5   Data          16  system_stm32l1xx.o(.data)
    reg                                      0x200001f8   Data           4  deca_device.o(.data)
    vPutChar                                 0x200001fc   Data           4  printf_util.o(.data)
    u8Port_G                                 0x20000200   Data           1  printf_util.o(.data)
    u8BaudRate_G                             0x20000201   Data           1  printf_util.o(.data)
    __stdout                                 0x20000204   Data           4  stdout.o(.data)
    u32CommonBuf                             0x2000020c   Data         512  application.o(.bss)
    u8UartSendBuf                            0x2000040c   Data         300  application.o(.bss)
    tsVersionReport                          0x20000538   Data          80  application.o(.bss)
    CardType_5s                              0x20000588   Data          62  application.o(.bss)
    CardType_1s                              0x200005c6   Data          62  application.o(.bss)
    instance_data                            0x20000788   Data         728  instance.o(.bss)
    my_slotlist                              0x20000a60   Data        4160  instance.o(.bss)
    my_alarmlist                             0x20001aa0   Data         102  instance.o(.bss)
    my_cardslotmsg                           0x20001b08   Data          20  instance.o(.bss)
    my_staslotmsg                            0x20001b1c   Data          20  instance.o(.bss)
    UartHdl                                  0x20001b30   Data         272  stm32l1xx_usart.o(.bss)
    __initial_sp                             0x20003cb8   Data           0  startup_stm32l1xx_md.o(STACK)



==============================================================================

Memory Map of the image

  Image Entry point : 0x080000f5

  Load Region LR_IROM1 (Base: 0x08000000, Size: 0x0000f00c, Max: 0x00020000, ABSOLUTE, COMPRESSED[0x0000ee74])

    Execution Region ER_IROM1 (Base: 0x08000000, Size: 0x0000ee00, Max: 0x00020000, ABSOLUTE)

    Base Addr    Size         Type   Attr      Idx    E Section Name        Object

    0x08000000   0x000000f4   Data   RO          629    RESET               startup_stm32l1xx_md.o
    0x080000f4   0x00000000   Code   RO         1734  * .ARM.Collect$$$$00000000  mc_w.l(entry.o)
    0x080000f4   0x00000004   Code   RO         2051    .ARM.Collect$$$$00000001  mc_w.l(entry2.o)
    0x080000f8   0x00000004   Code   RO         2054    .ARM.Collect$$$$00000004  mc_w.l(entry5.o)
    0x080000fc   0x00000000   Code   RO         2056    .ARM.Collect$$$$00000008  mc_w.l(entry7b.o)
    0x080000fc   0x00000000   Code   RO         2058    .ARM.Collect$$$$0000000A  mc_w.l(entry8b.o)
    0x080000fc   0x00000008   Code   RO         2059    .ARM.Collect$$$$0000000B  mc_w.l(entry9a.o)
    0x08000104   0x00000000   Code   RO         2061    .ARM.Collect$$$$0000000D  mc_w.l(entry10a.o)
    0x08000104   0x00000000   Code   RO         2063    .ARM.Collect$$$$0000000F  mc_w.l(entry11a.o)
    0x08000104   0x00000004   Code   RO         2052    .ARM.Collect$$$$00002712  mc_w.l(entry2.o)
    0x08000108   0x0000000e   Code   RO          823    .emb_text           mcu.o
    0x08000116   0x00000002   PAD
    0x08000118   0x000013bc   Code   RO            3    .text               application.o
    0x080014d4   0x000001a8   Code   RO          289    .text               main.o
    0x0800167c   0x00000354   Code   RO          374    .text               timer_event.o
    0x080019d0   0x00004d68   Code   RO          427    .text               instance.o
    0x08006738   0x000001b8   Code   RO          466    .text               deca_spi.o
    0x080068f0   0x00000150   Code   RO          560    .text               port.o
    0x08006a40   0x0000008c   Code   RO          580    .text               unistd.o
    0x08006acc   0x000001a0   Code   RO          600    .text               as3933.o
    0x08006c6c   0x00000024   Code   RO          630    .text               startup_stm32l1xx_md.o
    0x08006c90   0x00000178   Code   RO          636    .text               adc.o
    0x08006e08   0x000000c0   Code   RO          676    .text               beeper.o
    0x08006ec8   0x00000140   Code   RO          696    .text               board.o
    0x08007008   0x00000088   Code   RO          722    .text               button.o
    0x08007090   0x000000ec   Code   RO          765    .text               com_config.o
    0x0800717c   0x00000180   Code   RO          800    .text               led.o
    0x080072fc   0x000003bc   Code   RO          824    .text               mcu.o
    0x080076b8   0x00000054   Code   RO          860    .text               motor.o
    0x0800770c   0x000001b4   Code   RO          880    .text               spi_nano.o
    0x080078c0   0x000001fc   Code   RO          900    .text               mma8452q.o
    0x08007abc   0x00000358   Code   RO          923    .text               hal_io_i2c.o
    0x08007e14   0x00000178   Code   RO          943    .text               sleep.o
    0x08007f8c   0x000000e4   Code   RO          964    .text               misc.o
    0x08008070   0x00000534   Code   RO          984    .text               stm32l1xx_adc.o
    0x080085a4   0x0000010c   Code   RO         1144    .text               stm32l1xx_exti.o
    0x080086b0   0x00000954   Code   RO         1164    .text               stm32l1xx_flash.o
    0x08009004   0x0000023c   Code   RO         1224    .text               stm32l1xx_gpio.o
    0x08009240   0x00000040   Code   RO         1264    .text               stm32l1xx_iwdg.o
    0x08009280   0x00000198   Code   RO         1284    .text               stm32l1xx_lcd.o
    0x08009418   0x00000158   Code   RO         1324    .text               stm32l1xx_pwr.o
    0x08009570   0x00000490   Code   RO         1344    .text               stm32l1xx_rcc.o
    0x08009a00   0x00000d40   Code   RO         1366    .text               stm32l1xx_rtc.o
    0x0800a740   0x000002fc   Code   RO         1406    .text               stm32l1xx_spi.o
    0x0800aa3c   0x000002e8   Code   RO         1426    .text               stm32l1xx_syscfg.o
    0x0800ad24   0x00000a0c   Code   RO         1446    .text               stm32l1xx_tim.o
    0x0800b730   0x000005d4   Code   RO         1466    .text               stm32l1xx_usart.o
    0x0800bd04   0x00000248   Code   RO         1512    .text               system_stm32l1xx.o
    0x0800bf4c   0x00000124   Code   RO         1536    .text               deca_range_tables.o
    0x0800c070   0x0000190a   Code   RO         1566    .text               deca_device.o
    0x0800d97a   0x00000002   PAD
    0x0800d97c   0x000001f0   Code   RO         1687    .text               printf_util.o
    0x0800db6c   0x00000062   Code   RO         1737    .text               mc_w.l(uldiv.o)
    0x0800dbce   0x00000024   Code   RO         1739    .text               mc_w.l(memcpya.o)
    0x0800dbf2   0x00000024   Code   RO         1741    .text               mc_w.l(memseta.o)
    0x0800dc16   0x0000006c   Code   RO         2005    .text               mf_w.l(fmul.o)
    0x0800dc82   0x00000080   Code   RO         2007    .text               mf_w.l(fdiv.o)
    0x0800dd02   0x0000014e   Code   RO         2009    .text               mf_w.l(dadd.o)
    0x0800de50   0x000000e4   Code   RO         2011    .text               mf_w.l(dmul.o)
    0x0800df34   0x000000de   Code   RO         2013    .text               mf_w.l(ddiv.o)
    0x0800e012   0x00000012   Code   RO         2015    .text               mf_w.l(fflti.o)
    0x0800e024   0x0000000a   Code   RO         2017    .text               mf_w.l(ffltui.o)
    0x0800e02e   0x00000022   Code   RO         2019    .text               mf_w.l(dflti.o)
    0x0800e050   0x0000001a   Code   RO         2021    .text               mf_w.l(dfltui.o)
    0x0800e06a   0x00000028   Code   RO         2023    .text               mf_w.l(dfltl.o)
    0x0800e092   0x00000028   Code   RO         2025    .text               mf_w.l(ffixui.o)
    0x0800e0ba   0x0000003e   Code   RO         2027    .text               mf_w.l(dfixi.o)
    0x0800e0f8   0x00000032   Code   RO         2029    .text               mf_w.l(dfixui.o)
    0x0800e12a   0x00000030   Code   RO         2031    .text               mf_w.l(dfixul.o)
    0x0800e15a   0x00000026   Code   RO         2033    .text               mf_w.l(f2d.o)
    0x0800e180   0x00000028   Code   RO         2035    .text               mf_w.l(cdcmple.o)
    0x0800e1a8   0x00000028   Code   RO         2037    .text               mf_w.l(cdrcmple.o)
    0x0800e1d0   0x00000038   Code   RO         2039    .text               mf_w.l(d2f.o)
    0x0800e208   0x0000001e   Code   RO         2068    .text               mc_w.l(llshl.o)
    0x0800e226   0x00000020   Code   RO         2070    .text               mc_w.l(llushr.o)
    0x0800e246   0x00000024   Code   RO         2072    .text               mc_w.l(llsshr.o)
    0x0800e26a   0x00000000   Code   RO         2081    .text               mc_w.l(iusefp.o)
    0x0800e26a   0x0000006c   Code   RO         2082    .text               mf_w.l(fepilogue.o)
    0x0800e2d6   0x000000be   Code   RO         2084    .text               mf_w.l(depilogue.o)
    0x0800e394   0x0000002e   Code   RO         2086    .text               mf_w.l(dscalb.o)
    0x0800e3c2   0x00000002   PAD
    0x0800e3c4   0x00000024   Code   RO         2091    .text               mc_w.l(init.o)
    0x0800e3e8   0x0000005c   Code   RO         2101    .text               mc_w.l(__dczerorl2.o)
    0x0800e444   0x00000010   Code   RO         1746    i.__0printf$bare    mc_w.l(printfb.o)
    0x0800e454   0x000000aa   Code   RO         2088    i.__kernel_poly     m_ws.l(poly.o)
    0x0800e4fe   0x0000000e   Code   RO         2095    i.__scatterload_copy  mc_w.l(handlers.o)
    0x0800e50c   0x00000002   Code   RO         2096    i.__scatterload_null  mc_w.l(handlers.o)
    0x0800e50e   0x0000000e   Code   RO         2097    i.__scatterload_zeroinit  mc_w.l(handlers.o)
    0x0800e51c   0x0000000c   Code   RO         2076    i.__set_errno       mc_w.l(errno.o)
    0x0800e528   0x00000022   Code   RO         1753    i._printf_core      mc_w.l(printfb.o)
    0x0800e54a   0x00000002   PAD
    0x0800e54c   0x00000370   Code   RO         2042    i.log               m_ws.l(log.o)
    0x0800e8bc   0x000000f4   Code   RO         1727    i.log10             m_ws.l(log10.o)
    0x0800e9b0   0x000000e3   Data   RO          429    .constdata          instance.o
    0x0800ea93   0x0000020a   Data   RO         1537    .constdata          deca_range_tables.o
    0x0800ec9d   0x00000003   PAD
    0x0800eca0   0x0000004b   Data   RO         1568    .constdata          deca_device.o
    0x0800eceb   0x00000001   PAD
    0x0800ecec   0x000000b2   Data   RO         1673    .constdata          deca_params_init.o
    0x0800ed9e   0x00000002   PAD
    0x0800eda0   0x00000038   Data   RO         2043    .constdata          m_ws.l(log.o)
    0x0800edd8   0x00000008   Data   RO         2090    .constdata          m_ws.l(qnan.o)
    0x0800ede0   0x00000020   Data   RO         2093    Region$$Table       anon$$obj.o


    Execution Region RW_IRAM1 (Base: 0x20000000, Size: 0x00003cb8, Max: 0x00004000, ABSOLUTE, COMPRESSED[0x00000074])

    Base Addr    Size         Type   Attr      Idx    E Section Name        Object

    0x20000000   0x00000092   Data   RW            5    .data               application.o
    0x20000092   0x00000002   PAD
    0x20000094   0x0000004c   Data   RW          290    .data               main.o
    0x200000e0   0x0000000d   Data   RW          376    .data               timer_event.o
    0x200000ed   0x00000003   PAD
    0x200000f0   0x000000c6   Data   RW          430    .data               instance.o
    0x200001b6   0x00000002   PAD
    0x200001b8   0x00000004   Data   RW          825    .data               mcu.o
    0x200001bc   0x00000001   Data   RW          901    .data               mma8452q.o
    0x200001bd   0x00000019   Data   RW         1345    .data               stm32l1xx_rcc.o
    0x200001d6   0x00000002   PAD
    0x200001d8   0x0000001d   Data   RW         1513    .data               system_stm32l1xx.o
    0x200001f5   0x00000003   PAD
    0x200001f8   0x00000004   Data   RW         1569    .data               deca_device.o
    0x200001fc   0x00000006   Data   RW         1689    .data               printf_util.o
    0x20000202   0x00000002   PAD
    0x20000204   0x00000004   Data   RW         2065    .data               mc_w.l(stdout.o)
    0x20000208   0x00000004   Data   RW         2077    .data               mc_w.l(errno.o)
    0x2000020c   0x000003f8   Zero   RW            4    .bss                application.o
    0x20000604   0x00000180   Zero   RW          375    .bss                timer_event.o
    0x20000784   0x00000004   PAD
    0x20000788   0x000013a8   Zero   RW          428    .bss                instance.o
    0x20001b30   0x00000110   Zero   RW         1467    .bss                stm32l1xx_usart.o
    0x20001c40   0x00000078   Zero   RW         1567    .bss                deca_device.o
    0x20001cb8   0x00002000   Zero   RW          627    STACK               startup_stm32l1xx_md.o


==============================================================================

Image component sizes


      Code (inc. data)   RO Data    RW Data    ZI Data      Debug   Object Name

       376         20          0          0          0       1308   adc.o
      5052        666          0        146       1016     337805   application.o
       416         12          0          0          0       2220   as3933.o
       192         10          0          0          0        850   beeper.o
       320          4          0          0          0       1466   board.o
       136          6          0          0          0        731   button.o
       236          8          0          0          0        883   com_config.o
      6410        140         75          4        120     225881   deca_device.o
         0          0        178          0          0       1696   deca_params_init.o
       292         38        522          0          0       4963   deca_range_tables.o
       440         18          0          0          0     191225   deca_spi.o
       856          6          0          0          0       3706   hal_io_i2c.o
     19816       1216        227        198       5032      73711   instance.o
       384         14          0          0          0       1246   led.o
         0          0          0          0          0       1188   mac_msg.o
       424         50          0         76          0      52359   main.o
       970         34          0          4          0      29010   mcu.o
       228         22          0          0          0       1913   misc.o
       508          4          0          1          0       1817   mma8452q.o
        84          4          0          0          0        701   motor.o
       336         12          0          0          0       1251   port.o
       496         18          0          6          0       3034   printf_util.o
       376         14          0          0          0       2157   sleep.o
       436         24          0          0          0       1069   spi_nano.o
        36          8        244          0       8192        884   startup_stm32l1xx_md.o
      1332         20          0          0          0      10762   stm32l1xx_adc.o
       268          4          0          0          0       2315   stm32l1xx_exti.o
      2388         46          0          0          0      11821   stm32l1xx_flash.o
       572         32          0          0          0       3985   stm32l1xx_gpio.o
        64          6          0          0          0       1305   stm32l1xx_iwdg.o
       408         16          0          0          0       4553   stm32l1xx_lcd.o
       344         14          0          0          0       4092   stm32l1xx_pwr.o
      1168         40          0         25          0       9525   stm32l1xx_rcc.o
      3392         46          0          0          0      14579   stm32l1xx_rtc.o
       764         12          0          0          0       6042   stm32l1xx_spi.o
       744          8          0          0          0       3304   stm32l1xx_syscfg.o
      2572         32          0          0          0      20080   stm32l1xx_tim.o
      1492         44          0          0        272      11698   stm32l1xx_usart.o
       584         44          0         29          0       2015   system_stm32l1xx.o
       852         20          0         13        384       4471   timer_event.o
       140          6          0          0          0       1149   unistd.o

    ----------------------------------------------------------------------
     55908       2738       1284        516      15020    1054770   Object Totals
         0          0         32          0          0          0   (incl. Generated)
         4          0          6         14          4          0   (incl. Padding)

    ----------------------------------------------------------------------

      Code (inc. data)   RO Data    RW Data    ZI Data      Debug   Library Member Name

       880         58         56          0          0        264   log.o
       244         32          0          0          0        128   log10.o
       170          0          0          0          0         96   poly.o
         0          0          8          0          0          0   qnan.o
        92          0          0          0          0          0   __dczerorl2.o
         0          0          0          0          0          0   entry.o
         0          0          0          0          0          0   entry10a.o
         0          0          0          0          0          0   entry11a.o
         8          4          0          0          0          0   entry2.o
         4          0          0          0          0          0   entry5.o
         0          0          0          0          0          0   entry7b.o
         0          0          0          0          0          0   entry8b.o
         8          4          0          0          0          0   entry9a.o
        12          6          0          4          0         68   errno.o
        30          0          0          0          0          0   handlers.o
        36          8          0          0          0         68   init.o
         0          0          0          0          0          0   iusefp.o
        30          0          0          0          0         68   llshl.o
        36          0          0          0          0         68   llsshr.o
        32          0          0          0          0         68   llushr.o
        36          0          0          0          0         68   memcpya.o
        36          0          0          0          0        108   memseta.o
        50          8          0          0          0        152   printfb.o
         0          0          0          4          0          0   stdout.o
        98          0          0          0          0         92   uldiv.o
        40          2          0          0          0         68   cdcmple.o
        40          2          0          0          0         68   cdrcmple.o
        56          0          0          0          0         88   d2f.o
       334          0          0          0          0        148   dadd.o
       222          0          0          0          0        100   ddiv.o
       190          0          0          0          0        176   depilogue.o
        62          0          0          0          0         80   dfixi.o
        50          0          0          0          0         76   dfixui.o
        48          0          0          0          0         68   dfixul.o
        34          0          0          0          0         76   dflti.o
        40          0          0          0          0         80   dfltl.o
        26          0          0          0          0         76   dfltui.o
       228          0          0          0          0         96   dmul.o
        46          0          0          0          0         80   dscalb.o
        38          0          0          0          0         68   f2d.o
       128          0          0          0          0         88   fdiv.o
       108          0          0          0          0        168   fepilogue.o
        40          0          0          0          0         68   ffixui.o
        18          0          0          0          0         68   fflti.o
        10          0          0          0          0         68   ffltui.o
       108          0          0          0          0         76   fmul.o

    ----------------------------------------------------------------------
      3672        124         64          8          0       3132   Library Totals
         4          0          0          0          0          0   (incl. Padding)

    ----------------------------------------------------------------------

      Code (inc. data)   RO Data    RW Data    ZI Data      Debug   Library Name

      1294         90         64          0          0        488   m_ws.l
       508         30          0          8          0        760   mc_w.l
      1866          4          0          0          0       1884   mf_w.l

    ----------------------------------------------------------------------
      3672        124         64          8          0       3132   Library Totals

    ----------------------------------------------------------------------

==============================================================================


      Code (inc. data)   RO Data    RW Data    ZI Data      Debug   

     59580       2862       1348        524      15020    1052130   Grand Totals
     59580       2862       1348        116      15020    1052130   ELF Image Totals (compressed)
     59580       2862       1348        116          0          0   ROM Totals

==============================================================================

    Total RO  Size (Code + RO Data)                60928 (  59.50kB)
    Total RW  Size (RW Data + ZI Data)             15544 (  15.18kB)
    Total ROM Size (Code + RO Data + RW Data)      61044 (  59.61kB)

==============================================================================

