<html>
<body>
<pre>
<h1>µVision Build Log</h1>
<h2>Project:</h2>
D:\P4\branch-MSSS5.0-1704\Zigbee\stm32\stm32l1xx\decave_uwb_tof\coalwashery.uvprojx
Project File Date:  12/20/2018

<h2>Output:</h2>
Build target 'LPBSSv2.0'
linking...
Program Size: Code=59580 RO-data=1348 RW-data=524 ZI-data=15020  
FromELF: creating hex file...
After Build - User command #1: fromelf --bin .\build\coalwashery.axf --output LPBSS_CARDv2.bin
".\build\coalwashery.axf" - 0 Error(s), 0 Warning(s).
</pre>
</body>
</html>
