<html>
<body>
<pre>
<h1>µVision Build Log</h1>
<h2>Project:</h2>
D:\P4\branch-MSSS5.0-1704\Zigbee\stm32\stm32l1xx\decave_uwb_rssi\coalwashery.uvprojx
Project File Date:  07/31/2017

<h2>Output:</h2>
Build target 'LPBSSv2.0'
linking...
Program Size: Code=39844 RO-data=1212 RW-data=292 ZI-data=12900  
FromELF: creating hex file...
After Build - User command #1: fromelf --bin .\build\coalwashery.axf --output LPBSS_CARDv2.bin
".\build\coalwashery.axf" - 0 Error(s), 0 Warning(s).
Load "D:\\P4\\branch-MSSS5.0-1704\\Zigbee\\stm32\\stm32l1xx\\decave_uwb_rssi\\build\\coalwashery.axf" 
Set JLink Project File to "D:\P4\branch-MSSS5.0-1704\Zigbee\stm32\stm32l1xx\decave_uwb_rssi\JLinkSettings.ini"
* JLink Info: Device "STM32L151CB" selected (132 KB flash, 16 KB RAM).
 
JLink info:
------------
DLL: V4.90 , compiled Jul 28 2014 10:35:20
Firmware: J-Link V9 compiled Apr 20 2018 16:47:26
Hardware: V9.30
S/N : 36310083 
Feature(s) : RDI, GDB, FlashDL, FlashBP, JFlash 
 
* JLink Info: Found SWD-DP with ID 0x2BA01477
* JLink Info: Found SWD-DP with ID 0x2BA01477
* JLink Info: Found Cortex-M3 r2p0, Little endian.
* JLink Info: FPUnit: 6 code (BP) slots and 2 literal slots
* JLink Info: TPIU fitted.
* JLink Info: ETM fitted.
ROMTableAddr = 0xE00FF003
 
Target info:
------------
Device: STM32L151CB
VTarget = 3.309V
State of Pins: 
TCK: 0, TDI: 0, TDO: 0, TMS: 1, TRES: 1, TRST: 1
Hardware-Breakpoints: 6
Software-Breakpoints: 8192
Watchpoints:          4
JTAG speed: 2000 kHz
 
Erase Done.
Programming Done.
Verify OK.
</pre>
</body>
</html>
compiled Apr 20 2018 16:47:26
Hardware: V9.30
S/N : 36310083 
Feature(s) : RDI, GDB, FlashDL, FlashBP, JFlash 
 
* JLink Info: Found SWD-DP with ID 0x2BA01477
* JLink Info: Found SWD-DP with ID 0x2BA01477
* JLink Info: Found Cortex-M3 r2p0, Little endian.
* JLink Info: FPUnit: 6 code (BP) slots and 2 literal slots
* JLink Info: TPIU fitted.
* JLink Info: ETM fitted.
ROMTableAddr = 0xE00FF003
 
Target info:
------------
Device: STM32L151CB
VTarget = 3.304V
State of Pins: 
TCK: 0, TDI: 0, TDO: 0, TMS: 1, TRES: 1, TRST: 1
Hardware-Breakpoints: 6
Software-Breakpoints: 8192
Watchpoints:          4
JTAG speed: 2000 kHz
 
Erase Done.
Programming Done.
Verify OK.
ance_get_sta_status();
Application\instance.h(666): warning:  #1295-D: Deprecated declaration blink_to_retreat - give arg types
  void blink_to_retreat();
Application\instance.c(273): warning:  #223-D: function "led_station_on" declared implicitly
                led_station_on();
Application\instance.c(275): warning:  #223-D: function "led_station_off" declared implicitly
                led_station_off();
Application\instance.c(1059): warning:  #223-D: function "vProcessCardVersion" declared implicitly
                                                                vProcessCardVersion(inst->rev_shortaddr16,oad_ver,battery);
Application\instance.c(1014): warning:  #550-D: variable "rev_curslot" was set but never used
                                        uint8 rev_curslot;
Application\instance.c(1255): warning:  #188-D: enumerated type mixed with another type
      instance_data[0].mode =  (uint8)inst_mode;                   // set the role
Application\instance.c(1955): warning:  #174-D: expression has no effect
                instance_data[instance].testAppState;
Application\instance.c: 8 warnings, 0 errors
compiling deca_spi.c...
Application\deca_spi.c(63): warning:  #177-D: variable "stat" was declared but never referenced
      decaIrqStatus_t  stat ;
Application\deca_spi.c(117): warning:  #177-D: variable "stat" was declared but never referenced
      decaIrqStatus_t  stat ;
Application\deca_spi.c(202): warning:  #223-D: function "Delay_ms" declared implicitly
          Delay_ms(2);
Application\deca_spi.c: 3 warnings, 0 errors
compiling port.c...
compiling unistd.c...
compiling dotie.c...
Application\dotie.c(42): warning:  #177-D: variable "i" was declared but never referenced
        int i;
Application\dotie.c(97): warning:  #223-D: function "memset" declared implicitly
                memset(&msg_array->send_msg[i],0,size);
Application\dotie.c(98): warning:  #223-D: function "memset" declared implicitly
        memset(&msg_array->last_quick,0,size);
Application\dotie.c(138): warning:  #223-D: function "memset" declared implicitly
                                memset(&msg_array,0,sizeof(Rx_msg));
Application\dotie.c(179): warning: C4488E: write to variable 'msg_array' with offset out of bounds
}
Application\dotie.c(179): warning: C4488E: write to variable 'msg_array' with offset out of bounds
}
Application\dotie.c(179): warning: C4488E: write to variable 'msg_array' with offset out of bounds
}
Application\dotie.c: 7 warnings, 0 errors
compiling as3933.c...
assembling startup_stm32l1xx_md.s...
compiling adc.c...
compiling antenna.c...
compiling beeper.c...
compiling board.c...
..\Drivers\board.c(61): warning:  #177-D: variable "NVIC_InitStructure" was declared but never referenced
      NVIC_InitTypeDef NVIC_InitStructure;
..\Drivers\board.c: 1 warning, 0 errors
compiling button.c...
compiling chipdev.c...
compiling com_config.c...
compiling led.c...
compiling mcu.c...
..\Drivers\mcu.c(297): warning:  #9-D: nested comment is not allowed
      /*UART2 Disable*/
..\Drivers\mcu.c(273): warning:  #550-D: variable "GPIO_InitStructure" was set but never used
      GPIO_InitTypeDef GPIO_InitStructure;
..\Drivers\mcu.c: 2 warnings, 0 errors
compiling motor.c...
compiling spi_nano.c...
compiling mma8452q.c...
..\Drivers\mma8452q.c(48): warning:  #223-D: function "HAL_I2C_ReadReg" declared implicitly
          u8RegVal = HAL_I2C_ReadReg(MMA845x_I2C_ADDRESS, WHO_AM_I_REG);
..\Drivers\mma8452q.c(156): warning:  #223-D: function "HAL_I2C_ReadReg" declared implicitly
      return HAL_I2C_ReadReg(MMA845x_I2C_ADDRESS, u8Reg);
..\Drivers\mma8452q.c: 2 warnings, 0 errors
compiling hal_io_i2c.c...
compiling sleep.c...
..\Drivers\sleep.c(54): warning:  #223-D: function "RTC_Configuration" declared implicitly
      RTC_Configuration();
..\Drivers\sleep.c(92): warning:  #223-D: function "SysTick_Configuration" declared implicitly
      SysTick_Configuration();
..\Drivers\sleep.c(112): warning:  #223-D: function "dwt_entersleep" declared implicitly
      dwt_entersleep();
..\Drivers\sleep.c(113): warning:  #223-D: function "vCheckBattery" declared implicitly
        vCheckBattery();
..\Drivers\sleep.c(157): warning:  #177-D: variable "sleep_time" was declared but never referenced
      uint32 sleep_time;
..\Drivers\sleep.c: 5 warnings, 0 errors
compiling misc.c...
compiling stm32l1xx_adc.c...
compiling stm32l1xx_aes.c...
compiling stm32l1xx_aes_util.c...
compiling stm32l1xx_comp.c...
compiling stm32l1xx_crc.c...
compiling stm32l1xx_dac.c...
compiling stm32l1xx_dbgmcu.c...
compiling stm32l1xx_dma.c...
compiling stm32l1xx_exti.c...
compiling stm32l1xx_flash.c...
compiling stm32l1xx_flash_ramfunc.c...
compiling stm32l1xx_fsmc.c...
compiling stm32l1xx_gpio.c...
compiling stm32l1xx_i2c.c...
compiling stm32l1xx_iwdg.c...
compiling stm32l1xx_lcd.c...
compiling stm32l1xx_opamp.c...
compiling stm32l1xx_pwr.c...
compiling stm32l1xx_rcc.c...
compiling stm32l1xx_rtc.c...
compiling stm32l1xx_sdio.c...
compiling stm32l1xx_spi.c...
compiling stm32l1xx_syscfg.c...
compiling stm32l1xx_tim.c...
compiling stm32l1xx_usart.c...
..\STM32L1xx_StdPeriph_Lib\STM32L1xx_StdPeriph_Driver\src\stm32l1xx_usart.c(1487): warning:  #223-D: function "memset" declared implicitly
        memset(&UartHdl, 0, sizeof(UartHdl));
..\STM32L1xx_StdPeriph_Lib\STM32L1xx_StdPeriph_Driver\src\stm32l1xx_usart.c: 1 warning, 0 errors
compiling stm32l1xx_wwdg.c...
compiling system_stm32l1xx.c...
compiling deca_range_tables.c...
compiling deca_device.c...
decadriver\deca_device.c(997): warning:  #68-D: integer conversion resulted in a change of sign
      uint32  regval = DWT_ERROR ;
decadriver\deca_device.c(1029): warning:  #68-D: integer conversion resulted in a change of sign
      uint16  regval = DWT_ERROR ;
decadriver\deca_device.c(1375): warning:  #223-D: function "Delay_ms" declared implicitly
      Delay_ms(10);
decadriver\deca_device.c(1434): warning:  #223-D: function "printf" declared implicitly
          printf("NVM PROG 32: ERROR VPP NOT OK, programming will fail. Are MR/MRA/MRB set?\n");
decadriver\deca_device.c(1435): warning:  #68-D: integer conversion resulted in a change of sign
          return DWT_ERROR;
decadriver\deca_device.c(1648): warning:  #223-D: function "Delay_ms" declared implicitly
      Delay_ms(1);
decadriver\deca_device.c(1795): warning:  #223-D: function "Delay_ms" declared implicitly
          Delay_ms(5);
decadriver\deca_device.c(1859): warning:  #223-D: function "Delay_ms" declared implicitly
      Delay_ms(1); // Allow time for code to upload (should take up to 120 us)
decadriver\deca_device.c(2698): warning:  #177-D: variable "stat" was declared but never referenced
      decaIrqStatus_t stat ;
decadriver\deca_device.c(2820): warning:  #223-D: function "Delay_ms" declared implicitly
      Delay_ms(1);
decadriver\deca_device.c: 10 warnings, 0 errors
compiling deca_params_init.c...
compiling printf_util.c...
..\Common\printf_util.c(116): warning:  #167-D: argument of type "void *" is incompatible with parameter of type "void (*)(char)"
      vInitPrintf((void*)vPutC);
..\Common\printf_util.c(138): warning:  #1293-D: assignment in condition
      while ((c = *bp++)) {
..\Common\printf_util.c: 2 warnings, 0 errors
compiling crc.c...
linking...
Program Size: Code=39844 RO-data=1212 RW-data=292 ZI-data=12900  
FromELF: creating hex file...
After Build - User command #1: fromelf --bin .\build\coalwashery.axf --output LPBSS_CARDv2.bin
".\build\coalwashery.axf" - 0 Error(s), 52 Warning(s).
Load "D:\\P4\\branch-MSSS5.0-1704\\Zigbee\\stm32\\stm32l1xx\\decave_uwb_rssi\\build\\coalwashery.axf" 
Set JLink Project File to "D:\P4\branch-MSSS5.0-1704\Zigbee\stm32\stm32l1xx\decave_uwb_rssi\JLinkSettings.ini"
* JLink Info: Device "STM32L151CB" selected (132 KB flash, 16 KB RAM).
 
JLink info:
------------
DLL: V4.90 , compiled Jul 28 2014 10:35:20
Firmware: J-Link V9 compiled Apr 20 2018 16:47:26
Hardware: V9.30
S/N : 36310083 
Feature(s) : RDI, GDB, FlashDL, FlashBP, JFlash 
 
* JLink Info: TotalIRLen = ?, IRPrint = 0x..000000000000000000000000
* JLink Info: STM32 (connect): Can not attach to CPU. Trying connect under reset.
* JLink Info: TotalIRLen = ?, IRPrint = 0x..000000000000000000000000
Error: Flash Download failed  -  Target DLL has been cancelled
