ARM Linker, 5.03 [Build 76] [MDK-ARM Standard]

==============================================================================

Section Cross References

    application.o(.text) refers to deca_device.o(.text) for dwt_isr
    application.o(.text) refers to stm32l1xx_gpio.o(.text) for GPIO_ReadInputDataBit
    application.o(.text) refers to stm32l1xx_usart.o(.text) for USART_SendData
    application.o(.text) refers to printf_util.o(.text) for PrintfUtil_vPrintf
    application.o(.text) refers to memcpya.o(.text) for __aeabi_memcpy
    application.o(.text) refers to crc.o(.text) for CRC16
    application.o(.text) refers to instance.o(.text) for instance_set_alarmlist
    application.o(.text) refers to timer_event.o(.text) for event_timer_set
    application.o(.text) refers to memseta.o(.text) for __aeabi_memclr
    application.o(.text) refers to application.o(.data) for u16ShortAddr
    application.o(.text) refers to application.o(.bss) for u8UartSendBuf
    application.o(.text) refers to led.o(.text) for led_station_off
    application.o(.text) refers to mcu.o(.text) for WatchdogReset
    application.o(.text) refers to instance.o(.data) for sub_alarmmsg
    mac_msg.o(.text) refers to mem.o(.text) for rt_free
    mac_msg.o(.text) refers to mac_msg.o(.bss) for mac_msg_list
    mac_msg.o(.text) refers to mac_msg.o(.data) for free_node
    main.o(.text) refers to port.o(.text) for SPI_ConfigFastRate
    main.o(.text) refers to instance.o(.text) for instancereaddeviceid
    main.o(.text) refers to stm32l1xx_gpio.o(.text) for GPIO_ResetBits
    main.o(.text) refers to unistd.o(.text) for usleep
    main.o(.text) refers to deca_device.o(.text) for dwt_softreset
    main.o(.text) refers to board.o(.text) for board_init
    main.o(.text) refers to printf_util.o(.text) for PrintfUtil_u8Init
    main.o(.text) refers to led.o(.text) for LED_Red_Flash
    main.o(.text) refers to mcu.o(.text) for portResetTickCnt
    main.o(.text) refers to application.o(.text) for Application
    main.o(.text) refers to main.o(.data) for instance_mode
    mem.o(.text) refers to mcu.o(.emb_text) for interrupt_disable
    mem.o(.text) refers to mem.o(.data) for heap_ptr
    timer_event.o(.text) refers to mcu.o(.emb_text) for interrupt_disable
    timer_event.o(.text) refers to memseta.o(.text) for __aeabi_memclr4
    timer_event.o(.text) refers to mcu.o(.text) for GetSysClock
    timer_event.o(.text) refers to timer_event.o(.data) for bits_events
    timer_event.o(.text) refers to timer_event.o(.bss) for timer_list
    debug.o(.text) refers to stm32l1xx_gpio.o(.text) for GPIO_ResetBits
    debug.o(.text) refers to mcu.o(.text) for Delay_ms
    instance.o(.text) refers to stm32l1xx_gpio.o(.text) for GPIO_ReadInputDataBit
    instance.o(.text) refers to led.o(.text) for led_station_on
    instance.o(.text) refers to ddiv.o(.text) for __aeabi_ddiv
    instance.o(.text) refers to dfixul.o(.text) for __aeabi_d2ulz
    instance.o(.text) refers to memcpya.o(.text) for __aeabi_memcpy
    instance.o(.text) refers to deca_device.o(.text) for dwt_setdelayedtrxtime
    instance.o(.text) refers to port.o(.text) for SPI_ConfigFastRate
    instance.o(.text) refers to cdrcmple.o(.text) for __aeabi_cdrcmple
    instance.o(.text) refers to printf_util.o(.text) for PrintfUtil_vPrintf
    instance.o(.text) refers to unistd.o(.text) for usleep
    instance.o(.text) refers to instance.o(.bss) for instance_data
    instance.o(.text) refers to instance.o(.data) for test_tof_an_addr
    instance.o(.text) refers to application.o(.data) for u16ShortAddr
    instance.o(.text) refers to instance.o(.constdata) for txSpectrumConfig
    instance.o(.text) refers to mcu.o(.text) for portGetTickCnt
    instance.o(.text) refers to dfltui.o(.text) for __aeabi_ui2d
    instance.o(.text) refers to dmul.o(.text) for __aeabi_dmul
    instance.o(.text) refers to log10.o(i.log10) for log10
    instance.o(.text) refers to dadd.o(.text) for __aeabi_dsub
    instance.o(.text) refers to dfixi.o(.text) for __aeabi_d2iz
    instance.o(.text) refers to timer_event.o(.text) for event_timer_unset
    instance.o(.text) refers to application.o(.bss) for app_uwb_rssi_data
    instance.o(.text) refers to application.o(.text) for vProcessCardVersion
    instance.o(.text) refers to uldiv.o(.text) for __aeabi_uldivmod
    deca_spi.o(.text) refers to stm32l1xx_spi.o(.text) for SPI_I2S_GetFlagStatus
    deca_spi.o(.text) refers to stm32l1xx_gpio.o(.text) for GPIO_ResetBits
    deca_spi.o(.text) refers to mcu.o(.text) for Delay_ms
    port.o(.text) refers to stm32l1xx_gpio.o(.text) for GPIO_Init
    port.o(.text) refers to stm32l1xx_spi.o(.text) for SPI_I2S_DeInit
    port.o(.text) refers to stm32l1xx_rcc.o(.text) for RCC_APB1PeriphClockCmd
    port.o(.text) refers to stm32l1xx_pwr.o(.text) for PWR_RTCAccessCmd
    port.o(.text) refers to stm32l1xx_rtc.o(.text) for RTC_WaitForSynchro
[...]
    __ARM_use_no_argv                        0x00000000   Number         0  main.o ABSOLUTE
    __cpp_initialize__aeabi_                  - Undefined Weak Reference
    __cxa_finalize                            - Undefined Weak Reference
    __decompress                              - Undefined Weak Reference
    _clock_init                               - Undefined Weak Reference
    _microlib_exit                            - Undefined Weak Reference
    __Vectors_Size                           0x000000f4   Number         0  startup_stm32l1xx_md.o ABSOLUTE
    __Vectors                                0x08000000   Data           4  startup_stm32l1xx_md.o(RESET)
    __Vectors_End                            0x080000f4   Data           0  startup_stm32l1xx_md.o(RESET)
    __main                                   0x080000f5   Thumb Code     0  entry.o(.ARM.Collect$$$$00000000)
    _main_stk                                0x080000f5   Thumb Code     0  entry2.o(.ARM.Collect$$$$00000001)
    _main_scatterload                        0x080000f9   Thumb Code     0  entry5.o(.ARM.Collect$$$$00000004)
    __main_after_scatterload                 0x080000fd   Thumb Code     0  entry5.o(.ARM.Collect$$$$00000004)
    _main_clock                              0x080000fd   Thumb Code     0  entry7b.o(.ARM.Collect$$$$00000008)
    _main_cpp_init                           0x080000fd   Thumb Code     0  entry8b.o(.ARM.Collect$$$$0000000A)
    _main_init                               0x080000fd   Thumb Code     0  entry9a.o(.ARM.Collect$$$$0000000B)
    __rt_final_cpp                           0x08000105   Thumb Code     0  entry10a.o(.ARM.Collect$$$$0000000D)
    __rt_final_exit                          0x08000105   Thumb Code     0  entry11a.o(.ARM.Collect$$$$0000000F)
    interrupt_disable                        0x08000109   Thumb Code     8  mcu.o(.emb_text)
    interrupt_enable                         0x08000111   Thumb Code     6  mcu.o(.emb_text)
    instance_get_cardtype                    0x08000119   Thumb Code     8  application.o(.text)
    process_deca_irq                         0x08000121   Thumb Code    22  application.o(.text)
    vCheckBattery                            0x08000137   Thumb Code     2  application.o(.text)
    vWriteData2Stm32                         0x08000139   Thumb Code    50  application.o(.text)
    bsmac_build_packet                       0x0800016b   Thumb Code   342  application.o(.text)
    vReportCardRssi                          0x080002c1   Thumb Code    46  application.o(.text)
    vReportStatus                            0x080002ef   Thumb Code    88  application.o(.text)
    uart_rx_callback                         0x08000347   Thumb Code   198  application.o(.text)
    vProcessCardVersion                      0x0800040d   Thumb Code   164  application.o(.text)
    vReportCardVersion                       0x080004b1   Thumb Code   254  application.o(.text)
    vReportCardAlarm                         0x080005af   Thumb Code    60  application.o(.text)
    card_retreat                             0x080005eb   Thumb Code    90  application.o(.text)
    AppEventsProcess                         0x08000645   Thumb Code   370  application.o(.text)
    Appsleepinit                             0x080007b7   Thumb Code    26  application.o(.text)
    Application                              0x080007d1   Thumb Code   134  application.o(.text)
    inittestapplication                      0x08000895   Thumb Code   284  main.o(.text)
    main                                     0x080009b1   Thumb Code   108  main.o(.text)
    event_timer_take                         0x08000a6d   Thumb Code    60  timer_event.o(.text)
    event_timer_take_all                     0x08000aa9   Thumb Code    28  timer_event.o(.text)
    event_timer_init                         0x08000ac5   Thumb Code    28  timer_event.o(.text)
    event_timer_set                          0x08000ae1   Thumb Code    46  timer_event.o(.text)
    event_timer_unset                        0x08000b0f   Thumb Code    46  timer_event.o(.text)
    event_timer_add                          0x08000b3d   Thumb Code   124  timer_event.o(.text)
    event_timer_add_reload                   0x08000bb9   Thumb Code   138  timer_event.o(.text)
    event_timer_del                          0x08000c43   Thumb Code   118  timer_event.o(.text)
    event_timer_update                       0x08000cb9   Thumb Code   204  timer_event.o(.text)
    event_timer_next_tick                    0x08000d85   Thumb Code    12  timer_event.o(.text)
    led_station_flash                        0x08000da5   Thumb Code    30  instance.o(.text)
    instance_get_cardid                      0x08000dc3   Thumb Code     8  instance.o(.text)
    instance_set_insleep                     0x08000dcb   Thumb Code     2  instance.o(.text)
    instance_set_sta_status                  0x08000dcd   Thumb Code    16  instance.o(.text)
    instance_reset_sta_status                0x08000ddd   Thumb Code    16  instance.o(.text)
    instance_get_sta_status                  0x08000ded   Thumb Code    28  instance.o(.text)
    convertmicrosectodevicetimeu             0x08000e09   Thumb Code    54  instance.o(.text)
    instanceconfigframeheader                0x08000e3f   Thumb Code    92  instance.o(.text)
    setupmacframedata                        0x08000e9b   Thumb Code    66  instance.o(.text)
    instancerxon                             0x08000edd   Thumb Code    36  instance.o(.text)
    instancesendpacket                       0x08000f01   Thumb Code    94  instance.o(.text)
    xtalcalibration                          0x08000f5f   Thumb Code    78  instance.o(.text)
    instance_set_alarmlist                   0x08000fad   Thumb Code    52  instance.o(.text)
    instance_inset_alarmmsg                  0x08000fe1   Thumb Code    16  instance.o(.text)
    reset_sub_alarmmsg                       0x08000ff1   Thumb Code    12  instance.o(.text)
    ta_rxe_wait                              0x08000ffd   Thumb Code   128  instance.o(.text)
    txretreat_ack_send                       0x0800107d   Thumb Code    88  instance.o(.text)
    txexcit_ack_send                         0x080010d5   Thumb Code    82  instance.o(.text)
    txhelp_resp_send                         0x08001127   Thumb Code   214  instance.o(.text)
    txblink_wait_send                        0x080011fd   Thumb Code   120  instance.o(.text)
    blink_to_retreat                         0x08001275   Thumb Code    10  instance.o(.text)
    init_anchor                              0x0800127f   Thumb Code    96  instance.o(.text)
    ta_tx_wait_conf                          0x080012df   Thumb Code   136  instance.o(.text)
    rx_power_lever                           0x08001367   Thumb Code   138  instance.o(.text)
    rx_power_lever1                          0x080013f1   Thumb Code   228  instance.o(.text)
    inset_rev_cardmsg                        0x080014d5   Thumb Code   112  instance.o(.text)
    inset_rev_cardmsg_ext                    0x08001545   Thumb Code   132  instance.o(.text)
    instance_set_car_rev                     0x080015c9   Thumb Code    10  instance.o(.text)
    testapprun                               0x080015d3   Thumb Code   882  instance.o(.text)
    instancesetrole                          0x08001945   Thumb Code     6  instance.o(.text)
    instancegetrole                          0x0800194b   Thumb Code     6  instance.o(.text)
    instancenewrange                         0x08001951   Thumb Code    24  instance.o(.text)
    instancenewCar                           0x08001969   Thumb Code    24  instance.o(.text)
    instancesettxtype                        0x08001981   Thumb Code     8  instance.o(.text)
    instanceclearcounts                      0x08001989   Thumb Code   168  instance.o(.text)
    instance_set_status                      0x08001a31   Thumb Code    36  instance.o(.text)
    instance_rxcallback                      0x08001a55   Thumb Code   754  instance.o(.text)
    instance_txcallback                      0x08001d47   Thumb Code   440  instance.o(.text)
    instance_init                            0x08001eff   Thumb Code   688  instance.o(.text)
    instancereaddeviceid                     0x080021af   Thumb Code     8  instance.o(.text)
    instance_config                          0x080021b7   Thumb Code   686  instance.o(.text)
    instance_change_channel                  0x08002465   Thumb Code   216  instance.o(.text)
    instancesettagsleepdelay                 0x0800253d   Thumb Code    30  instance.o(.text)
    instancesetblinkreplydelay               0x0800255b   Thumb Code    26  instance.o(.text)
    instancesetreplydelay                    0x08002575   Thumb Code   124  instance.o(.text)
    instancesetreporting                     0x080025f1   Thumb Code    24  instance.o(.text)
    instance_close                           0x08002609   Thumb Code    46  instance.o(.text)
    instance_get_anchoraddr                  0x08002637   Thumb Code    28  instance.o(.text)
    instance_get_status                      0x08002653   Thumb Code     8  instance.o(.text)
    instance_get_seqnum                      0x0800265b   Thumb Code    14  instance.o(.text)
    get_AnchroTimeStamp                      0x08002669   Thumb Code    24  instance.o(.text)
    get_TagTimeStamp                         0x08002681   Thumb Code    64  instance.o(.text)
    get_rcvCardID                            0x080026c1   Thumb Code    12  instance.o(.text)
    get_TagspeedType                         0x080026cd   Thumb Code     8  instance.o(.text)
    get_TxspeedType                          0x080026d5   Thumb Code     6  instance.o(.text)
    instance_readaccumulatordata             0x080026db   Thumb Code     4  instance.o(.text)
    instance_run                             0x080026df   Thumb Code   224  instance.o(.text)
    openspi                                  0x080027cd   Thumb Code     4  deca_spi.o(.text)
    closespi                                 0x080027d1   Thumb Code    28  deca_spi.o(.text)
    writetospi                               0x080027ed   Thumb Code   114  deca_spi.o(.text)
    readfromspi                              0x0800285f   Thumb Code   116  deca_spi.o(.text)
    writetoLCD                               0x080028d3   Thumb Code   136  deca_spi.o(.text)
    reset_DW1000                             0x0800296d   Thumb Code    64  port.o(.text)
    SPI_ConfigFastRate                       0x080029ad   Thumb Code    84  port.o(.text)
    RTC_Configuration                        0x08002a01   Thumb Code   152  port.o(.text)
    rt_hw_tick_get_millisecond               0x08002aa1   Thumb Code    36  unistd.o(.text)
    sleep                                    0x08002ac5   Thumb Code    32  unistd.o(.text)
    rt_hw_tick_get_microsecond               0x08002ae5   Thumb Code    38  unistd.o(.text)
    usleep                                   0x08002b0b   Thumb Code    28  unistd.o(.text)
    exchange_data                            0x08002b2d   Thumb Code    38  as3933.o(.text)
    SpiReadWriteRegister                     0x08002b85   Thumb Code    50  as3933.o(.text)
    config_As3933                            0x08002bb7   Thumb Code   116  as3933.o(.text)
    EXCIT_Configuration                      0x08002c2b   Thumb Code    64  as3933.o(.text)
    as3933_data_init                         0x08002c6b   Thumb Code    66  as3933.o(.text)
    init_as3933                              0x08002cad   Thumb Code    20  as3933.o(.text)
    Reset_Handler                            0x08002ccd   Thumb Code     8  startup_stm32l1xx_md.o(.text)
    NMI_Handler                              0x08002cd5   Thumb Code     2  startup_stm32l1xx_md.o(.text)
    HardFault_Handler                        0x08002cd7   Thumb Code     2  startup_stm32l1xx_md.o(.text)
    MemManage_Handler                        0x08002cd9   Thumb Code     2  startup_stm32l1xx_md.o(.text)
    BusFault_Handler                         0x08002cdb   Thumb Code     2  startup_stm32l1xx_md.o(.text)
    UsageFault_Handler                       0x08002cdd   Thumb Code     2  startup_stm32l1xx_md.o(.text)
    SVC_Handler                              0x08002cdf   Thumb Code     2  startup_stm32l1xx_md.o(.text)
    DebugMon_Handler                         0x08002ce1   Thumb Code     2  startup_stm32l1xx_md.o(.text)
    PendSV_Handler                           0x08002ce3   Thumb Code     2  startup_stm32l1xx_md.o(.text)
    ADC1_IRQHandler                          0x08002ce7   Thumb Code     0  startup_stm32l1xx_md.o(.text)
    COMP_IRQHandler                          0x08002ce7   Thumb Code     0  startup_stm32l1xx_md.o(.text)
    DAC_IRQHandler                           0x08002ce7   Thumb Code     0  startup_stm32l1xx_md.o(.text)
    DMA1_Channel1_IRQHandler                 0x08002ce7   Thumb Code     0  startup_stm32l1xx_md.o(.text)
    DMA1_Channel2_IRQHandler                 0x08002ce7   Thumb Code     0  startup_stm32l1xx_md.o(.text)
    DMA1_Channel3_IRQHandler                 0x08002ce7   Thumb Code     0  startup_stm32l1xx_md.o(.text)
    DMA1_Channel4_IRQHandler                 0x08002ce7   Thumb Code     0  startup_stm32l1xx_md.o(.text)
    DMA1_Channel5_IRQHandler                 0x08002ce7   Thumb Code     0  startup_stm32l1xx_md.o(.text)
    DMA1_Channel6_IRQHandler                 0x08002ce7   Thumb Code     0  startup_stm32l1xx_md.o(.text)
    DMA1_Channel7_IRQHandler                 0x08002ce7   Thumb Code     0  startup_stm32l1xx_md.o(.text)
    EXTI15_10_IRQHandler                     0x08002ce7   Thumb Code     0  startup_stm32l1xx_md.o(.text)
    EXTI2_IRQHandler                         0x08002ce7   Thumb Code     0  startup_stm32l1xx_md.o(.text)
    EXTI4_IRQHandler                         0x08002ce7   Thumb Code     0  startup_stm32l1xx_md.o(.text)
    FLASH_IRQHandler                         0x08002ce7   Thumb Code     0  startup_stm32l1xx_md.o(.text)
    I2C1_ER_IRQHandler                       0x08002ce7   Thumb Code     0  startup_stm32l1xx_md.o(.text)
    I2C1_EV_IRQHandler                       0x08002ce7   Thumb Code     0  startup_stm32l1xx_md.o(.text)
    I2C2_ER_IRQHandler                       0x08002ce7   Thumb Code     0  startup_stm32l1xx_md.o(.text)
    I2C2_EV_IRQHandler                       0x08002ce7   Thumb Code     0  startup_stm32l1xx_md.o(.text)
    LCD_IRQHandler                           0x08002ce7   Thumb Code     0  startup_stm32l1xx_md.o(.text)
    PVD_IRQHandler                           0x08002ce7   Thumb Code     0  startup_stm32l1xx_md.o(.text)
    RCC_IRQHandler                           0x08002ce7   Thumb Code     0  startup_stm32l1xx_md.o(.text)
    RTC_Alarm_IRQHandler                     0x08002ce7   Thumb Code     0  startup_stm32l1xx_md.o(.text)
    SPI1_IRQHandler                          0x08002ce7   Thumb Code     0  startup_stm32l1xx_md.o(.text)
    SPI2_IRQHandler                          0x08002ce7   Thumb Code     0  startup_stm32l1xx_md.o(.text)
    TAMPER_STAMP_IRQHandler                  0x08002ce7   Thumb Code     0  startup_stm32l1xx_md.o(.text)
    TIM10_IRQHandler                         0x08002ce7   Thumb Code     0  startup_stm32l1xx_md.o(.text)
    TIM11_IRQHandler                         0x08002ce7   Thumb Code     0  startup_stm32l1xx_md.o(.text)
    TIM2_IRQHandler                          0x08002ce7   Thumb Code     0  startup_stm32l1xx_md.o(.text)
    TIM3_IRQHandler                          0x08002ce7   Thumb Code     0  startup_stm32l1xx_md.o(.text)
    TIM4_IRQHandler                          0x08002ce7   Thumb Code     0  startup_stm32l1xx_md.o(.text)
    TIM6_IRQHandler                          0x08002ce7   Thumb Code     0  startup_stm32l1xx_md.o(.text)
    TIM7_IRQHandler                          0x08002ce7   Thumb Code     0  startup_stm32l1xx_md.o(.text)
    TIM9_IRQHandler                          0x08002ce7   Thumb Code     0  startup_stm32l1xx_md.o(.text)
    USART2_IRQHandler                        0x08002ce7   Thumb Code     0  startup_stm32l1xx_md.o(.text)
    USART3_IRQHandler                        0x08002ce7   Thumb Code     0  startup_stm32l1xx_md.o(.text)
    USB_FS_WKUP_IRQHandler                   0x08002ce7   Thumb Code     0  startup_stm32l1xx_md.o(.text)
    USB_HP_IRQHandler                        0x08002ce7   Thumb Code     0  startup_stm32l1xx_md.o(.text)
    USB_LP_IRQHandler                        0x08002ce7   Thumb Code     0  startup_stm32l1xx_md.o(.text)
    WWDG_IRQHandler                          0x08002ce7   Thumb Code     0  startup_stm32l1xx_md.o(.text)
    ADC_Configuration                        0x08002cf1   Thumb Code   160  adc.o(.text)
    ADC_Start                                0x08002d91   Thumb Code    72  adc.o(.text)
    ADC_Stop                                 0x08002dd9   Thumb Code    18  adc.o(.text)
    ADC_Get_ADCValue                         0x08002deb   Thumb Code    22  adc.o(.text)
    ADC_Get_Vdd                              0x08002e01   Thumb Code    84  adc.o(.text)
    motion_detect_init                       0x08002e69   Thumb Code    46  board.o(.text)
    motion_detect_int_open                   0x08002e97   Thumb Code    38  board.o(.text)
    motion_detect_int_close                  0x08002ebd   Thumb Code    32  board.o(.text)
    interrupt_init                           0x08002edd   Thumb Code    62  board.o(.text)
    peripheral_int_open                      0x08002f1b   Thumb Code    82  board.o(.text)
    board_init                               0x08002f6d   Thumb Code    56  board.o(.text)
    BUTTON_Configuration                     0x08002fa9   Thumb Code    92  button.o(.text)
    BUTTON_KeyCode_Read                      0x08003005   Thumb Code    38  button.o(.text)
    UART_Configuration                       0x08003031   Thumb Code   170  com_config.o(.text)
    fputc                                    0x080030db   Thumb Code    58  com_config.o(.text)
    LED_Configuration                        0x0800311d   Thumb Code   242  led.o(.text)
    led_station_init                         0x0800320f   Thumb Code    40  led.o(.text)
    led_station_on                           0x08003237   Thumb Code    14  led.o(.text)
    led_station_off                          0x08003245   Thumb Code    14  led.o(.text)
    LED_Red_Flash                            0x08003253   Thumb Code    30  led.o(.text)
    LED_Green_Flash                          0x08003271   Thumb Code    30  led.o(.text)
    EXTI0_IRQHandler                         0x0800329d   Thumb Code    22  mcu.o(.text)
    EXTI1_IRQHandler                         0x080032b3   Thumb Code    30  mcu.o(.text)
    EXTI3_IRQHandler                         0x080032d1   Thumb Code    30  mcu.o(.text)
    EXTI9_5_IRQHandler                       0x080032ef   Thumb Code    54  mcu.o(.text)
    set_flash_read_protection                0x080033f5   Thumb Code     2  mcu.o(.text)
    unset_flash_read_protection              0x080033f7   Thumb Code    34  mcu.o(.text)
    SysTick_Configuration                    0x08003453   Thumb Code    96  mcu.o(.text)
    chip_core_init                           0x080034b3   Thumb Code    20  mcu.o(.text)
    chip_interface_init                      0x080034c7   Thumb Code    12  mcu.o(.text)
    chip_lowpower_ready                      0x080034d3   Thumb Code    90  mcu.o(.text)
    chip_lowpower_finish                     0x0800352d   Thumb Code    64  mcu.o(.text)
    WatchdogReset                            0x0800356d   Thumb Code     8  mcu.o(.text)
    SysTick_Handler                          0x08003575   Thumb Code    12  mcu.o(.text)
    portResetTickCnt                         0x08003581   Thumb Code     8  mcu.o(.text)
    portSetTickCnt                           0x08003589   Thumb Code     6  mcu.o(.text)
    portGetTickCnt                           0x0800358f   Thumb Code     6  mcu.o(.text)
    GetSysClock                              0x08003595   Thumb Code     6  mcu.o(.text)
    ElapsedSysClock                          0x0800359b   Thumb Code    12  mcu.o(.text)
    Delay_ms                                 0x080035f7   Thumb Code    32  mcu.o(.text)
    Delay_us                                 0x08003617   Thumb Code    32  mcu.o(.text)
    MOTOR_Configuration                      0x08003659   Thumb Code    52  motor.o(.text)
    MOTOR_Start                              0x0800368d   Thumb Code    14  motor.o(.text)
    MOTOR_Stop                               0x0800369b   Thumb Code    14  motor.o(.text)
    SPI_Configuration                        0x080036ad   Thumb Code   192  spi_nano.o(.text)
    SPI2_Configuration                       0x0800376d   Thumb Code   198  spi_nano.o(.text)
    close_spi2_as3933                        0x08003833   Thumb Code    22  spi_nano.o(.text)
    MMA845x_WriteReg                         0x08003861   Thumb Code    30  mma8452q.o(.text)
    MMA845x_ReadReg                          0x0800387f   Thumb Code    26  mma8452q.o(.text)
    MMA845x_ChipCheck                        0x080038c7   Thumb Code    64  mma8452q.o(.text)
    MMA845x_Init                             0x08003907   Thumb Code   338  mma8452q.o(.text)
    WAIT_NOP                                 0x08003a5d   Thumb Code    26  hal_io_i2c.o(.text)
    HAL_I2C_Init                             0x08003a77   Thumb Code   100  hal_io_i2c.o(.text)
    HAL_I2C_Start                            0x08003adb   Thumb Code    98  hal_io_i2c.o(.text)
    HAL_I2C_Stop                             0x08003b3d   Thumb Code    88  hal_io_i2c.o(.text)
    HAL_I2C_ACK                              0x08003b95   Thumb Code   104  hal_io_i2c.o(.text)
    HAL_I2C_SendByte                         0x08003bfd   Thumb Code   224  hal_io_i2c.o(.text)
    HAL_I2C_RecvByte                         0x08003cdd   Thumb Code   120  hal_io_i2c.o(.text)
    HAL_I2C_WriteReg                         0x08003d55   Thumb Code    36  hal_io_i2c.o(.text)
    HAL_I2C_ReadReg                          0x08003d79   Thumb Code    54  hal_io_i2c.o(.text)
    RTC_WKUP_IRQHandler                      0x08003db5   Thumb Code    20  sleep.o(.text)
    SleepInit                                0x08003dc9   Thumb Code    22  sleep.o(.text)
    Sleep                                    0x08003ddf   Thumb Code   152  sleep.o(.text)
    system_powersave_sleep                   0x08003ee1   Thumb Code    12  sleep.o(.text)
    system_powersave_wakeup                  0x08003eed   Thumb Code    38  sleep.o(.text)
    system_sleep                             0x08003f13   Thumb Code    12  sleep.o(.text)
    NVIC_PriorityGroupConfig                 0x08003f2d   Thumb Code    10  misc.o(.text)
    NVIC_Init                                0x08003f37   Thumb Code   108  misc.o(.text)
    NVIC_SetVectorTable                      0x08003fa3   Thumb Code    14  misc.o(.text)
    NVIC_SystemLPConfig                      0x08003fb1   Thumb Code    34  misc.o(.text)
    SysTick_CLKSourceConfig                  0x08003fd3   Thumb Code    40  misc.o(.text)
    ADC_DeInit                               0x08004011   Thumb Code    28  stm32l1xx_adc.o(.text)
    ADC_Init                                 0x0800402d   Thumb Code    74  stm32l1xx_adc.o(.text)
    ADC_StructInit                           0x08004077   Thumb Code    26  stm32l1xx_adc.o(.text)
    ADC_CommonInit                           0x08004091   Thumb Code    22  stm32l1xx_adc.o(.text)
    ADC_CommonStructInit                     0x080040a7   Thumb Code     6  stm32l1xx_adc.o(.text)
    ADC_Cmd                                  0x080040ad   Thumb Code    22  stm32l1xx_adc.o(.text)
    ADC_BankSelection                        0x080040c3   Thumb Code    22  stm32l1xx_adc.o(.text)
    ADC_PowerDownCmd                         0x080040d9   Thumb Code    18  stm32l1xx_adc.o(.text)
    ADC_DelaySelectionConfig                 0x080040eb   Thumb Code    16  stm32l1xx_adc.o(.text)
    ADC_AnalogWatchdogCmd                    0x080040fb   Thumb Code    16  stm32l1xx_adc.o(.text)
    ADC_AnalogWatchdogThresholdsConfig       0x0800410b   Thumb Code     6  stm32l1xx_adc.o(.text)
    ADC_AnalogWatchdogSingleChannelConfig    0x08004111   Thumb Code    16  stm32l1xx_adc.o(.text)
    ADC_TempSensorVrefintCmd                 0x08004121   Thumb Code    30  stm32l1xx_adc.o(.text)
    ADC_RegularChannelConfig                 0x0800413f   Thumb Code   344  stm32l1xx_adc.o(.text)
    ADC_SoftwareStartConv                    0x08004297   Thumb Code    10  stm32l1xx_adc.o(.text)
    ADC_GetSoftwareStartConvStatus           0x080042a1   Thumb Code    20  stm32l1xx_adc.o(.text)
    ADC_EOCOnEachRegularChannelCmd           0x080042b5   Thumb Code    22  stm32l1xx_adc.o(.text)
    ADC_ContinuousModeCmd                    0x080042cb   Thumb Code    22  stm32l1xx_adc.o(.text)
    ADC_DiscModeChannelCountConfig           0x080042e1   Thumb Code    24  stm32l1xx_adc.o(.text)
    ADC_DiscModeCmd                          0x080042f9   Thumb Code    22  stm32l1xx_adc.o(.text)
    ADC_GetConversionValue                   0x0800430f   Thumb Code     8  stm32l1xx_adc.o(.text)
    ADC_DMACmd                               0x08004317   Thumb Code    22  stm32l1xx_adc.o(.text)
    ADC_DMARequestAfterLastTransferCmd       0x0800432d   Thumb Code    22  stm32l1xx_adc.o(.text)
    ADC_InjectedChannelConfig                0x08004343   Thumb Code   232  stm32l1xx_adc.o(.text)
    ADC_InjectedSequencerLengthConfig        0x0800442b   Thumb Code    24  stm32l1xx_adc.o(.text)
    ADC_SetInjectedOffset                    0x08004443   Thumb Code    20  stm32l1xx_adc.o(.text)
    ADC_ExternalTrigInjectedConvConfig       0x08004457   Thumb Code    16  stm32l1xx_adc.o(.text)
    ADC_ExternalTrigInjectedConvEdgeConfig   0x08004467   Thumb Code    16  stm32l1xx_adc.o(.text)
    ADC_SoftwareStartInjectedConv            0x08004477   Thumb Code    10  stm32l1xx_adc.o(.text)
    ADC_GetSoftwareStartInjectedConvCmdStatus 0x08004481   Thumb Code    20  stm32l1xx_adc.o(.text)
    ADC_AutoInjectedConvCmd                  0x08004495   Thumb Code    22  stm32l1xx_adc.o(.text)
    ADC_InjectedDiscModeCmd                  0x080044ab   Thumb Code    22  stm32l1xx_adc.o(.text)
    ADC_GetInjectedConversionValue           0x080044c1   Thumb Code    28  stm32l1xx_adc.o(.text)
    ADC_ITConfig                             0x080044dd   Thumb Code    32  stm32l1xx_adc.o(.text)
    ADC_GetFlagStatus                        0x080044fd   Thumb Code    18  stm32l1xx_adc.o(.text)
    ADC_ClearFlag                            0x0800450f   Thumb Code     6  stm32l1xx_adc.o(.text)
    ADC_GetITStatus                          0x08004515   Thumb Code    38  stm32l1xx_adc.o(.text)
    ADC_ClearITPendingBit                    0x0800453b   Thumb Code    10  stm32l1xx_adc.o(.text)
    EXTI_DeInit                              0x08004545   Thumb Code    30  stm32l1xx_exti.o(.text)
    EXTI_Init                                0x08004563   Thumb Code   142  stm32l1xx_exti.o(.text)
    EXTI_StructInit                          0x080045f1   Thumb Code    16  stm32l1xx_exti.o(.text)
    EXTI_GenerateSWInterrupt                 0x08004601   Thumb Code    16  stm32l1xx_exti.o(.text)
    EXTI_GetFlagStatus                       0x08004611   Thumb Code    22  stm32l1xx_exti.o(.text)
    EXTI_ClearFlag                           0x08004627   Thumb Code     8  stm32l1xx_exti.o(.text)
    EXTI_GetITStatus                         0x0800462f   Thumb Code    22  stm32l1xx_exti.o(.text)
    EXTI_ClearITPendingBit                   0x08004645   Thumb Code     8  stm32l1xx_exti.o(.text)
    FLASH_SetLatency                         0x08004651   Thumb Code    18  stm32l1xx_flash.o(.text)
    FLASH_PrefetchBufferCmd                  0x08004663   Thumb Code    30  stm32l1xx_flash.o(.text)
    FLASH_ReadAccess64Cmd                    0x08004681   Thumb Code    30  stm32l1xx_flash.o(.text)
    FLASH_SLEEPPowerDownCmd                  0x0800469f   Thumb Code    30  stm32l1xx_flash.o(.text)
    DATA_EEPROM_Unlock                       0x080046bd   Thumb Code    26  stm32l1xx_flash.o(.text)
    FLASH_Unlock                             0x080046d7   Thumb Code    32  stm32l1xx_flash.o(.text)
    FLASH_Lock                               0x080046f7   Thumb Code    18  stm32l1xx_flash.o(.text)
    FLASH_GetStatus                          0x08004709   Thumb Code    54  stm32l1xx_flash.o(.text)
    FLASH_WaitForLastOperation               0x0800473f   Thumb Code    48  stm32l1xx_flash.o(.text)
    FLASH_ErasePage                          0x0800476f   Thumb Code    86  stm32l1xx_flash.o(.text)
    FLASH_FastProgramWord                    0x080047c5   Thumb Code    34  stm32l1xx_flash.o(.text)
    DATA_EEPROM_Lock                         0x080047e7   Thumb Code    18  stm32l1xx_flash.o(.text)
    DATA_EEPROM_FixedTimeProgramCmd          0x080047f9   Thumb Code    38  stm32l1xx_flash.o(.text)
    DATA_EEPROM_EraseByte                    0x0800481f   Thumb Code    26  stm32l1xx_flash.o(.text)
    DATA_EEPROM_EraseHalfWord                0x08004839   Thumb Code    26  stm32l1xx_flash.o(.text)
    DATA_EEPROM_EraseWord                    0x08004853   Thumb Code    26  stm32l1xx_flash.o(.text)
    DATA_EEPROM_FastProgramWord              0x0800486d   Thumb Code    50  stm32l1xx_flash.o(.text)
    DATA_EEPROM_FastProgramByte              0x0800489f   Thumb Code   108  stm32l1xx_flash.o(.text)
    DATA_EEPROM_FastProgramHalfWord          0x0800490b   Thumb Code   136  stm32l1xx_flash.o(.text)
    DATA_EEPROM_ProgramByte                  0x08004993   Thumb Code    92  stm32l1xx_flash.o(.text)
    DATA_EEPROM_ProgramHalfWord              0x080049ef   Thumb Code   140  stm32l1xx_flash.o(.text)
    DATA_EEPROM_ProgramWord                  0x08004a7b   Thumb Code    34  stm32l1xx_flash.o(.text)
    FLASH_OB_Unlock                          0x08004a9d   Thumb Code    30  stm32l1xx_flash.o(.text)
    FLASH_OB_Lock                            0x08004abb   Thumb Code    14  stm32l1xx_flash.o(.text)
    FLASH_OB_Launch                          0x08004ac9   Thumb Code    14  stm32l1xx_flash.o(.text)
    FLASH_OB_WRPConfig                       0x08004ad7   Thumb Code   142  stm32l1xx_flash.o(.text)
    FLASH_OB_WRP1Config                      0x08004b65   Thumb Code   142  stm32l1xx_flash.o(.text)
    FLASH_OB_WRP2Config                      0x08004bf3   Thumb Code   142  stm32l1xx_flash.o(.text)
    FLASH_OB_RDPConfig                       0x08004c81   Thumb Code    48  stm32l1xx_flash.o(.text)
    FLASH_OB_PCROPConfig                     0x08004cb1   Thumb Code   142  stm32l1xx_flash.o(.text)
    FLASH_OB_PCROP1Config                    0x08004d3f   Thumb Code   142  stm32l1xx_flash.o(.text)
    FLASH_OB_PCROPSelectionConfig            0x08004dcd   Thumb Code    72  stm32l1xx_flash.o(.text)
    FLASH_OB_UserConfig                      0x08004e15   Thumb Code    94  stm32l1xx_flash.o(.text)
    FLASH_OB_BORConfig                       0x08004e73   Thumb Code    84  stm32l1xx_flash.o(.text)
    FLASH_OB_BootConfig                      0x08004ec7   Thumb Code    62  stm32l1xx_flash.o(.text)
    FLASH_OB_GetUser                         0x08004f05   Thumb Code    10  stm32l1xx_flash.o(.text)
    FLASH_OB_GetWRP                          0x08004f0f   Thumb Code     8  stm32l1xx_flash.o(.text)
    FLASH_OB_GetWRP1                         0x08004f17   Thumb Code     8  stm32l1xx_flash.o(.text)
    FLASH_OB_GetWRP2                         0x08004f1f   Thumb Code     8  stm32l1xx_flash.o(.text)
    FLASH_OB_GetRDP                          0x08004f27   Thumb Code    20  stm32l1xx_flash.o(.text)
    FLASH_OB_GetSPRMOD                       0x08004f3b   Thumb Code    22  stm32l1xx_flash.o(.text)
    FLASH_OB_GetBOR                          0x08004f51   Thumb Code    10  stm32l1xx_flash.o(.text)
    FLASH_ITConfig                           0x08004f5b   Thumb Code    34  stm32l1xx_flash.o(.text)
    FLASH_GetFlagStatus                      0x08004f7d   Thumb Code    22  stm32l1xx_flash.o(.text)
    FLASH_ClearFlag                          0x08004f93   Thumb Code     8  stm32l1xx_flash.o(.text)
    GPIO_DeInit                              0x08004fa5   Thumb Code   196  stm32l1xx_gpio.o(.text)
    GPIO_Init                                0x08005069   Thumb Code   144  stm32l1xx_gpio.o(.text)
    GPIO_StructInit                          0x080050f9   Thumb Code    18  stm32l1xx_gpio.o(.text)
    GPIO_PinLockConfig                       0x0800510b   Thumb Code    34  stm32l1xx_gpio.o(.text)
    GPIO_ReadInputDataBit                    0x0800512d   Thumb Code    18  stm32l1xx_gpio.o(.text)
    GPIO_ReadInputData                       0x0800513f   Thumb Code     6  stm32l1xx_gpio.o(.text)
    GPIO_ReadOutputDataBit                   0x08005145   Thumb Code    18  stm32l1xx_gpio.o(.text)
    GPIO_ReadOutputData                      0x08005157   Thumb Code     6  stm32l1xx_gpio.o(.text)
    GPIO_SetBits                             0x0800515d   Thumb Code     4  stm32l1xx_gpio.o(.text)
    GPIO_ResetBits                           0x08005161   Thumb Code     4  stm32l1xx_gpio.o(.text)
    GPIO_WriteBit                            0x08005165   Thumb Code    10  stm32l1xx_gpio.o(.text)
    GPIO_Write                               0x0800516f   Thumb Code     4  stm32l1xx_gpio.o(.text)
    GPIO_ToggleBits                          0x08005173   Thumb Code     8  stm32l1xx_gpio.o(.text)
    GPIO_PinAFConfig                         0x0800517b   Thumb Code    70  stm32l1xx_gpio.o(.text)
    IWDG_WriteAccessCmd                      0x080051e1   Thumb Code     6  stm32l1xx_iwdg.o(.text)
    IWDG_SetPrescaler                        0x080051e7   Thumb Code     6  stm32l1xx_iwdg.o(.text)
    IWDG_SetReload                           0x080051ed   Thumb Code     6  stm32l1xx_iwdg.o(.text)
    IWDG_ReloadCounter                       0x080051f3   Thumb Code    10  stm32l1xx_iwdg.o(.text)
    IWDG_Enable                              0x080051fd   Thumb Code    10  stm32l1xx_iwdg.o(.text)
    IWDG_GetFlagStatus                       0x08005207   Thumb Code    20  stm32l1xx_iwdg.o(.text)
    LCD_DeInit                               0x08005221   Thumb Code    22  stm32l1xx_lcd.o(.text)
    LCD_WaitForSynchro                       0x08005237   Thumb Code    14  stm32l1xx_lcd.o(.text)
    LCD_Init                                 0x08005245   Thumb Code    86  stm32l1xx_lcd.o(.text)
    LCD_StructInit                           0x0800529b   Thumb Code    14  stm32l1xx_lcd.o(.text)
    LCD_Cmd                                  0x080052a9   Thumb Code     6  stm32l1xx_lcd.o(.text)
    LCD_HighDriveCmd                         0x080052af   Thumb Code     6  stm32l1xx_lcd.o(.text)
    LCD_MuxSegmentCmd                        0x080052b5   Thumb Code     6  stm32l1xx_lcd.o(.text)
    LCD_PulseOnDurationConfig                0x080052bb   Thumb Code    26  stm32l1xx_lcd.o(.text)
    LCD_DeadTimeConfig                       0x080052d5   Thumb Code    26  stm32l1xx_lcd.o(.text)
    LCD_BlinkConfig                          0x080052ef   Thumb Code    34  stm32l1xx_lcd.o(.text)
    LCD_ContrastConfig                       0x08005311   Thumb Code    26  stm32l1xx_lcd.o(.text)
    LCD_Write                                0x0800532b   Thumb Code    10  stm32l1xx_lcd.o(.text)
    LCD_UpdateDisplayRequest                 0x08005335   Thumb Code     8  stm32l1xx_lcd.o(.text)
    LCD_ITConfig                             0x0800533d   Thumb Code    34  stm32l1xx_lcd.o(.text)
    LCD_GetFlagStatus                        0x0800535f   Thumb Code    20  stm32l1xx_lcd.o(.text)
    LCD_ClearFlag                            0x08005373   Thumb Code     8  stm32l1xx_lcd.o(.text)
    LCD_GetITStatus                          0x0800537b   Thumb Code    38  stm32l1xx_lcd.o(.text)
    LCD_ClearITPendingBit                    0x080053a1   Thumb Code     8  stm32l1xx_lcd.o(.text)
    PWR_DeInit                               0x080053b9   Thumb Code    22  stm32l1xx_pwr.o(.text)
    PWR_RTCAccessCmd                         0x080053cf   Thumb Code     6  stm32l1xx_pwr.o(.text)
    PWR_PVDLevelConfig                       0x080053d5   Thumb Code    18  stm32l1xx_pwr.o(.text)
    PWR_PVDCmd                               0x080053e7   Thumb Code     6  stm32l1xx_pwr.o(.text)
    PWR_WakeUpPinCmd                         0x080053ed   Thumb Code    20  stm32l1xx_pwr.o(.text)
    PWR_FastWakeUpCmd                        0x08005401   Thumb Code     6  stm32l1xx_pwr.o(.text)
    PWR_UltraLowPowerCmd                     0x08005407   Thumb Code     6  stm32l1xx_pwr.o(.text)
    PWR_VoltageScalingConfig                 0x0800540d   Thumb Code    24  stm32l1xx_pwr.o(.text)
    PWR_EnterLowPowerRunMode                 0x08005425   Thumb Code    50  stm32l1xx_pwr.o(.text)
    PWR_EnterSleepMode                       0x08005457   Thumb Code    42  stm32l1xx_pwr.o(.text)
    PWR_EnterSTOPMode                        0x08005481   Thumb Code    54  stm32l1xx_pwr.o(.text)
    PWR_EnterSTANDBYMode                     0x080054b7   Thumb Code    42  stm32l1xx_pwr.o(.text)
    PWR_GetFlagStatus                        0x080054e1   Thumb Code    20  stm32l1xx_pwr.o(.text)
    PWR_ClearFlag                            0x080054f5   Thumb Code    14  stm32l1xx_pwr.o(.text)
    RCC_DeInit                               0x08005511   Thumb Code    74  stm32l1xx_rcc.o(.text)
    RCC_HSEConfig                            0x0800555b   Thumb Code    14  stm32l1xx_rcc.o(.text)
    RCC_GetFlagStatus                        0x08005569   Thumb Code    48  stm32l1xx_rcc.o(.text)
    RCC_WaitForHSEStartUp                    0x08005599   Thumb Code    56  stm32l1xx_rcc.o(.text)
    RCC_AdjustMSICalibrationValue            0x080055d1   Thumb Code     8  stm32l1xx_rcc.o(.text)
    RCC_MSIRangeConfig                       0x080055d9   Thumb Code    20  stm32l1xx_rcc.o(.text)
    RCC_MSICmd                               0x080055ed   Thumb Code     6  stm32l1xx_rcc.o(.text)
    RCC_AdjustHSICalibrationValue            0x080055f3   Thumb Code    22  stm32l1xx_rcc.o(.text)
    RCC_HSICmd                               0x08005609   Thumb Code     6  stm32l1xx_rcc.o(.text)
    RCC_LSEConfig                            0x0800560f   Thumb Code    14  stm32l1xx_rcc.o(.text)
    RCC_LSICmd                               0x0800561d   Thumb Code     6  stm32l1xx_rcc.o(.text)
    RCC_PLLConfig                            0x08005623   Thumb Code    16  stm32l1xx_rcc.o(.text)
    RCC_PLLCmd                               0x08005633   Thumb Code     6  stm32l1xx_rcc.o(.text)
    RCC_ClockSecuritySystemCmd               0x08005639   Thumb Code     6  stm32l1xx_rcc.o(.text)
    RCC_LSEClockSecuritySystemCmd            0x0800563f   Thumb Code     8  stm32l1xx_rcc.o(.text)
    RCC_MCOConfig                            0x08005647   Thumb Code    12  stm32l1xx_rcc.o(.text)
    RCC_SYSCLKConfig                         0x08005653   Thumb Code    20  stm32l1xx_rcc.o(.text)
    RCC_GetSYSCLKSource                      0x08005667   Thumb Code    12  stm32l1xx_rcc.o(.text)
    RCC_HCLKConfig                           0x08005673   Thumb Code    20  stm32l1xx_rcc.o(.text)
    RCC_PCLK1Config                          0x08005687   Thumb Code    20  stm32l1xx_rcc.o(.text)
    RCC_PCLK2Config                          0x0800569b   Thumb Code    22  stm32l1xx_rcc.o(.text)
    RCC_GetClocksFreq                        0x080056b1   Thumb Code   248  stm32l1xx_rcc.o(.text)
    RCC_RTCCLKConfig                         0x080057a9   Thumb Code    64  stm32l1xx_rcc.o(.text)
    RCC_RTCCLKCmd                            0x080057e9   Thumb Code     8  stm32l1xx_rcc.o(.text)
    RCC_RTCResetCmd                          0x080057f1   Thumb Code     8  stm32l1xx_rcc.o(.text)
    RCC_AHBPeriphClockCmd                    0x080057f9   Thumb Code    34  stm32l1xx_rcc.o(.text)
    RCC_APB2PeriphClockCmd                   0x0800581b   Thumb Code    34  stm32l1xx_rcc.o(.text)
    RCC_APB1PeriphClockCmd                   0x0800583d   Thumb Code    34  stm32l1xx_rcc.o(.text)
    RCC_AHBPeriphResetCmd                    0x0800585f   Thumb Code    34  stm32l1xx_rcc.o(.text)
    RCC_APB2PeriphResetCmd                   0x08005881   Thumb Code    34  stm32l1xx_rcc.o(.text)
    RCC_APB1PeriphResetCmd                   0x080058a3   Thumb Code    34  stm32l1xx_rcc.o(.text)
    RCC_AHBPeriphClockLPModeCmd              0x080058c5   Thumb Code    34  stm32l1xx_rcc.o(.text)
    RCC_APB2PeriphClockLPModeCmd             0x080058e7   Thumb Code    66  stm32l1xx_rcc.o(.text)
    RCC_APB1PeriphClockLPModeCmd             0x08005929   Thumb Code    34  stm32l1xx_rcc.o(.text)
    RCC_ITConfig                             0x0800594b   Thumb Code    34  stm32l1xx_rcc.o(.text)
    RCC_ClearFlag                            0x0800596d   Thumb Code    18  stm32l1xx_rcc.o(.text)
    RCC_GetITStatus                          0x0800597f   Thumb Code    22  stm32l1xx_rcc.o(.text)
    RCC_ClearITPendingBit                    0x08005995   Thumb Code     8  stm32l1xx_rcc.o(.text)
    RTC_WaitForSynchro                       0x080059a1   Thumb Code    92  stm32l1xx_rtc.o(.text)
    RTC_EnterInitMode                        0x080059fd   Thumb Code    84  stm32l1xx_rtc.o(.text)
    RTC_DeInit                               0x08005a51   Thumb Code   204  stm32l1xx_rtc.o(.text)
    RTC_ExitInitMode                         0x08005b1d   Thumb Code    18  stm32l1xx_rtc.o(.text)
    RTC_Init                                 0x08005b2f   Thumb Code    94  stm32l1xx_rtc.o(.text)
    RTC_StructInit                           0x08005b8d   Thumb Code    14  stm32l1xx_rtc.o(.text)
    RTC_WriteProtectionCmd                   0x08005b9b   Thumb Code    22  stm32l1xx_rtc.o(.text)
    RTC_RefClockCmd                          0x08005bb1   Thumb Code    76  stm32l1xx_rtc.o(.text)
    RTC_BypassShadowCmd                      0x08005bfd   Thumb Code    54  stm32l1xx_rtc.o(.text)
    RTC_SetTime                              0x08005c65   Thumb Code   200  stm32l1xx_rtc.o(.text)
    RTC_TimeStructInit                       0x08005d2d   Thumb Code    12  stm32l1xx_rtc.o(.text)
    RTC_GetTime                              0x08005d39   Thumb Code    74  stm32l1xx_rtc.o(.text)
    RTC_GetSubSecond                         0x08005d83   Thumb Code    30  stm32l1xx_rtc.o(.text)
    RTC_SetDate                              0x08005da1   Thumb Code   190  stm32l1xx_rtc.o(.text)
    RTC_DateStructInit                       0x08005e5f   Thumb Code    14  stm32l1xx_rtc.o(.text)
    RTC_GetDate                              0x08005e6d   Thumb Code    70  stm32l1xx_rtc.o(.text)
    RTC_SetAlarm                             0x08005eb3   Thumb Code   230  stm32l1xx_rtc.o(.text)
    RTC_AlarmStructInit                      0x08005f99   Thumb Code    22  stm32l1xx_rtc.o(.text)
    RTC_GetAlarm                             0x08005faf   Thumb Code   114  stm32l1xx_rtc.o(.text)
    RTC_AlarmCmd                             0x08006021   Thumb Code   112  stm32l1xx_rtc.o(.text)
    RTC_AlarmSubSecondConfig                 0x08006091   Thumb Code    46  stm32l1xx_rtc.o(.text)
    RTC_GetAlarmSubSecond                    0x080060bf   Thumb Code    34  stm32l1xx_rtc.o(.text)
    RTC_WakeUpClockConfig                    0x080060e1   Thumb Code    42  stm32l1xx_rtc.o(.text)
    RTC_SetWakeUpCounter                     0x0800610b   Thumb Code    22  stm32l1xx_rtc.o(.text)
    RTC_GetWakeUpCounter                     0x08006121   Thumb Code    10  stm32l1xx_rtc.o(.text)
    RTC_WakeUpCmd                            0x0800612b   Thumb Code   116  stm32l1xx_rtc.o(.text)
    RTC_DayLightSavingConfig                 0x0800619f   Thumb Code    50  stm32l1xx_rtc.o(.text)
    RTC_GetStoreOperation                    0x080061d1   Thumb Code    12  stm32l1xx_rtc.o(.text)
    RTC_OutputConfig                         0x080061dd   Thumb Code    60  stm32l1xx_rtc.o(.text)
    RTC_CoarseCalibConfig                    0x08006219   Thumb Code    52  stm32l1xx_rtc.o(.text)
    RTC_CoarseCalibCmd                       0x0800624d   Thumb Code    76  stm32l1xx_rtc.o(.text)
    RTC_CalibOutputCmd                       0x08006299   Thumb Code    54  stm32l1xx_rtc.o(.text)
    RTC_CalibOutputConfig                    0x080062cf   Thumb Code    42  stm32l1xx_rtc.o(.text)
    RTC_SmoothCalibConfig                    0x080062f9   Thumb Code    90  stm32l1xx_rtc.o(.text)
    RTC_TimeStampCmd                         0x08006353   Thumb Code    54  stm32l1xx_rtc.o(.text)
    RTC_GetTimeStamp                         0x08006389   Thumb Code   144  stm32l1xx_rtc.o(.text)
    RTC_GetTimeStampSubSecond                0x08006419   Thumb Code     8  stm32l1xx_rtc.o(.text)
    RTC_TamperTriggerConfig                  0x08006421   Thumb Code    38  stm32l1xx_rtc.o(.text)
    RTC_TamperCmd                            0x08006447   Thumb Code    34  stm32l1xx_rtc.o(.text)
    RTC_TamperFilterConfig                   0x08006469   Thumb Code    26  stm32l1xx_rtc.o(.text)
    RTC_TamperSamplingFreqConfig             0x08006483   Thumb Code    26  stm32l1xx_rtc.o(.text)
    RTC_TamperPinsPrechargeDuration          0x0800649d   Thumb Code    26  stm32l1xx_rtc.o(.text)
    RTC_TimeStampOnTamperDetectionCmd        0x080064b7   Thumb Code    38  stm32l1xx_rtc.o(.text)
    RTC_TamperPullUpCmd                      0x080064dd   Thumb Code    38  stm32l1xx_rtc.o(.text)
    RTC_WriteBackupRegister                  0x08006503   Thumb Code    26  stm32l1xx_rtc.o(.text)
    RTC_ReadBackupRegister                   0x0800651d   Thumb Code    28  stm32l1xx_rtc.o(.text)
    RTC_OutputTypeConfig                     0x08006539   Thumb Code    26  stm32l1xx_rtc.o(.text)
    RTC_SynchroShiftConfig                   0x08006553   Thumb Code   118  stm32l1xx_rtc.o(.text)
    RTC_ITConfig                             0x080065c9   Thumb Code   108  stm32l1xx_rtc.o(.text)
    RTC_GetFlagStatus                        0x08006635   Thumb Code    32  stm32l1xx_rtc.o(.text)
    RTC_ClearFlag                            0x08006655   Thumb Code    30  stm32l1xx_rtc.o(.text)
    RTC_GetITStatus                          0x08006673   Thumb Code    68  stm32l1xx_rtc.o(.text)
    RTC_ClearITPendingBit                    0x080066b7   Thumb Code    32  stm32l1xx_rtc.o(.text)
    SPI_I2S_DeInit                           0x080066e1   Thumb Code    76  stm32l1xx_spi.o(.text)
    SPI_Init                                 0x0800672d   Thumb Code    60  stm32l1xx_spi.o(.text)
    I2S_Init                                 0x08006769   Thumb Code   212  stm32l1xx_spi.o(.text)
    SPI_StructInit                           0x0800683d   Thumb Code    24  stm32l1xx_spi.o(.text)
    I2S_StructInit                           0x08006855   Thumb Code    20  stm32l1xx_spi.o(.text)
    SPI_Cmd                                  0x08006869   Thumb Code    24  stm32l1xx_spi.o(.text)
    I2S_Cmd                                  0x08006881   Thumb Code    24  stm32l1xx_spi.o(.text)
    SPI_DataSizeConfig                       0x08006899   Thumb Code    18  stm32l1xx_spi.o(.text)
    SPI_BiDirectionalLineConfig              0x080068ab   Thumb Code    28  stm32l1xx_spi.o(.text)
    SPI_NSSInternalSoftwareConfig            0x080068c7   Thumb Code    30  stm32l1xx_spi.o(.text)
    SPI_SSOutputCmd                          0x080068e5   Thumb Code    24  stm32l1xx_spi.o(.text)
    SPI_I2S_ReceiveData                      0x080068fd   Thumb Code     6  stm32l1xx_spi.o(.text)
    SPI_I2S_SendData                         0x08006903   Thumb Code     4  stm32l1xx_spi.o(.text)
    SPI_CalculateCRC                         0x08006907   Thumb Code    24  stm32l1xx_spi.o(.text)
    SPI_TransmitCRC                          0x0800691f   Thumb Code    10  stm32l1xx_spi.o(.text)
    SPI_GetCRC                               0x08006929   Thumb Code    16  stm32l1xx_spi.o(.text)
    SPI_GetCRCPolynomial                     0x08006939   Thumb Code     6  stm32l1xx_spi.o(.text)
    SPI_I2S_DMACmd                           0x0800693f   Thumb Code    18  stm32l1xx_spi.o(.text)
    SPI_I2S_ITConfig                         0x08006951   Thumb Code    32  stm32l1xx_spi.o(.text)
    SPI_I2S_GetFlagStatus                    0x08006971   Thumb Code    18  stm32l1xx_spi.o(.text)
    SPI_I2S_ClearFlag                        0x08006983   Thumb Code     6  stm32l1xx_spi.o(.text)
    SPI_I2S_GetITStatus                      0x08006989   Thumb Code    52  stm32l1xx_spi.o(.text)
    SPI_I2S_ClearITPendingBit                0x080069bd   Thumb Code    20  stm32l1xx_spi.o(.text)
    SYSCFG_DeInit                            0x080069dd   Thumb Code    20  stm32l1xx_syscfg.o(.text)
    SYSCFG_RIDeInit                          0x080069f1   Thumb Code    32  stm32l1xx_syscfg.o(.text)
    SYSCFG_MemoryRemapConfig                 0x08006a11   Thumb Code     6  stm32l1xx_syscfg.o(.text)
    SYSCFG_GetBootMode                       0x08006a17   Thumb Code    10  stm32l1xx_syscfg.o(.text)
    SYSCFG_USBPuCmd                          0x08006a21   Thumb Code    30  stm32l1xx_syscfg.o(.text)
    SYSCFG_EXTILineConfig                    0x08006a3f   Thumb Code    66  stm32l1xx_syscfg.o(.text)
    SYSCFG_RITIMSelect                       0x08006a81   Thumb Code    18  stm32l1xx_syscfg.o(.text)
    SYSCFG_RITIMInputCaptureConfig           0x08006a93   Thumb Code    86  stm32l1xx_syscfg.o(.text)
    SYSCFG_RIResistorConfig                  0x08006ae9   Thumb Code    34  stm32l1xx_syscfg.o(.text)
    SYSCFG_RIChannelSpeedConfig              0x08006b0b   Thumb Code    34  stm32l1xx_syscfg.o(.text)
    SYSCFG_RIIOSwitchConfig                  0x08006b2d   Thumb Code    80  stm32l1xx_syscfg.o(.text)
    SYSCFG_RISwitchControlModeCmd            0x08006b7d   Thumb Code    38  stm32l1xx_syscfg.o(.text)
    SYSCFG_RIHysteresisConfig                0x08006ba3   Thumb Code   282  stm32l1xx_syscfg.o(.text)
    USART_DeInit                             0x08006cc5   Thumb Code   134  stm32l1xx_usart.o(.text)
    USART_Init                               0x08006d4b   Thumb Code   198  stm32l1xx_usart.o(.text)
    USART_StructInit                         0x08006e11   Thumb Code    24  stm32l1xx_usart.o(.text)
    USART_ClockInit                          0x08006e29   Thumb Code    32  stm32l1xx_usart.o(.text)
    USART_ClockStructInit                    0x08006e49   Thumb Code    12  stm32l1xx_usart.o(.text)
    USART_Cmd                                0x08006e55   Thumb Code    24  stm32l1xx_usart.o(.text)
    USART_SetPrescaler                       0x08006e6d   Thumb Code    16  stm32l1xx_usart.o(.text)
    USART_OverSampling8Cmd                   0x08006e7d   Thumb Code    22  stm32l1xx_usart.o(.text)
    USART_OneBitMethodCmd                    0x08006e93   Thumb Code    24  stm32l1xx_usart.o(.text)
    USART_SendData                           0x08006eab   Thumb Code     8  stm32l1xx_usart.o(.text)
    USART_ReceiveData                        0x08006eb3   Thumb Code    10  stm32l1xx_usart.o(.text)
    USART_SetAddress                         0x08006ebd   Thumb Code    18  stm32l1xx_usart.o(.text)
    USART_ReceiverWakeUpCmd                  0x08006ecf   Thumb Code    24  stm32l1xx_usart.o(.text)
    USART_WakeUpConfig                       0x08006ee7   Thumb Code    18  stm32l1xx_usart.o(.text)
    USART_LINBreakDetectLengthConfig         0x08006ef9   Thumb Code    18  stm32l1xx_usart.o(.text)
    USART_LINCmd                             0x08006f0b   Thumb Code    24  stm32l1xx_usart.o(.text)
    USART_SendBreak                          0x08006f23   Thumb Code    10  stm32l1xx_usart.o(.text)
    USART_HalfDuplexCmd                      0x08006f2d   Thumb Code    24  stm32l1xx_usart.o(.text)
    USART_SetGuardTime                       0x08006f45   Thumb Code    16  stm32l1xx_usart.o(.text)
    USART_SmartCardCmd                       0x08006f55   Thumb Code    24  stm32l1xx_usart.o(.text)
    USART_SmartCardNACKCmd                   0x08006f6d   Thumb Code    24  stm32l1xx_usart.o(.text)
    USART_IrDAConfig                         0x08006f85   Thumb Code    18  stm32l1xx_usart.o(.text)
    USART_IrDACmd                            0x08006f97   Thumb Code    24  stm32l1xx_usart.o(.text)
    USART_DMACmd                             0x08006faf   Thumb Code    18  stm32l1xx_usart.o(.text)
    USART_ITConfig                           0x08006fc1   Thumb Code    74  stm32l1xx_usart.o(.text)
    USART_GetFlagStatus                      0x0800700b   Thumb Code    26  stm32l1xx_usart.o(.text)
    USART_ClearFlag                          0x08007025   Thumb Code    18  stm32l1xx_usart.o(.text)
    USART_GetITStatus                        0x08007037   Thumb Code    84  stm32l1xx_usart.o(.text)
    USART_ClearITPendingBit                  0x0800708b   Thumb Code    50  stm32l1xx_usart.o(.text)
    msg_analyser_register                    0x080070bd   Thumb Code    34  stm32l1xx_usart.o(.text)
    USART1_IRQHandler                        0x080070df   Thumb Code   432  stm32l1xx_usart.o(.text)
    SystemInit                               0x08007391   Thumb Code    88  system_stm32l1xx.o(.text)
    SystemCoreClockUpdate                    0x080073e9   Thumb Code   204  system_stm32l1xx.o(.text)
    dwt_writetodevice                        0x080074e1   Thumb Code   138  deca_device.o(.text)
    dwt_write16bitoffsetreg                  0x0800756b   Thumb Code    38  deca_device.o(.text)
    dwt_write32bitoffsetreg                  0x08007591   Thumb Code    48  deca_device.o(.text)
    dwt_readfromdevice                       0x080075c1   Thumb Code   134  deca_device.o(.text)
    dwt_read32bitoffsetreg                   0x08007647   Thumb Code    56  deca_device.o(.text)
    _dwt_enableclocks                        0x0800767f   Thumb Code   314  deca_device.o(.text)
    _dwt_loaducodefromrom                    0x080077b9   Thumb Code    82  deca_device.o(.text)
    _dwt_nvmread                             0x0800780b   Thumb Code    84  deca_device.o(.text)
    dwt_readdevid                            0x0800785f   Thumb Code    12  deca_device.o(.text)
    dwt_initialise                           0x0800786b   Thumb Code   306  deca_device.o(.text)
    dwt_getpartid                            0x0800799d   Thumb Code     6  deca_device.o(.text)
    dwt_getlotid                             0x080079a3   Thumb Code     6  deca_device.o(.text)
    dwt_configuretxrf                        0x080079a9   Thumb Code    28  deca_device.o(.text)
    dwt_getotptxpower                        0x080079c5   Thumb Code    22  deca_device.o(.text)
    dwt_settxantennadelay                    0x080079db   Thumb Code    20  deca_device.o(.text)
    dwt_setrxantennadelay                    0x080079ef   Thumb Code    22  deca_device.o(.text)
    dwt_xtaltrim                             0x08007a05   Thumb Code    48  deca_device.o(.text)
    _dwt_configlde                           0x08007a35   Thumb Code    56  deca_device.o(.text)
    dwt_configure                            0x08007a6d   Thumb Code   630  deca_device.o(.text)
    dwt_readantennadelay                     0x08007ce3   Thumb Code    16  deca_device.o(.text)
    dwt_writetxdata                          0x08007cf3   Thumb Code    38  deca_device.o(.text)
    dwt_writetxfctrl                         0x08007d19   Thumb Code    30  deca_device.o(.text)
    dwt_readrxdata                           0x08007d37   Thumb Code    22  deca_device.o(.text)
    dwt_readaccdata                          0x08007d4d   Thumb Code    34  deca_device.o(.text)
    dwt_read16bitoffsetreg                   0x08007d6f   Thumb Code    44  deca_device.o(.text)
    dwt_readdignostics                       0x08007d9b   Thumb Code    96  deca_device.o(.text)
    dwt_readtxtimestamp                      0x08007dfb   Thumb Code    18  deca_device.o(.text)
    dwt_readtxtimestamphi32                  0x08007e0d   Thumb Code    12  deca_device.o(.text)
    dwt_readrxtimestamp                      0x08007e19   Thumb Code    18  deca_device.o(.text)
    dwt_readrxtimestamphi32                  0x08007e2b   Thumb Code    12  deca_device.o(.text)
    dwt_readsystimestamphi32                 0x08007e37   Thumb Code    12  deca_device.o(.text)
    dwt_readsystime                          0x08007e43   Thumb Code    18  deca_device.o(.text)
    dwt_enableframefilter                    0x08007e55   Thumb Code    50  deca_device.o(.text)
    dwt_setpanid                             0x08007e87   Thumb Code    16  deca_device.o(.text)
    dwt_setaddress16                         0x08007e97   Thumb Code    16  deca_device.o(.text)
    dwt_seteui                               0x08007ea7   Thumb Code    18  deca_device.o(.text)
    dwt_geteui                               0x08007eb9   Thumb Code    18  deca_device.o(.text)
    _dwt_nvmsetmrregs                        0x08007ecb   Thumb Code   614  deca_device.o(.text)
    _dwt_nvmprogword32                       0x08008131   Thumb Code   176  deca_device.o(.text)
    dwt_otpwriteandverify                    0x080081e1   Thumb Code    94  deca_device.o(.text)
    _dwt_aonconfigupload                     0x0800823f   Thumb Code    36  deca_device.o(.text)
    _dwt_aonarrayupload                      0x08008263   Thumb Code    36  deca_device.o(.text)
    dwt_entersleep                           0x08008287   Thumb Code     8  deca_device.o(.text)
    dwt_configuresleepcnt                    0x0800828f   Thumb Code   132  deca_device.o(.text)
    dwt_calibratesleepcnt                    0x08008313   Thumb Code   260  deca_device.o(.text)
    dwt_configuresleep                       0x08008417   Thumb Code    32  deca_device.o(.text)
    dwt_entersleepaftertx                    0x08008437   Thumb Code    38  deca_device.o(.text)
    dwt_spicswakeup                          0x0800845d   Thumb Code    58  deca_device.o(.text)
    dwt_loadopsettabfromotp                  0x08008497   Thumb Code    76  deca_device.o(.text)
    dwt_setsmarttxpower                      0x080084e3   Thumb Code    56  deca_device.o(.text)
    dwt_enableautoack                        0x0800851b   Thumb Code    54  deca_device.o(.text)
    dwt_setdblrxbuffmode                     0x08008551   Thumb Code    58  deca_device.o(.text)
    dwt_setautorxreenable                    0x0800858b   Thumb Code    46  deca_device.o(.text)
    dwt_setrxaftertxdelay                    0x080085b9   Thumb Code    36  deca_device.o(.text)
    dwt_setcallbacks                         0x080085dd   Thumb Code     8  deca_device.o(.text)
    dwt_isr                                  0x080085e5   Thumb Code   370  deca_device.o(.text)
    dwt_setleds                              0x08008757   Thumb Code   196  deca_device.o(.text)
    _dwt_checkclkplllock                     0x0800881b   Thumb Code    64  deca_device.o(.text)
    _dwt_disablesequencing                   0x0800885b   Thumb Code    20  deca_device.o(.text)
    dwt_setdelayedtrxtime                    0x0800886f   Thumb Code    16  deca_device.o(.text)
    dwt_starttx                              0x0800887f   Thumb Code   122  deca_device.o(.text)
    dwt_syncrxbufptrs                        0x080088f9   Thumb Code    64  deca_device.o(.text)
    dwt_forcetrxoff                          0x08008939   Thumb Code    50  deca_device.o(.text)
    dwt_setrxmode                            0x0800896b   Thumb Code    46  deca_device.o(.text)
    dwt_rxenable                             0x08008999   Thumb Code    76  deca_device.o(.text)
    dwt_setrxtimeout                         0x080089e5   Thumb Code   102  deca_device.o(.text)
    dwt_setpreambledetecttimeout             0x08008a4b   Thumb Code    16  deca_device.o(.text)
    dwt_setinterrupt                         0x08008a5b   Thumb Code    36  deca_device.o(.text)
    dwt_configeventcounters                  0x08008a7f   Thumb Code    44  deca_device.o(.text)
    dwt_readeventcounters                    0x08008aab   Thumb Code   138  deca_device.o(.text)
    dwt_softreset                            0x08008b35   Thumb Code   100  deca_device.o(.text)
    dwt_configcwmode                         0x08008b99   Thumb Code   144  deca_device.o(.text)
    dwt_configcontinuousframemode            0x08008c29   Thumb Code    78  deca_device.o(.text)
    dwt_readtempvbat                         0x08008c77   Thumb Code   152  deca_device.o(.text)
    dwt_readwakeuptemp                       0x08008d0f   Thumb Code    20  deca_device.o(.text)
    dwt_readwakeupvbat                       0x08008d23   Thumb Code    50  deca_device.o(.text)
    vPutC                                    0x08008d55   Thumb Code    30  printf_util.o(.text)
    vInitPrintf                              0x08008d73   Thumb Code     6  printf_util.o(.text)
    PrintfUtil_u8Init                        0x08008d79   Thumb Code    12  printf_util.o(.text)
    vNum2String                              0x08008d85   Thumb Code    94  printf_util.o(.text)
    PrintfUtil_vPrintf                       0x08008de3   Thumb Code   304  printf_util.o(.text)
    PrintfUtil_vPrintMem                     0x08008f13   Thumb Code    32  printf_util.o(.text)
    CRC16                                    0x08008f45   Thumb Code    48  crc.o(.text)
    __aeabi_uldivmod                         0x08008f7d   Thumb Code    98  uldiv.o(.text)
    __aeabi_memcpy                           0x08008fdf   Thumb Code    36  memcpya.o(.text)
    __aeabi_memcpy4                          0x08008fdf   Thumb Code     0  memcpya.o(.text)
    __aeabi_memcpy8                          0x08008fdf   Thumb Code     0  memcpya.o(.text)
    __aeabi_memset                           0x08009003   Thumb Code    14  memseta.o(.text)
    __aeabi_memset4                          0x08009003   Thumb Code     0  memseta.o(.text)
    __aeabi_memset8                          0x08009003   Thumb Code     0  memseta.o(.text)
    __aeabi_memclr                           0x08009011   Thumb Code     4  memseta.o(.text)
    __aeabi_memclr4                          0x08009011   Thumb Code     0  memseta.o(.text)
    __aeabi_memclr8                          0x08009011   Thumb Code     0  memseta.o(.text)
    _memset$wrapper                          0x08009015   Thumb Code    18  memseta.o(.text)
    __aeabi_fmul                             0x08009027   Thumb Code   108  fmul.o(.text)
    __aeabi_fdiv                             0x08009093   Thumb Code   128  fdiv.o(.text)
    __aeabi_dadd                             0x08009113   Thumb Code   322  dadd.o(.text)
    __aeabi_dsub                             0x08009255   Thumb Code     6  dadd.o(.text)
    __aeabi_drsub                            0x0800925b   Thumb Code     6  dadd.o(.text)
    __aeabi_dmul                             0x08009261   Thumb Code   228  dmul.o(.text)
    __aeabi_ddiv                             0x08009345   Thumb Code   222  ddiv.o(.text)
    __aeabi_ui2f                             0x08009423   Thumb Code    10  ffltui.o(.text)
    __aeabi_ui2d                             0x0800942d   Thumb Code    26  dfltui.o(.text)
    __aeabi_f2uiz                            0x08009447   Thumb Code    40  ffixui.o(.text)
    __aeabi_d2iz                             0x0800946f   Thumb Code    62  dfixi.o(.text)
    __aeabi_d2ulz                            0x080094ad   Thumb Code    48  dfixul.o(.text)
    __aeabi_cdrcmple                         0x080094dd   Thumb Code    38  cdrcmple.o(.text)
    __aeabi_llsl                             0x08009505   Thumb Code    30  llshl.o(.text)
    _ll_shift_l                              0x08009505   Thumb Code     0  llshl.o(.text)
    __aeabi_llsr                             0x08009523   Thumb Code    32  llushr.o(.text)
    _ll_ushift_r                             0x08009523   Thumb Code     0  llushr.o(.text)
    __aeabi_lasr                             0x08009543   Thumb Code    36  llsshr.o(.text)
    _ll_sshift_r                             0x08009543   Thumb Code     0  llsshr.o(.text)
    __I$use$fp                               0x08009567   Thumb Code     0  iusefp.o(.text)
    _float_round                             0x08009567   Thumb Code    18  fepilogue.o(.text)
    _float_epilogue                          0x08009579   Thumb Code    90  fepilogue.o(.text)
    _double_round                            0x080095d3   Thumb Code    26  depilogue.o(.text)
    _double_epilogue                         0x080095ed   Thumb Code   164  depilogue.o(.text)
    __ARM_scalbn                             0x08009691   Thumb Code    46  dscalb.o(.text)
    scalbn                                   0x08009691   Thumb Code     0  dscalb.o(.text)
    __aeabi_i2d                              0x080096bf   Thumb Code    34  dflti.o(.text)
    __scatterload                            0x080096e1   Thumb Code    28  init.o(.text)
    __scatterload_rt2                        0x080096e1   Thumb Code     0  init.o(.text)
    __aeabi_cdcmpeq                          0x08009705   Thumb Code     0  cdcmple.o(.text)
    __aeabi_cdcmple                          0x08009705   Thumb Code    38  cdcmple.o(.text)
    __0printf$bare                           0x0800972d   Thumb Code     8  printfb.o(i.__0printf$bare)
    __1printf$bare                           0x0800972d   Thumb Code     0  printfb.o(i.__0printf$bare)
    __2printf                                0x0800972d   Thumb Code     0  printfb.o(i.__0printf$bare)
    __kernel_poly                            0x0800973d   Thumb Code   170  poly.o(i.__kernel_poly)
    __scatterload_copy                       0x080097e7   Thumb Code    14  handlers.o(i.__scatterload_copy)
    __scatterload_null                       0x080097f5   Thumb Code     2  handlers.o(i.__scatterload_null)
    __scatterload_zeroinit                   0x080097f7   Thumb Code    14  handlers.o(i.__scatterload_zeroinit)
    __set_errno                              0x08009805   Thumb Code     6  errno.o(i.__set_errno)
    log                                      0x08009835   Thumb Code   822  log.o(i.log)
    log10                                    0x08009ba5   Thumb Code   212  log10.o(i.log10)
    txSpectrumConfig                         0x08009c98   Data          96  instance.o(.constdata)
    rfDelays                                 0x08009cf8   Data           4  instance.o(.constdata)
    chan_idx                                 0x08009d48   Data           8  deca_params_init.o(.constdata)
    tx_config                                0x08009d50   Data          24  deca_params_init.o(.constdata)
    pll2_config                              0x08009d68   Data          30  deca_params_init.o(.constdata)
    pll2calcfg                               0x08009d86   Data           1  deca_params_init.o(.constdata)
    rx_config                                0x08009d87   Data           2  deca_params_init.o(.constdata)
    agc_config                               0x08009d8c   Data           8  deca_params_init.o(.constdata)
    dwnsSFDlen                               0x08009d94   Data           3  deca_params_init.o(.constdata)
    sftsh                                    0x08009d98   Data          12  deca_params_init.o(.constdata)
    dtune1                                   0x08009da4   Data           4  deca_params_init.o(.constdata)
    digital_bb_config                        0x08009da8   Data          32  deca_params_init.o(.constdata)
    lde_replicaCoeff                         0x08009dc8   Data          50  deca_params_init.o(.constdata)
    __mathlib_zero                           0x0800a038   Data           8  qnan.o(.constdata)
    Region$$Table$$Base                      0x0800a040   Number         0  anon$$obj.o(Region$$Table)
    Region$$Table$$Limit                     0x0800a060   Number         0  anon$$obj.o(Region$$Table)
    set_helpover_sleep                       0x20000000   Data           1  application.o(.data)
    u16CardMotionTimeout                     0x20000002   Data           2  application.o(.data)
    u16CardMotionCnt                         0x20000004   Data           2  application.o(.data)
    isMoving                                 0x20000006   Data           1  application.o(.data)
    u8HelpCnt                                0x20000007   Data           1  application.o(.data)
    u16ArmId                                 0x20000008   Data           2  application.o(.data)
    u8ReportStatusNum                        0x2000000a   Data           1  application.o(.data)
    u16Hdl_tx_frame_cnt                      0x2000000c   Data           2  application.o(.data)
    cur_slot                                 0x2000000e   Data           1  application.o(.data)
    tof_count                                0x2000000f   Data           1  application.o(.data)
    u8rssiNum                                0x20000010   Data           1  application.o(.data)
    quiet_count                              0x20000011   Data           1  application.o(.data)
    ispower_newon                            0x20000012   Data           1  application.o(.data)
    newstarttype                             0x20000013   Data           1  application.o(.data)
    sta_uart_dist                            0x20000014   Data           1  application.o(.data)
    avg_tof_tick                             0x20000015   Data           1  application.o(.data)
    own_cardid                               0x20000016   Data           2  application.o(.data)
    mma845xData                              0x2000001a   Data           7  application.o(.data)
    tsVersionReportLen                       0x20000021   Data           1  application.o(.data)
    u16Hdl_rx_frame_cnt                      0x20000022   Data           2  application.o(.data)
    u16ShortAddr                             0x20000024   Data           2  application.o(.data)
    instance_anchaddr                        0x20000028   Data           4  main.o(.data)
    dr_mode                                  0x2000002c   Data           4  main.o(.data)
    instance_mode                            0x20000030   Data           4  main.o(.data)
    chConfig                                 0x20000034   Data          63  main.o(.data)
    Tx_speedtype                             0x20000074   Data           4  main.o(.data)
    TAGRngInitTick                           0x20000088   Data           4  instance.o(.data)
    TAGReportTick                            0x2000008c   Data           4  instance.o(.data)
    TAGPollCnt                               0x20000090   Data           2  instance.o(.data)
    AnchorPollTick                           0x20000094   Data           4  instance.o(.data)
    RangeTick                                0x20000098   Data           4  instance.o(.data)
    LastRangeTick                            0x2000009c   Data           4  instance.o(.data)
    DiffRangeTick                            0x200000a0   Data           4  instance.o(.data)
    tx_antennaDelay                          0x200000a4   Data           2  instance.o(.data)
    test_tof_an_addr                         0x200000a6   Data           2  instance.o(.data)
    rx_time                                  0x200000a8   Data           4  instance.o(.data)
    helpreportoff                            0x200000ac   Data           1  instance.o(.data)
    new_2blink_tick                          0x200000ad   Data           1  instance.o(.data)
    tag_txTimeTamp                           0x200000b0   Data           8  instance.o(.data)
    anchor_rxTimeTamp                        0x200000b8   Data           8  instance.o(.data)
    squem_count                              0x200000c0   Data           2  instance.o(.data)
    tag_addr                                 0x200000c2   Data           1  instance.o(.data)
    recv_cardid                              0x200000c4   Data           2  instance.o(.data)
    rev_retreat_ack                          0x200000c6   Data           1  instance.o(.data)
    rev_rssi                                 0x200000c7   Data           1  instance.o(.data)
    sub_alarmmsg                             0x200000c8   Data           4  instance.o(.data)
    quickORslow                              0x200000cc   Data           1  instance.o(.data)
    bInvalid                                 0x200000d4   Data           1  mma8452q.o(.data)
    SystemCoreClock                          0x200000f0   Data           4  system_stm32l1xx.o(.data)
    PLLMulTable                              0x200000f4   Data           9  system_stm32l1xx.o(.data)
    AHBPrescTable                            0x200000fd   Data          16  system_stm32l1xx.o(.data)
    reg                                      0x20000110   Data           4  deca_device.o(.data)
    vPutChar                                 0x20000114   Data           4  printf_util.o(.data)
    u8Port_G                                 0x20000118   Data           1  printf_util.o(.data)
    u8BaudRate_G                             0x20000119   Data           1  printf_util.o(.data)
    __stdout                                 0x2000011c   Data           4  stdout.o(.data)
    tsVersionReport                          0x20000124   Data          80  application.o(.bss)
    u32CommonBuf                             0x20000174   Data         512  application.o(.bss)
    u8UartSendBuf                            0x20000374   Data         512  application.o(.bss)
    app_uwb_rssi_data                        0x20000574   Data         164  application.o(.bss)
    instance_data                            0x20000798   Data         720  instance.o(.bss)
    my_slotlist                              0x20000a68   Data        1680  instance.o(.bss)
    my_alarmlist                             0x200010f8   Data         102  instance.o(.bss)
    my_cardslotmsg                           0x20001160   Data          32  instance.o(.bss)
    my_staslotmsg                            0x20001180   Data          32  instance.o(.bss)
    Car_revcardlist                          0x200011a0   Data          92  instance.o(.bss)
    UartHdl                                  0x200011fc   Data         272  stm32l1xx_usart.o(.bss)
    __initial_sp                             0x20003388   Data           0  startup_stm32l1xx_md.o(STACK)



==============================================================================

Memory Map of the image

  Image Entry point : 0x080000f5

  Load Region LR_IROM1 (Base: 0x08000000, Size: 0x0000a184, Max: 0x00020000, ABSOLUTE)

    Execution Region ER_IROM1 (Base: 0x08000000, Size: 0x0000a060, Max: 0x00020000, ABSOLUTE)

    Base Addr    Size         Type   Attr      Idx    E Section Name        Object

    0x08000000   0x000000f4   Data   RO          652    RESET               startup_stm32l1xx_md.o
    0x080000f4   0x00000000   Code   RO         1682  * .ARM.Collect$$$$00000000  mc_w.l(entry.o)
    0x080000f4   0x00000004   Code   RO         1993    .ARM.Collect$$$$00000001  mc_w.l(entry2.o)
    0x080000f8   0x00000004   Code   RO         1996    .ARM.Collect$$$$00000004  mc_w.l(entry5.o)
    0x080000fc   0x00000000   Code   RO         1998    .ARM.Collect$$$$00000008  mc_w.l(entry7b.o)
    0x080000fc   0x00000000   Code   RO         2000    .ARM.Collect$$$$0000000A  mc_w.l(entry8b.o)
    0x080000fc   0x00000008   Code   RO         2001    .ARM.Collect$$$$0000000B  mc_w.l(entry9a.o)
    0x08000104   0x00000000   Code   RO         2003    .ARM.Collect$$$$0000000D  mc_w.l(entry10a.o)
    0x08000104   0x00000000   Code   RO         2005    .ARM.Collect$$$$0000000F  mc_w.l(entry11a.o)
    0x08000104   0x00000004   Code   RO         1994    .ARM.Collect$$$$00002712  mc_w.l(entry2.o)
    0x08000108   0x0000000e   Code   RO          846    .emb_text           mcu.o
    0x08000116   0x00000002   PAD
    0x08000118   0x0000077c   Code   RO            3    .text               application.o
    0x08000894   0x000001bc   Code   RO          292    .text               main.o
    0x08000a50   0x00000354   Code   RO          377    .text               timer_event.o
    0x08000da4   0x00001a28   Code   RO          426    .text               instance.o
    0x080027cc   0x000001a0   Code   RO          461    .text               deca_spi.o
    0x0800296c   0x00000134   Code   RO          555    .text               port.o
    0x08002aa0   0x0000008c   Code   RO          575    .text               unistd.o
    0x08002b2c   0x000001a0   Code   RO          626    .text               as3933.o
    0x08002ccc   0x00000024   Code   RO          653    .text               startup_stm32l1xx_md.o
    0x08002cf0   0x00000178   Code   RO          659    .text               adc.o
    0x08002e68   0x00000140   Code   RO          719    .text               board.o
    0x08002fa8   0x00000088   Code   RO          745    .text               button.o
    0x08003030   0x000000ec   Code   RO          788    .text               com_config.o
    0x0800311c   0x00000180   Code   RO          823    .text               led.o
    0x0800329c   0x000003bc   Code   RO          847    .text               mcu.o
    0x08003658   0x00000054   Code   RO          883    .text               motor.o
    0x080036ac   0x000001b4   Code   RO          903    .text               spi_nano.o
    0x08003860   0x000001fc   Code   RO          923    .text               mma8452q.o
    0x08003a5c   0x00000358   Code   RO          946    .text               hal_io_i2c.o
    0x08003db4   0x00000178   Code   RO          966    .text               sleep.o
    0x08003f2c   0x000000e4   Code   RO          991    .text               misc.o
    0x08004010   0x00000534   Code   RO         1011    .text               stm32l1xx_adc.o
    0x08004544   0x0000010c   Code   RO         1171    .text               stm32l1xx_exti.o
    0x08004650   0x00000954   Code   RO         1191    .text               stm32l1xx_flash.o
    0x08004fa4   0x0000023c   Code   RO         1251    .text               stm32l1xx_gpio.o
    0x080051e0   0x00000040   Code   RO         1291    .text               stm32l1xx_iwdg.o
    0x08005220   0x00000198   Code   RO         1311    .text               stm32l1xx_lcd.o
    0x080053b8   0x00000158   Code   RO         1351    .text               stm32l1xx_pwr.o
    0x08005510   0x00000490   Code   RO         1371    .text               stm32l1xx_rcc.o
    0x080059a0   0x00000d40   Code   RO         1393    .text               stm32l1xx_rtc.o
    0x080066e0   0x000002fc   Code   RO         1433    .text               stm32l1xx_spi.o
    0x080069dc   0x000002e8   Code   RO         1453    .text               stm32l1xx_syscfg.o
    0x08006cc4   0x000005d4   Code   RO         1493    .text               stm32l1xx_usart.o
    0x08007298   0x00000248   Code   RO         1539    .text               system_stm32l1xx.o
    0x080074e0   0x00001874   Code   RO         1591    .text               deca_device.o
    0x08008d54   0x000001f0   Code   RO         1635    .text               printf_util.o
    0x08008f44   0x00000038   Code   RO         1660    .text               crc.o
    0x08008f7c   0x00000062   Code   RO         1685    .text               mc_w.l(uldiv.o)
    0x08008fde   0x00000024   Code   RO         1687    .text               mc_w.l(memcpya.o)
    0x08009002   0x00000024   Code   RO         1689    .text               mc_w.l(memseta.o)
    0x08009026   0x0000006c   Code   RO         1953    .text               mf_w.l(fmul.o)
    0x08009092   0x00000080   Code   RO         1955    .text               mf_w.l(fdiv.o)
    0x08009112   0x0000014e   Code   RO         1957    .text               mf_w.l(dadd.o)
    0x08009260   0x000000e4   Code   RO         1959    .text               mf_w.l(dmul.o)
    0x08009344   0x000000de   Code   RO         1961    .text               mf_w.l(ddiv.o)
    0x08009422   0x0000000a   Code   RO         1965    .text               mf_w.l(ffltui.o)
    0x0800942c   0x0000001a   Code   RO         1967    .text               mf_w.l(dfltui.o)
    0x08009446   0x00000028   Code   RO         1973    .text               mf_w.l(ffixui.o)
    0x0800946e   0x0000003e   Code   RO         1975    .text               mf_w.l(dfixi.o)
    0x080094ac   0x00000030   Code   RO         1977    .text               mf_w.l(dfixul.o)
    0x080094dc   0x00000028   Code   RO         1981    .text               mf_w.l(cdrcmple.o)
    0x08009504   0x0000001e   Code   RO         2010    .text               mc_w.l(llshl.o)
    0x08009522   0x00000020   Code   RO         2012    .text               mc_w.l(llushr.o)
    0x08009542   0x00000024   Code   RO         2014    .text               mc_w.l(llsshr.o)
    0x08009566   0x00000000   Code   RO         2023    .text               mc_w.l(iusefp.o)
    0x08009566   0x0000006c   Code   RO         2024    .text               mf_w.l(fepilogue.o)
    0x080095d2   0x000000be   Code   RO         2026    .text               mf_w.l(depilogue.o)
    0x08009690   0x0000002e   Code   RO         2028    .text               mf_w.l(dscalb.o)
    0x080096be   0x00000022   Code   RO         2030    .text               mf_w.l(dflti.o)
    0x080096e0   0x00000024   Code   RO         2035    .text               mc_w.l(init.o)
    0x08009704   0x00000028   Code   RO         2037    .text               mf_w.l(cdcmple.o)
    0x0800972c   0x00000010   Code   RO         1694    i.__0printf$bare    mc_w.l(printfb.o)
    0x0800973c   0x000000aa   Code   RO         2032    i.__kernel_poly     m_ws.l(poly.o)
    0x080097e6   0x0000000e   Code   RO         2041    i.__scatterload_copy  mc_w.l(handlers.o)
    0x080097f4   0x00000002   Code   RO         2042    i.__scatterload_null  mc_w.l(handlers.o)
    0x080097f6   0x0000000e   Code   RO         2043    i.__scatterload_zeroinit  mc_w.l(handlers.o)
    0x08009804   0x0000000c   Code   RO         2018    i.__set_errno       mc_w.l(errno.o)
    0x08009810   0x00000022   Code   RO         1701    i._printf_core      mc_w.l(printfb.o)
    0x08009832   0x00000002   PAD
    0x08009834   0x00000370   Code   RO         1984    i.log               m_ws.l(log.o)
    0x08009ba4   0x000000f4   Code   RO         1675    i.log10             m_ws.l(log10.o)
    0x08009c98   0x00000064   Data   RO          428    .constdata          instance.o
    0x08009cfc   0x0000004b   Data   RO         1593    .constdata          deca_device.o
    0x08009d47   0x00000001   PAD
    0x08009d48   0x000000b2   Data   RO         1621    .constdata          deca_params_init.o
    0x08009dfa   0x00000200   Data   RO         1661    .constdata          crc.o
    0x08009ffa   0x00000006   PAD
    0x0800a000   0x00000038   Data   RO         1985    .constdata          m_ws.l(log.o)
    0x0800a038   0x00000008   Data   RO         2034    .constdata          m_ws.l(qnan.o)
    0x0800a040   0x00000020   Data   RO         2039    Region$$Table       anon$$obj.o


    Execution Region RW_IRAM1 (Base: 0x20000000, Size: 0x00003388, Max: 0x00004000, ABSOLUTE)

    Base Addr    Size         Type   Attr      Idx    E Section Name        Object

    0x20000000   0x00000026   Data   RW            5    .data               application.o
    0x20000026   0x00000002   PAD
    0x20000028   0x00000050   Data   RW          293    .data               main.o
    0x20000078   0x0000000d   Data   RW          379    .data               timer_event.o
    0x20000085   0x00000003   PAD
    0x20000088   0x00000045   Data   RW          429    .data               instance.o
    0x200000cd   0x00000003   PAD
    0x200000d0   0x00000004   Data   RW          848    .data               mcu.o
    0x200000d4   0x00000001   Data   RW          924    .data               mma8452q.o
    0x200000d5   0x00000019   Data   RW         1372    .data               stm32l1xx_rcc.o
    0x200000ee   0x00000002   PAD
    0x200000f0   0x0000001d   Data   RW         1540    .data               system_stm32l1xx.o
    0x2000010d   0x00000003   PAD
    0x20000110   0x00000004   Data   RW         1594    .data               deca_device.o
    0x20000114   0x00000006   Data   RW         1637    .data               printf_util.o
    0x2000011a   0x00000002   PAD
    0x2000011c   0x00000004   Data   RW         2007    .data               mc_w.l(stdout.o)
    0x20000120   0x00000004   Data   RW         2019    .data               mc_w.l(errno.o)
    0x20000124   0x000004f4   Zero   RW            4    .bss                application.o
    0x20000618   0x00000180   Zero   RW          378    .bss                timer_event.o
    0x20000798   0x00000a64   Zero   RW          427    .bss                instance.o
    0x200011fc   0x00000110   Zero   RW         1494    .bss                stm32l1xx_usart.o
    0x2000130c   0x00000078   Zero   RW         1592    .bss                deca_device.o
    0x20001384   0x00000004   PAD
    0x20001388   0x00002000   Zero   RW          650    STACK               startup_stm32l1xx_md.o


==============================================================================

Image component sizes


      Code (inc. data)   RO Data    RW Data    ZI Data      Debug   Object Name

       376         20          0          0          0       1308   adc.o
      1916        202          0         38       1268     296219   application.o
       416         12          0          0          0       1648   as3933.o
       320          4          0          0          0       1466   board.o
       136          6          0          0          0        731   button.o
       236          8          0          0          0        883   com_config.o
        56          8        512          0          0       1136   crc.o
      6260        140         75          4        120      24257   deca_device.o
         0          0        178          0          0       1700   deca_params_init.o
         0          0          0          0          0       2876   deca_range_tables.o
       416         18          0          0          0     191205   deca_spi.o
         0          0          0          0          0        576   dotie.o
       856          6          0          0          0       3706   hal_io_i2c.o
      6696        304        100         69       2660      25541   instance.o
       384         14          0          0          0       1246   led.o
         0          0          0          0          0       1188   mac_msg.o
       444         52          0         80          0      53770   main.o
       970         34          0          4          0      29014   mcu.o
       228         22          0          0          0       1913   misc.o
       508          4          0          1          0       1821   mma8452q.o
        84          4          0          0          0        701   motor.o
       308          8          0          0          0       1024   port.o
       496         18          0          6          0       3034   printf_util.o
       376         14          0          0          0      25880   sleep.o
       436         24          0          0          0       1069   spi_nano.o
        36          8        244          0       8192        884   startup_stm32l1xx_md.o
      1332         20          0          0          0      10766   stm32l1xx_adc.o
       268          4          0          0          0       2315   stm32l1xx_exti.o
      2388         46          0          0          0      11821   stm32l1xx_flash.o
       572         32          0          0          0       3989   stm32l1xx_gpio.o
        64          6          0          0          0       1309   stm32l1xx_iwdg.o
       408         16          0          0          0       4557   stm32l1xx_lcd.o
       344         14          0          0          0       4100   stm32l1xx_pwr.o
      1168         40          0         25          0       9525   stm32l1xx_rcc.o
      3392         46          0          0          0      14583   stm32l1xx_rtc.o
       764         12          0          0          0       6046   stm32l1xx_spi.o
       744          8          0          0          0       3304   stm32l1xx_syscfg.o
      1492         44          0          0        272      11698   stm32l1xx_usart.o
       584         44          0         29          0       2015   system_stm32l1xx.o
       852         20          0         13        384       4475   timer_event.o
       140          6          0          0          0       1153   unistd.o

    ----------------------------------------------------------------------
     36468       1288       1148        284      12900     766452   Object Totals
         0          0         32          0          0          0   (incl. Generated)
         2          0          7         15          4          0   (incl. Padding)

    ----------------------------------------------------------------------

      Code (inc. data)   RO Data    RW Data    ZI Data      Debug   Library Member Name

       880         58         56          0          0        264   log.o
       244         32          0          0          0        128   log10.o
       170          0          0          0          0         96   poly.o
         0          0          8          0          0          0   qnan.o
         0          0          0          0          0          0   entry.o
         0          0          0          0          0          0   entry10a.o
         0          0          0          0          0          0   entry11a.o
         8          4          0          0          0          0   entry2.o
         4          0          0          0          0          0   entry5.o
         0          0          0          0          0          0   entry7b.o
         0          0          0          0          0          0   entry8b.o
         8          4          0          0          0          0   entry9a.o
        12          6          0          4          0         68   errno.o
        30          0          0          0          0          0   handlers.o
        36          8          0          0          0         68   init.o
         0          0          0          0          0          0   iusefp.o
        30          0          0          0          0         68   llshl.o
        36          0          0          0          0         68   llsshr.o
        32          0          0          0          0         68   llushr.o
        36          0          0          0          0         68   memcpya.o
        36          0          0          0          0        108   memseta.o
        50          8          0          0          0        152   printfb.o
         0          0          0          4          0          0   stdout.o
        98          0          0          0          0         92   uldiv.o
        40          2          0          0          0         68   cdcmple.o
        40          2          0          0          0         68   cdrcmple.o
       334          0          0          0          0        148   dadd.o
       222          0          0          0          0        100   ddiv.o
       190          0          0          0          0        176   depilogue.o
        62          0          0          0          0         80   dfixi.o
        48          0          0          0          0         68   dfixul.o
        34          0          0          0          0         76   dflti.o
        26          0          0          0          0         76   dfltui.o
       228          0          0          0          0         96   dmul.o
        46          0          0          0          0         80   dscalb.o
       128          0          0          0          0         88   fdiv.o
       108          0          0          0          0        168   fepilogue.o
        40          0          0          0          0         68   ffixui.o
        10          0          0          0          0         68   ffltui.o
       108          0          0          0          0         76   fmul.o

    ----------------------------------------------------------------------
      3376        124         64          8          0       2752   Library Totals
         2          0          0          0          0          0   (incl. Padding)

    ----------------------------------------------------------------------

      Code (inc. data)   RO Data    RW Data    ZI Data      Debug   Library Name

      1294         90         64          0          0        488   m_ws.l
       416         30          0          8          0        760   mc_w.l
      1664          4          0          0          0       1504   mf_w.l

    ----------------------------------------------------------------------
      3376        124         64          8          0       2752   Library Totals

    ----------------------------------------------------------------------

==============================================================================


      Code (inc. data)   RO Data    RW Data    ZI Data      Debug   

     39844       1412       1212        292      12900     763744   Grand Totals
     39844       1412       1212        292      12900     763744   ELF Image Totals
     39844       1412       1212        292          0          0   ROM Totals

==============================================================================

    Total RO  Size (Code + RO Data)                41056 (  40.09kB)
    Total RW  Size (RW Data + ZI Data)             13192 (  12.88kB)
    Total ROM Size (Code + RO Data + RW Data)      41348 (  40.38kB)

==============================================================================

