<!doctype html public "-//w3c//dtd html 4.0 transitional//en">
<html><head>
<title>Static Call Graph - [.\build\coalwashery.axf]</title></head>
<body><HR>
<H1>Static Call Graph for image .\build\coalwashery.axf</H1><HR>
<BR><P>#&#060CALLGRAPH&#062# ARM Linker, 5.03 [Build 76]: Last Updated: Wed Feb 20 15:14:14 2019
<BR><P>
<H3>Maximum Stack Usage =        400 bytes + Unknown(Cycles, Untraceable Function Pointers)</H3><H3>
Call chain for Maximum Stack Depth:</H3>
main &rArr; Application &rArr; AppEventsProcess &rArr; instance_run &rArr; testapprun &rArr; rx_power_lever &rArr; log10 &rArr; log &rArr; __kernel_poly &rArr; __aeabi_dmul &rArr; _double_epilogue &rArr; _double_round
<P>
<H3>
Mutually Recursive functions
</H3> <LI><a href="#[1]">NMI_Handler</a>&nbsp;&nbsp;&nbsp;&rArr;&nbsp;&nbsp;&nbsp;<a href="#[1]">NMI_Handler</a><BR>
 <LI><a href="#[2]">HardFault_Handler</a>&nbsp;&nbsp;&nbsp;&rArr;&nbsp;&nbsp;&nbsp;<a href="#[2]">HardFault_Handler</a><BR>
 <LI><a href="#[3]">MemManage_Handler</a>&nbsp;&nbsp;&nbsp;&rArr;&nbsp;&nbsp;&nbsp;<a href="#[3]">MemManage_Handler</a><BR>
 <LI><a href="#[4]">BusFault_Handler</a>&nbsp;&nbsp;&nbsp;&rArr;&nbsp;&nbsp;&nbsp;<a href="#[4]">BusFault_Handler</a><BR>
 <LI><a href="#[5]">UsageFault_Handler</a>&nbsp;&nbsp;&nbsp;&rArr;&nbsp;&nbsp;&nbsp;<a href="#[5]">UsageFault_Handler</a><BR>
 <LI><a href="#[6]">SVC_Handler</a>&nbsp;&nbsp;&nbsp;&rArr;&nbsp;&nbsp;&nbsp;<a href="#[6]">SVC_Handler</a><BR>
 <LI><a href="#[7]">DebugMon_Handler</a>&nbsp;&nbsp;&nbsp;&rArr;&nbsp;&nbsp;&nbsp;<a href="#[7]">DebugMon_Handler</a><BR>
 <LI><a href="#[8]">PendSV_Handler</a>&nbsp;&nbsp;&nbsp;&rArr;&nbsp;&nbsp;&nbsp;<a href="#[8]">PendSV_Handler</a><BR>
 <LI><a href="#[1c]">ADC1_IRQHandler</a>&nbsp;&nbsp;&nbsp;&rArr;&nbsp;&nbsp;&nbsp;<a href="#[1c]">ADC1_IRQHandler</a><BR>
</UL>
<P>
<H3>
Function Pointers
</H3><UL>
 <LI><a href="#[1c]">ADC1_IRQHandler</a> from startup_stm32l1xx_md.o(.text) referenced from startup_stm32l1xx_md.o(RESET)
 <LI><a href="#[4]">BusFault_Handler</a> from startup_stm32l1xx_md.o(.text) referenced from startup_stm32l1xx_md.o(RESET)
 <LI><a href="#[20]">COMP_IRQHandler</a> from startup_stm32l1xx_md.o(.text) referenced from startup_stm32l1xx_md.o(RESET)
 <LI><a href="#[1f]">DAC_IRQHandler</a> from startup_stm32l1xx_md.o(.text) referenced from startup_stm32l1xx_md.o(RESET)
 <LI><a href="#[15]">DMA1_Channel1_IRQHandler</a> from startup_stm32l1xx_md.o(.text) referenced from startup_stm32l1xx_md.o(RESET)
 <LI><a href="#[16]">DMA1_Channel2_IRQHandler</a> from startup_stm32l1xx_md.o(.text) referenced from startup_stm32l1xx_md.o(RESET)
 <LI><a href="#[17]">DMA1_Channel3_IRQHandler</a> from startup_stm32l1xx_md.o(.text) referenced from startup_stm32l1xx_md.o(RESET)
 <LI><a href="#[18]">DMA1_Channel4_IRQHandler</a> from startup_stm32l1xx_md.o(.text) referenced from startup_stm32l1xx_md.o(RESET)
 <LI><a href="#[19]">DMA1_Channel5_IRQHandler</a> from startup_stm32l1xx_md.o(.text) referenced from startup_stm32l1xx_md.o(RESET)
 <LI><a href="#[1a]">DMA1_Channel6_IRQHandler</a> from startup_stm32l1xx_md.o(.text) referenced from startup_stm32l1xx_md.o(RESET)
 <LI><a href="#[1b]">DMA1_Channel7_IRQHandler</a> from startup_stm32l1xx_md.o(.text) referenced from startup_stm32l1xx_md.o(RESET)
 <LI><a href="#[7]">DebugMon_Handler</a> from startup_stm32l1xx_md.o(.text) referenced from startup_stm32l1xx_md.o(RESET)
 <LI><a href="#[10]">EXTI0_IRQHandler</a> from mcu.o(.text) referenced from startup_stm32l1xx_md.o(RESET)
 <LI><a href="#[32]">EXTI15_10_IRQHandler</a> from startup_stm32l1xx_md.o(.text) referenced from startup_stm32l1xx_md.o(RESET)
 <LI><a href="#[11]">EXTI1_IRQHandler</a> from mcu.o(.text) referenced from startup_stm32l1xx_md.o(RESET)
 <LI><a href="#[12]">EXTI2_IRQHandler</a> from startup_stm32l1xx_md.o(.text) referenced from startup_stm32l1xx_md.o(RESET)
 <LI><a href="#[13]">EXTI3_IRQHandler</a> from mcu.o(.text) referenced from startup_stm32l1xx_md.o(RESET)
 <LI><a href="#[14]">EXTI4_IRQHandler</a> from startup_stm32l1xx_md.o(.text) referenced from startup_stm32l1xx_md.o(RESET)
 <LI><a href="#[21]">EXTI9_5_IRQHandler</a> from mcu.o(.text) referenced from startup_stm32l1xx_md.o(RESET)
 <LI><a href="#[e]">FLASH_IRQHandler</a> from startup_stm32l1xx_md.o(.text) referenced from startup_stm32l1xx_md.o(RESET)
 <LI><a href="#[2]">HardFault_Handler</a> from startup_stm32l1xx_md.o(.text) referenced from startup_stm32l1xx_md.o(RESET)
 <LI><a href="#[2a]">I2C1_ER_IRQHandler</a> from startup_stm32l1xx_md.o(.text) referenced from startup_stm32l1xx_md.o(RESET)
 <LI><a href="#[29]">I2C1_EV_IRQHandler</a> from startup_stm32l1xx_md.o(.text) referenced from startup_stm32l1xx_md.o(RESET)
 <LI><a href="#[2c]">I2C2_ER_IRQHandler</a> from startup_stm32l1xx_md.o(.text) referenced from startup_stm32l1xx_md.o(RESET)
 <LI><a href="#[2b]">I2C2_EV_IRQHandler</a> from startup_stm32l1xx_md.o(.text) referenced from startup_stm32l1xx_md.o(RESET)
 <LI><a href="#[22]">LCD_IRQHandler</a> from startup_stm32l1xx_md.o(.text) referenced from startup_stm32l1xx_md.o(RESET)
 <LI><a href="#[3]">MemManage_Handler</a> from startup_stm32l1xx_md.o(.text) referenced from startup_stm32l1xx_md.o(RESET)
 <LI><a href="#[1]">NMI_Handler</a> from startup_stm32l1xx_md.o(.text) referenced from startup_stm32l1xx_md.o(RESET)
 <LI><a href="#[b]">PVD_IRQHandler</a> from startup_stm32l1xx_md.o(.text) referenced from startup_stm32l1xx_md.o(RESET)
 <LI><a href="#[8]">PendSV_Handler</a> from startup_stm32l1xx_md.o(.text) referenced from startup_stm32l1xx_md.o(RESET)
 <LI><a href="#[f]">RCC_IRQHandler</a> from startup_stm32l1xx_md.o(.text) referenced from startup_stm32l1xx_md.o(RESET)
 <LI><a href="#[33]">RTC_Alarm_IRQHandler</a> from startup_stm32l1xx_md.o(.text) referenced from startup_stm32l1xx_md.o(RESET)
 <LI><a href="#[d]">RTC_WKUP_IRQHandler</a> from sleep.o(.text) referenced from startup_stm32l1xx_md.o(RESET)
 <LI><a href="#[0]">Reset_Handler</a> from startup_stm32l1xx_md.o(.text) referenced from startup_stm32l1xx_md.o(RESET)
 <LI><a href="#[2d]">SPI1_IRQHandler</a> from startup_stm32l1xx_md.o(.text) referenced from startup_stm32l1xx_md.o(RESET)
 <LI><a href="#[2e]">SPI2_IRQHandler</a> from startup_stm32l1xx_md.o(.text) referenced from startup_stm32l1xx_md.o(RESET)
 <LI><a href="#[6]">SVC_Handler</a> from startup_stm32l1xx_md.o(.text) referenced from startup_stm32l1xx_md.o(RESET)
 <LI><a href="#[9]">SysTick_Handler</a> from mcu.o(.text) referenced from startup_stm32l1xx_md.o(RESET)
 <LI><a href="#[38]">SystemInit</a> from system_stm32l1xx.o(.text) referenced from startup_stm32l1xx_md.o(.text)
 <LI><a href="#[c]">TAMPER_STAMP_IRQHandler</a> from startup_stm32l1xx_md.o(.text) referenced from startup_stm32l1xx_md.o(RESET)
 <LI><a href="#[24]">TIM10_IRQHandler</a> from startup_stm32l1xx_md.o(.text) referenced from startup_stm32l1xx_md.o(RESET)
 <LI><a href="#[25]">TIM11_IRQHandler</a> from startup_stm32l1xx_md.o(.text) referenced from startup_stm32l1xx_md.o(RESET)
 <LI><a href="#[26]">TIM2_IRQHandler</a> from startup_stm32l1xx_md.o(.text) referenced from startup_stm32l1xx_md.o(RESET)
 <LI><a href="#[27]">TIM3_IRQHandler</a> from startup_stm32l1xx_md.o(.text) referenced from startup_stm32l1xx_md.o(RESET)
 <LI><a href="#[28]">TIM4_IRQHandler</a> from startup_stm32l1xx_md.o(.text) referenced from startup_stm32l1xx_md.o(RESET)
 <LI><a href="#[35]">TIM6_IRQHandler</a> from startup_stm32l1xx_md.o(.text) referenced from startup_stm32l1xx_md.o(RESET)
 <LI><a href="#[36]">TIM7_IRQHandler</a> from startup_stm32l1xx_md.o(.text) referenced from startup_stm32l1xx_md.o(RESET)
 <LI><a href="#[23]">TIM9_IRQHandler</a> from startup_stm32l1xx_md.o(.text) referenced from startup_stm32l1xx_md.o(RESET)
 <LI><a href="#[2f]">USART1_IRQHandler</a> from stm32l1xx_usart.o(.text) referenced from startup_stm32l1xx_md.o(RESET)
 <LI><a href="#[30]">USART2_IRQHandler</a> from startup_stm32l1xx_md.o(.text) referenced from startup_stm32l1xx_md.o(RESET)
 <LI><a href="#[31]">USART3_IRQHandler</a> from startup_stm32l1xx_md.o(.text) referenced from startup_stm32l1xx_md.o(RESET)
 <LI><a href="#[34]">USB_FS_WKUP_IRQHandler</a> from startup_stm32l1xx_md.o(.text) referenced from startup_stm32l1xx_md.o(RESET)
 <LI><a href="#[1d]">USB_HP_IRQHandler</a> from startup_stm32l1xx_md.o(.text) referenced from startup_stm32l1xx_md.o(RESET)
 <LI><a href="#[1e]">USB_LP_IRQHandler</a> from startup_stm32l1xx_md.o(.text) referenced from startup_stm32l1xx_md.o(RESET)
 <LI><a href="#[5]">UsageFault_Handler</a> from startup_stm32l1xx_md.o(.text) referenced from startup_stm32l1xx_md.o(RESET)
 <LI><a href="#[a]">WWDG_IRQHandler</a> from startup_stm32l1xx_md.o(.text) referenced from startup_stm32l1xx_md.o(RESET)
 <LI><a href="#[39]">__main</a> from entry.o(.ARM.Collect$$$$00000000) referenced from startup_stm32l1xx_md.o(.text)
 <LI><a href="#[3a]">fputc</a> from com_config.o(.text) referenced from printfb.o(i.__0printf$bare)
 <LI><a href="#[b5]">instance_rxcallback</a> from instance.o(.text) referenced from instance.o(.text)
 <LI><a href="#[b9]">instance_txcallback</a> from instance.o(.text) referenced from instance.o(.text)
 <LI><a href="#[37]">main</a> from main.o(.text) referenced from entry9a.o(.ARM.Collect$$$$0000000B)
 <LI><a href="#[49]">uart_rx_callback</a> from application.o(.text) referenced from application.o(.text)
 <LI><a href="#[1b7]">vPutC</a> from printf_util.o(.text) referenced from printf_util.o(.text)
</UL>
<P>
<H3>
Global Symbols
</H3>
<P><STRONG><a name="[39]"></a>__main</STRONG> (Thumb, 0 bytes, Stack size unknown bytes, entry.o(.ARM.Collect$$$$00000000))
<BR>[Address Reference Count : 1]<UL><LI> startup_stm32l1xx_md.o(.text)
</UL>
<P><STRONG><a name="[1ce]"></a>_main_stk</STRONG> (Thumb, 0 bytes, Stack size unknown bytes, entry2.o(.ARM.Collect$$$$00000001))

<P><STRONG><a name="[3b]"></a>_main_scatterload</STRONG> (Thumb, 0 bytes, Stack size unknown bytes, entry5.o(.ARM.Collect$$$$00000004))
<BR><BR>[Calls]<UL><LI><a href="#[3c]">&gt;&gt;</a>&nbsp;&nbsp;&nbsp;__scatterload
</UL>

<P><STRONG><a name="[1c6]"></a>__main_after_scatterload</STRONG> (Thumb, 0 bytes, Stack size unknown bytes, entry5.o(.ARM.Collect$$$$00000004))
<BR><BR>[Called By]<UL><LI><a href="#[3c]">&gt;&gt;</a>&nbsp;&nbsp;&nbsp;__scatterload
</UL>

<P><STRONG><a name="[1cf]"></a>_main_clock</STRONG> (Thumb, 0 bytes, Stack size unknown bytes, entry7b.o(.ARM.Collect$$$$00000008))

<P><STRONG><a name="[1d0]"></a>_main_cpp_init</STRONG> (Thumb, 0 bytes, Stack size unknown bytes, entry8b.o(.ARM.Collect$$$$0000000A))

<P><STRONG><a name="[1d1]"></a>_main_init</STRONG> (Thumb, 0 bytes, Stack size unknown bytes, entry9a.o(.ARM.Collect$$$$0000000B))

<P><STRONG><a name="[1d2]"></a>__rt_final_cpp</STRONG> (Thumb, 0 bytes, Stack size unknown bytes, entry10a.o(.ARM.Collect$$$$0000000D))

<P><STRONG><a name="[1d3]"></a>__rt_final_exit</STRONG> (Thumb, 0 bytes, Stack size unknown bytes, entry11a.o(.ARM.Collect$$$$0000000F))

<P><STRONG><a name="[7d]"></a>interrupt_disable</STRONG> (Thumb, 8 bytes, Stack size 0 bytes, mcu.o(.emb_text))
<BR><BR>[Called By]<UL><LI><a href="#[82]">&gt;&gt;</a>&nbsp;&nbsp;&nbsp;event_timer_add_reload
<LI><a href="#[7c]">&gt;&gt;</a>&nbsp;&nbsp;&nbsp;event_timer_take
<LI><a href="#[69]">&gt;&gt;</a>&nbsp;&nbsp;&nbsp;event_timer_update
<LI><a href="#[4c]">&gt;&gt;</a>&nbsp;&nbsp;&nbsp;event_timer_unset
<LI><a href="#[55]">&gt;&gt;</a>&nbsp;&nbsp;&nbsp;event_timer_take_all
<LI><a href="#[4b]">&gt;&gt;</a>&nbsp;&nbsp;&nbsp;event_timer_set
<LI><a href="#[53]">&gt;&gt;</a>&nbsp;&nbsp;&nbsp;event_timer_del
<LI><a href="#[4d]">&gt;&gt;</a>&nbsp;&nbsp;&nbsp;event_timer_add
<LI><a href="#[159]">&gt;&gt;</a>&nbsp;&nbsp;&nbsp;system_powersave_wakeup
</UL>

<P><STRONG><a name="[7e]"></a>interrupt_enable</STRONG> (Thumb, 6 bytes, Stack size 0 bytes, mcu.o(.emb_text))
<BR><BR>[Called By]<UL><LI><a href="#[82]">&gt;&gt;</a>&nbsp;&nbsp;&nbsp;event_timer_add_reload
<LI><a href="#[7c]">&gt;&gt;</a>&nbsp;&nbsp;&nbsp;event_timer_take
<LI><a href="#[69]">&gt;&gt;</a>&nbsp;&nbsp;&nbsp;event_timer_update
<LI><a href="#[4c]">&gt;&gt;</a>&nbsp;&nbsp;&nbsp;event_timer_unset
<LI><a href="#[55]">&gt;&gt;</a>&nbsp;&nbsp;&nbsp;event_timer_take_all
<LI><a href="#[4b]">&gt;&gt;</a>&nbsp;&nbsp;&nbsp;event_timer_set
<LI><a href="#[53]">&gt;&gt;</a>&nbsp;&nbsp;&nbsp;event_timer_del
<LI><a href="#[4d]">&gt;&gt;</a>&nbsp;&nbsp;&nbsp;event_timer_add
</UL>

<P><STRONG><a name="[1d4]"></a>instance_get_cardtype</STRONG> (Thumb, 8 bytes, Stack size 0 bytes, application.o(.text), UNUSED)

<P><STRONG><a name="[3d]"></a>process_deca_irq</STRONG> (Thumb, 22 bytes, Stack size 8 bytes, application.o(.text))
<BR><BR>[Stack]<UL><LI>Max Depth = 120<LI>Call Chain = process_deca_irq &rArr; dwt_isr &rArr; dwt_read32bitoffsetreg &rArr; dwt_readfromdevice &rArr; readfromspi
</UL>
<BR>[Calls]<UL><LI><a href="#[3e]">&gt;&gt;</a>&nbsp;&nbsp;&nbsp;dwt_isr
<LI><a href="#[3f]">&gt;&gt;</a>&nbsp;&nbsp;&nbsp;GPIO_ReadInputDataBit
</UL>
<BR>[Called By]<UL><LI><a href="#[10]">&gt;&gt;</a>&nbsp;&nbsp;&nbsp;EXTI0_IRQHandler
</UL>

<P><STRONG><a name="[156]"></a>vCheckBattery</STRONG> (Thumb, 2 bytes, Stack size 0 bytes, application.o(.text), UNUSED)
<BR><BR>[Called By]<UL><LI><a href="#[154]">&gt;&gt;</a>&nbsp;&nbsp;&nbsp;sleep_each
</UL>

<P><STRONG><a name="[40]"></a>vWriteData2Stm32</STRONG> (Thumb, 50 bytes, Stack size 16 bytes, application.o(.text))
<BR><BR>[Stack]<UL><LI>Max Depth = 16<LI>Call Chain = vWriteData2Stm32
</UL>
<BR>[Calls]<UL><LI><a href="#[41]">&gt;&gt;</a>&nbsp;&nbsp;&nbsp;USART_SendData
<LI><a href="#[42]">&gt;&gt;</a>&nbsp;&nbsp;&nbsp;USART_GetFlagStatus
</UL>
<BR>[Called By]<UL><LI><a href="#[43]">&gt;&gt;</a>&nbsp;&nbsp;&nbsp;bsmac_build_packet
</UL>

<P><STRONG><a name="[43]"></a>bsmac_build_packet</STRONG> (Thumb, 342 bytes, Stack size 40 bytes, application.o(.text))
<BR><BR>[Stack]<UL><LI>Max Depth = 144<LI>Call Chain = bsmac_build_packet &rArr; PrintfUtil_vPrintf &rArr; vNum2String
</UL>
<BR>[Calls]<UL><LI><a href="#[44]">&gt;&gt;</a>&nbsp;&nbsp;&nbsp;PrintfUtil_vPrintf
<LI><a href="#[46]">&gt;&gt;</a>&nbsp;&nbsp;&nbsp;CRC16
<LI><a href="#[40]">&gt;&gt;</a>&nbsp;&nbsp;&nbsp;vWriteData2Stm32
<LI><a href="#[45]">&gt;&gt;</a>&nbsp;&nbsp;&nbsp;__aeabi_memcpy
</UL>
<BR>[Called By]<UL><LI><a href="#[51]">&gt;&gt;</a>&nbsp;&nbsp;&nbsp;vReportCardAlarm
<LI><a href="#[4f]">&gt;&gt;</a>&nbsp;&nbsp;&nbsp;vReportCardVersion
<LI><a href="#[48]">&gt;&gt;</a>&nbsp;&nbsp;&nbsp;vReportStatus
<LI><a href="#[47]">&gt;&gt;</a>&nbsp;&nbsp;&nbsp;vReportCardRssi
</UL>

<P><STRONG><a name="[47]"></a>vReportCardRssi</STRONG> (Thumb, 46 bytes, Stack size 8 bytes, application.o(.text))
<BR><BR>[Stack]<UL><LI>Max Depth = 152<LI>Call Chain = vReportCardRssi &rArr; bsmac_build_packet &rArr; PrintfUtil_vPrintf &rArr; vNum2String
</UL>
<BR>[Calls]<UL><LI><a href="#[43]">&gt;&gt;</a>&nbsp;&nbsp;&nbsp;bsmac_build_packet
</UL>
<BR>[Called By]<UL><LI><a href="#[54]">&gt;&gt;</a>&nbsp;&nbsp;&nbsp;AppEventsProcess
</UL>

<P><STRONG><a name="[48]"></a>vReportStatus</STRONG> (Thumb, 88 bytes, Stack size 16 bytes, application.o(.text))
<BR><BR>[Stack]<UL><LI>Max Depth = 160<LI>Call Chain = vReportStatus &rArr; bsmac_build_packet &rArr; PrintfUtil_vPrintf &rArr; vNum2String
</UL>
<BR>[Calls]<UL><LI><a href="#[43]">&gt;&gt;</a>&nbsp;&nbsp;&nbsp;bsmac_build_packet
<LI><a href="#[45]">&gt;&gt;</a>&nbsp;&nbsp;&nbsp;__aeabi_memcpy
</UL>
<BR>[Called By]<UL><LI><a href="#[64]">&gt;&gt;</a>&nbsp;&nbsp;&nbsp;Application
<LI><a href="#[54]">&gt;&gt;</a>&nbsp;&nbsp;&nbsp;AppEventsProcess
<LI><a href="#[49]">&gt;&gt;</a>&nbsp;&nbsp;&nbsp;uart_rx_callback
</UL>

<P><STRONG><a name="[49]"></a>uart_rx_callback</STRONG> (Thumb, 198 bytes, Stack size 32 bytes, application.o(.text))
<BR><BR>[Stack]<UL><LI>Max Depth = 192<LI>Call Chain = uart_rx_callback &rArr; vReportStatus &rArr; bsmac_build_packet &rArr; PrintfUtil_vPrintf &rArr; vNum2String
</UL>
<BR>[Calls]<UL><LI><a href="#[4a]">&gt;&gt;</a>&nbsp;&nbsp;&nbsp;instance_set_alarmlist
<LI><a href="#[4c]">&gt;&gt;</a>&nbsp;&nbsp;&nbsp;event_timer_unset
<LI><a href="#[4b]">&gt;&gt;</a>&nbsp;&nbsp;&nbsp;event_timer_set
<LI><a href="#[4d]">&gt;&gt;</a>&nbsp;&nbsp;&nbsp;event_timer_add
<LI><a href="#[44]">&gt;&gt;</a>&nbsp;&nbsp;&nbsp;PrintfUtil_vPrintf
<LI><a href="#[48]">&gt;&gt;</a>&nbsp;&nbsp;&nbsp;vReportStatus
</UL>
<BR>[Address Reference Count : 1]<UL><LI> application.o(.text)
</UL>
<P><STRONG><a name="[4e]"></a>vProcessCardVersion</STRONG> (Thumb, 164 bytes, Stack size 24 bytes, application.o(.text))
<BR><BR>[Stack]<UL><LI>Max Depth = 40<LI>Call Chain = vProcessCardVersion &rArr; event_timer_unset
</UL>
<BR>[Calls]<UL><LI><a href="#[4c]">&gt;&gt;</a>&nbsp;&nbsp;&nbsp;event_timer_unset
<LI><a href="#[4b]">&gt;&gt;</a>&nbsp;&nbsp;&nbsp;event_timer_set
</UL>
<BR>[Called By]<UL><LI><a href="#[b0]">&gt;&gt;</a>&nbsp;&nbsp;&nbsp;testapprun
</UL>

<P><STRONG><a name="[4f]"></a>vReportCardVersion</STRONG> (Thumb, 254 bytes, Stack size 16 bytes, application.o(.text))
<BR><BR>[Stack]<UL><LI>Max Depth = 160<LI>Call Chain = vReportCardVersion &rArr; bsmac_build_packet &rArr; PrintfUtil_vPrintf &rArr; vNum2String
</UL>
<BR>[Calls]<UL><LI><a href="#[43]">&gt;&gt;</a>&nbsp;&nbsp;&nbsp;bsmac_build_packet
<LI><a href="#[50]">&gt;&gt;</a>&nbsp;&nbsp;&nbsp;__aeabi_memclr
</UL>
<BR>[Called By]<UL><LI><a href="#[54]">&gt;&gt;</a>&nbsp;&nbsp;&nbsp;AppEventsProcess
</UL>

<P><STRONG><a name="[51]"></a>vReportCardAlarm</STRONG> (Thumb, 60 bytes, Stack size 24 bytes, application.o(.text))
<BR><BR>[Stack]<UL><LI>Max Depth = 168<LI>Call Chain = vReportCardAlarm &rArr; bsmac_build_packet &rArr; PrintfUtil_vPrintf &rArr; vNum2String
</UL>
<BR>[Calls]<UL><LI><a href="#[43]">&gt;&gt;</a>&nbsp;&nbsp;&nbsp;bsmac_build_packet
</UL>
<BR>[Called By]<UL><LI><a href="#[54]">&gt;&gt;</a>&nbsp;&nbsp;&nbsp;AppEventsProcess
</UL>

<P><STRONG><a name="[52]"></a>card_retreat</STRONG> (Thumb, 90 bytes, Stack size 24 bytes, application.o(.text), UNUSED)
<BR><BR>[Calls]<UL><LI><a href="#[4a]">&gt;&gt;</a>&nbsp;&nbsp;&nbsp;instance_set_alarmlist
<LI><a href="#[53]">&gt;&gt;</a>&nbsp;&nbsp;&nbsp;event_timer_del
<LI><a href="#[4d]">&gt;&gt;</a>&nbsp;&nbsp;&nbsp;event_timer_add
</UL>

<P><STRONG><a name="[54]"></a>AppEventsProcess</STRONG> (Thumb, 370 bytes, Stack size 8 bytes, application.o(.text))
<BR><BR>[Stack]<UL><LI>Max Depth = 392<LI>Call Chain = AppEventsProcess &rArr; instance_run &rArr; testapprun &rArr; rx_power_lever &rArr; log10 &rArr; log &rArr; __kernel_poly &rArr; __aeabi_dmul &rArr; _double_epilogue &rArr; _double_round
</UL>
<BR>[Calls]<UL><LI><a href="#[5c]">&gt;&gt;</a>&nbsp;&nbsp;&nbsp;led_station_off
<LI><a href="#[5f]">&gt;&gt;</a>&nbsp;&nbsp;&nbsp;instancerxon
<LI><a href="#[5a]">&gt;&gt;</a>&nbsp;&nbsp;&nbsp;instancenewCar
<LI><a href="#[58]">&gt;&gt;</a>&nbsp;&nbsp;&nbsp;instancegetrole
<LI><a href="#[57]">&gt;&gt;</a>&nbsp;&nbsp;&nbsp;instance_run
<LI><a href="#[5d]">&gt;&gt;</a>&nbsp;&nbsp;&nbsp;instance_get_sta_status
<LI><a href="#[5b]">&gt;&gt;</a>&nbsp;&nbsp;&nbsp;inset_rev_cardmsg_ext
<LI><a href="#[4c]">&gt;&gt;</a>&nbsp;&nbsp;&nbsp;event_timer_unset
<LI><a href="#[55]">&gt;&gt;</a>&nbsp;&nbsp;&nbsp;event_timer_take_all
<LI><a href="#[4b]">&gt;&gt;</a>&nbsp;&nbsp;&nbsp;event_timer_set
<LI><a href="#[53]">&gt;&gt;</a>&nbsp;&nbsp;&nbsp;event_timer_del
<LI><a href="#[4d]">&gt;&gt;</a>&nbsp;&nbsp;&nbsp;event_timer_add
<LI><a href="#[5e]">&gt;&gt;</a>&nbsp;&nbsp;&nbsp;dwt_setrxtimeout
<LI><a href="#[56]">&gt;&gt;</a>&nbsp;&nbsp;&nbsp;dwt_forcetrxoff
<LI><a href="#[59]">&gt;&gt;</a>&nbsp;&nbsp;&nbsp;blink_to_retreat
<LI><a href="#[44]">&gt;&gt;</a>&nbsp;&nbsp;&nbsp;PrintfUtil_vPrintf
<LI><a href="#[51]">&gt;&gt;</a>&nbsp;&nbsp;&nbsp;vReportCardAlarm
<LI><a href="#[4f]">&gt;&gt;</a>&nbsp;&nbsp;&nbsp;vReportCardVersion
<LI><a href="#[48]">&gt;&gt;</a>&nbsp;&nbsp;&nbsp;vReportStatus
<LI><a href="#[47]">&gt;&gt;</a>&nbsp;&nbsp;&nbsp;vReportCardRssi
</UL>
<BR>[Called By]<UL><LI><a href="#[64]">&gt;&gt;</a>&nbsp;&nbsp;&nbsp;Application
</UL>

<P><STRONG><a name="[60]"></a>Appsleepinit</STRONG> (Thumb, 26 bytes, Stack size 8 bytes, application.o(.text), UNUSED)
<BR><BR>[Calls]<UL><LI><a href="#[61]">&gt;&gt;</a>&nbsp;&nbsp;&nbsp;dwt_setdblrxbuffmode
<LI><a href="#[62]">&gt;&gt;</a>&nbsp;&nbsp;&nbsp;dwt_enableautoack
<LI><a href="#[63]">&gt;&gt;</a>&nbsp;&nbsp;&nbsp;dwt_configuresleep
</UL>

<P><STRONG><a name="[64]"></a>Application</STRONG> (Thumb, 134 bytes, Stack size 0 bytes, application.o(.text))
<BR><BR>[Stack]<UL><LI>Max Depth = 392<LI>Call Chain = Application &rArr; AppEventsProcess &rArr; instance_run &rArr; testapprun &rArr; rx_power_lever &rArr; log10 &rArr; log &rArr; __kernel_poly &rArr; __aeabi_dmul &rArr; _double_epilogue &rArr; _double_round
</UL>
<BR>[Calls]<UL><LI><a href="#[66]">&gt;&gt;</a>&nbsp;&nbsp;&nbsp;msg_analyser_register
<LI><a href="#[67]">&gt;&gt;</a>&nbsp;&nbsp;&nbsp;instance_get_status
<LI><a href="#[69]">&gt;&gt;</a>&nbsp;&nbsp;&nbsp;event_timer_update
<LI><a href="#[4c]">&gt;&gt;</a>&nbsp;&nbsp;&nbsp;event_timer_unset
<LI><a href="#[4b]">&gt;&gt;</a>&nbsp;&nbsp;&nbsp;event_timer_set
<LI><a href="#[4d]">&gt;&gt;</a>&nbsp;&nbsp;&nbsp;event_timer_add
<LI><a href="#[68]">&gt;&gt;</a>&nbsp;&nbsp;&nbsp;WatchdogReset
<LI><a href="#[65]">&gt;&gt;</a>&nbsp;&nbsp;&nbsp;GPIO_SetBits
<LI><a href="#[54]">&gt;&gt;</a>&nbsp;&nbsp;&nbsp;AppEventsProcess
<LI><a href="#[48]">&gt;&gt;</a>&nbsp;&nbsp;&nbsp;vReportStatus
<LI><a href="#[50]">&gt;&gt;</a>&nbsp;&nbsp;&nbsp;__aeabi_memclr
</UL>
<BR>[Called By]<UL><LI><a href="#[37]">&gt;&gt;</a>&nbsp;&nbsp;&nbsp;main
</UL>

<P><STRONG><a name="[6a]"></a>inittestapplication</STRONG> (Thumb, 284 bytes, Stack size 24 bytes, main.o(.text))
<BR><BR>[Stack]<UL><LI>Max Depth = 208<LI>Call Chain = inittestapplication &rArr; instance_init &rArr; init_anchor &rArr; ta_rxe_wait &rArr; instancerxon &rArr; dwt_rxenable &rArr; dwt_forcetrxoff &rArr; dwt_write32bitoffsetreg &rArr; dwt_writetodevice &rArr; writetospi
</UL>
<BR>[Calls]<UL><LI><a href="#[6e]">&gt;&gt;</a>&nbsp;&nbsp;&nbsp;usleep
<LI><a href="#[70]">&gt;&gt;</a>&nbsp;&nbsp;&nbsp;reset_DW1000
<LI><a href="#[73]">&gt;&gt;</a>&nbsp;&nbsp;&nbsp;instancesettxtype
<LI><a href="#[75]">&gt;&gt;</a>&nbsp;&nbsp;&nbsp;instancesettagsleepdelay
<LI><a href="#[71]">&gt;&gt;</a>&nbsp;&nbsp;&nbsp;instancesetrole
<LI><a href="#[76]">&gt;&gt;</a>&nbsp;&nbsp;&nbsp;instancesetreplydelay
<LI><a href="#[6c]">&gt;&gt;</a>&nbsp;&nbsp;&nbsp;instancereaddeviceid
<LI><a href="#[72]">&gt;&gt;</a>&nbsp;&nbsp;&nbsp;instance_init
<LI><a href="#[74]">&gt;&gt;</a>&nbsp;&nbsp;&nbsp;instance_config
<LI><a href="#[6f]">&gt;&gt;</a>&nbsp;&nbsp;&nbsp;dwt_softreset
<LI><a href="#[6b]">&gt;&gt;</a>&nbsp;&nbsp;&nbsp;SPI_ConfigFastRate
<LI><a href="#[6d]">&gt;&gt;</a>&nbsp;&nbsp;&nbsp;GPIO_ResetBits
<LI><a href="#[65]">&gt;&gt;</a>&nbsp;&nbsp;&nbsp;GPIO_SetBits
</UL>
<BR>[Called By]<UL><LI><a href="#[37]">&gt;&gt;</a>&nbsp;&nbsp;&nbsp;main
</UL>

<P><STRONG><a name="[37]"></a>main</STRONG> (Thumb, 108 bytes, Stack size 8 bytes, main.o(.text))
<BR><BR>[Stack]<UL><LI>Max Depth = 400<LI>Call Chain = main &rArr; Application &rArr; AppEventsProcess &rArr; instance_run &rArr; testapprun &rArr; rx_power_lever &rArr; log10 &rArr; log &rArr; __kernel_poly &rArr; __aeabi_dmul &rArr; _double_epilogue &rArr; _double_round
</UL>
<BR>[Calls]<UL><LI><a href="#[6e]">&gt;&gt;</a>&nbsp;&nbsp;&nbsp;usleep
<LI><a href="#[70]">&gt;&gt;</a>&nbsp;&nbsp;&nbsp;reset_DW1000
<LI><a href="#[7b]">&gt;&gt;</a>&nbsp;&nbsp;&nbsp;portResetTickCnt
<LI><a href="#[77]">&gt;&gt;</a>&nbsp;&nbsp;&nbsp;board_init
<LI><a href="#[78]">&gt;&gt;</a>&nbsp;&nbsp;&nbsp;PrintfUtil_u8Init
<LI><a href="#[79]">&gt;&gt;</a>&nbsp;&nbsp;&nbsp;LED_Red_Flash
<LI><a href="#[7a]">&gt;&gt;</a>&nbsp;&nbsp;&nbsp;LED_Green_Flash
<LI><a href="#[6a]">&gt;&gt;</a>&nbsp;&nbsp;&nbsp;inittestapplication
<LI><a href="#[44]">&gt;&gt;</a>&nbsp;&nbsp;&nbsp;PrintfUtil_vPrintf
<LI><a href="#[64]">&gt;&gt;</a>&nbsp;&nbsp;&nbsp;Application
</UL>
<BR>[Address Reference Count : 1]<UL><LI> entry9a.o(.ARM.Collect$$$$0000000B)
</UL>
<P><STRONG><a name="[7c]"></a>event_timer_take</STRONG> (Thumb, 60 bytes, Stack size 16 bytes, timer_event.o(.text), UNUSED)
<BR><BR>[Calls]<UL><LI><a href="#[7e]">&gt;&gt;</a>&nbsp;&nbsp;&nbsp;interrupt_enable
<LI><a href="#[7d]">&gt;&gt;</a>&nbsp;&nbsp;&nbsp;interrupt_disable
</UL>

<P><STRONG><a name="[55]"></a>event_timer_take_all</STRONG> (Thumb, 28 bytes, Stack size 16 bytes, timer_event.o(.text))
<BR><BR>[Stack]<UL><LI>Max Depth = 16<LI>Call Chain = event_timer_take_all
</UL>
<BR>[Calls]<UL><LI><a href="#[7e]">&gt;&gt;</a>&nbsp;&nbsp;&nbsp;interrupt_enable
<LI><a href="#[7d]">&gt;&gt;</a>&nbsp;&nbsp;&nbsp;interrupt_disable
</UL>
<BR>[Called By]<UL><LI><a href="#[54]">&gt;&gt;</a>&nbsp;&nbsp;&nbsp;AppEventsProcess
</UL>

<P><STRONG><a name="[7f]"></a>event_timer_init</STRONG> (Thumb, 28 bytes, Stack size 8 bytes, timer_event.o(.text), UNUSED)
<BR><BR>[Calls]<UL><LI><a href="#[80]">&gt;&gt;</a>&nbsp;&nbsp;&nbsp;__aeabi_memclr4
</UL>

<P><STRONG><a name="[4b]"></a>event_timer_set</STRONG> (Thumb, 46 bytes, Stack size 16 bytes, timer_event.o(.text))
<BR><BR>[Stack]<UL><LI>Max Depth = 16<LI>Call Chain = event_timer_set
</UL>
<BR>[Calls]<UL><LI><a href="#[7e]">&gt;&gt;</a>&nbsp;&nbsp;&nbsp;interrupt_enable
<LI><a href="#[7d]">&gt;&gt;</a>&nbsp;&nbsp;&nbsp;interrupt_disable
</UL>
<BR>[Called By]<UL><LI><a href="#[b0]">&gt;&gt;</a>&nbsp;&nbsp;&nbsp;testapprun
<LI><a href="#[af]">&gt;&gt;</a>&nbsp;&nbsp;&nbsp;inset_rev_cardmsg
<LI><a href="#[4d]">&gt;&gt;</a>&nbsp;&nbsp;&nbsp;event_timer_add
<LI><a href="#[64]">&gt;&gt;</a>&nbsp;&nbsp;&nbsp;Application
<LI><a href="#[54]">&gt;&gt;</a>&nbsp;&nbsp;&nbsp;AppEventsProcess
<LI><a href="#[4e]">&gt;&gt;</a>&nbsp;&nbsp;&nbsp;vProcessCardVersion
<LI><a href="#[49]">&gt;&gt;</a>&nbsp;&nbsp;&nbsp;uart_rx_callback
<LI><a href="#[21]">&gt;&gt;</a>&nbsp;&nbsp;&nbsp;EXTI9_5_IRQHandler
<LI><a href="#[13]">&gt;&gt;</a>&nbsp;&nbsp;&nbsp;EXTI3_IRQHandler
<LI><a href="#[11]">&gt;&gt;</a>&nbsp;&nbsp;&nbsp;EXTI1_IRQHandler
</UL>

<P><STRONG><a name="[4c]"></a>event_timer_unset</STRONG> (Thumb, 46 bytes, Stack size 16 bytes, timer_event.o(.text))
<BR><BR>[Stack]<UL><LI>Max Depth = 16<LI>Call Chain = event_timer_unset
</UL>
<BR>[Calls]<UL><LI><a href="#[7e]">&gt;&gt;</a>&nbsp;&nbsp;&nbsp;interrupt_enable
<LI><a href="#[7d]">&gt;&gt;</a>&nbsp;&nbsp;&nbsp;interrupt_disable
</UL>
<BR>[Called By]<UL><LI><a href="#[af]">&gt;&gt;</a>&nbsp;&nbsp;&nbsp;inset_rev_cardmsg
<LI><a href="#[64]">&gt;&gt;</a>&nbsp;&nbsp;&nbsp;Application
<LI><a href="#[54]">&gt;&gt;</a>&nbsp;&nbsp;&nbsp;AppEventsProcess
<LI><a href="#[4e]">&gt;&gt;</a>&nbsp;&nbsp;&nbsp;vProcessCardVersion
<LI><a href="#[49]">&gt;&gt;</a>&nbsp;&nbsp;&nbsp;uart_rx_callback
</UL>

<P><STRONG><a name="[4d]"></a>event_timer_add</STRONG> (Thumb, 124 bytes, Stack size 24 bytes, timer_event.o(.text))
<BR><BR>[Stack]<UL><LI>Max Depth = 40<LI>Call Chain = event_timer_add &rArr; event_timer_set
</UL>
<BR>[Calls]<UL><LI><a href="#[81]">&gt;&gt;</a>&nbsp;&nbsp;&nbsp;_event_timer_idx
<LI><a href="#[7e]">&gt;&gt;</a>&nbsp;&nbsp;&nbsp;interrupt_enable
<LI><a href="#[7d]">&gt;&gt;</a>&nbsp;&nbsp;&nbsp;interrupt_disable
<LI><a href="#[4b]">&gt;&gt;</a>&nbsp;&nbsp;&nbsp;event_timer_set
</UL>
<BR>[Called By]<UL><LI><a href="#[64]">&gt;&gt;</a>&nbsp;&nbsp;&nbsp;Application
<LI><a href="#[54]">&gt;&gt;</a>&nbsp;&nbsp;&nbsp;AppEventsProcess
<LI><a href="#[52]">&gt;&gt;</a>&nbsp;&nbsp;&nbsp;card_retreat
<LI><a href="#[49]">&gt;&gt;</a>&nbsp;&nbsp;&nbsp;uart_rx_callback
</UL>

<P><STRONG><a name="[82]"></a>event_timer_add_reload</STRONG> (Thumb, 138 bytes, Stack size 24 bytes, timer_event.o(.text), UNUSED)
<BR><BR>[Calls]<UL><LI><a href="#[81]">&gt;&gt;</a>&nbsp;&nbsp;&nbsp;_event_timer_idx
<LI><a href="#[7e]">&gt;&gt;</a>&nbsp;&nbsp;&nbsp;interrupt_enable
<LI><a href="#[7d]">&gt;&gt;</a>&nbsp;&nbsp;&nbsp;interrupt_disable
</UL>

<P><STRONG><a name="[53]"></a>event_timer_del</STRONG> (Thumb, 118 bytes, Stack size 16 bytes, timer_event.o(.text))
<BR><BR>[Stack]<UL><LI>Max Depth = 16<LI>Call Chain = event_timer_del
</UL>
<BR>[Calls]<UL><LI><a href="#[81]">&gt;&gt;</a>&nbsp;&nbsp;&nbsp;_event_timer_idx
<LI><a href="#[7e]">&gt;&gt;</a>&nbsp;&nbsp;&nbsp;interrupt_enable
<LI><a href="#[7d]">&gt;&gt;</a>&nbsp;&nbsp;&nbsp;interrupt_disable
</UL>
<BR>[Called By]<UL><LI><a href="#[54]">&gt;&gt;</a>&nbsp;&nbsp;&nbsp;AppEventsProcess
<LI><a href="#[52]">&gt;&gt;</a>&nbsp;&nbsp;&nbsp;card_retreat
</UL>

<P><STRONG><a name="[69]"></a>event_timer_update</STRONG> (Thumb, 204 bytes, Stack size 24 bytes, timer_event.o(.text))
<BR><BR>[Stack]<UL><LI>Max Depth = 24<LI>Call Chain = event_timer_update
</UL>
<BR>[Calls]<UL><LI><a href="#[83]">&gt;&gt;</a>&nbsp;&nbsp;&nbsp;GetSysClock
<LI><a href="#[7e]">&gt;&gt;</a>&nbsp;&nbsp;&nbsp;interrupt_enable
<LI><a href="#[7d]">&gt;&gt;</a>&nbsp;&nbsp;&nbsp;interrupt_disable
</UL>
<BR>[Called By]<UL><LI><a href="#[84]">&gt;&gt;</a>&nbsp;&nbsp;&nbsp;event_timer_next_tick
<LI><a href="#[64]">&gt;&gt;</a>&nbsp;&nbsp;&nbsp;Application
</UL>

<P><STRONG><a name="[84]"></a>event_timer_next_tick</STRONG> (Thumb, 12 bytes, Stack size 8 bytes, timer_event.o(.text), UNUSED)
<BR><BR>[Calls]<UL><LI><a href="#[69]">&gt;&gt;</a>&nbsp;&nbsp;&nbsp;event_timer_update
</UL>

<P><STRONG><a name="[85]"></a>led_station_flash</STRONG> (Thumb, 30 bytes, Stack size 8 bytes, instance.o(.text))
<BR><BR>[Stack]<UL><LI>Max Depth = 16<LI>Call Chain = led_station_flash &rArr; led_station_on
</UL>
<BR>[Calls]<UL><LI><a href="#[86]">&gt;&gt;</a>&nbsp;&nbsp;&nbsp;led_station_on
<LI><a href="#[5c]">&gt;&gt;</a>&nbsp;&nbsp;&nbsp;led_station_off
<LI><a href="#[3f]">&gt;&gt;</a>&nbsp;&nbsp;&nbsp;GPIO_ReadInputDataBit
</UL>
<BR>[Called By]<UL><LI><a href="#[b0]">&gt;&gt;</a>&nbsp;&nbsp;&nbsp;testapprun
</UL>

<P><STRONG><a name="[c0]"></a>instance_get_cardid</STRONG> (Thumb, 8 bytes, Stack size 0 bytes, instance.o(.text))
<BR><BR>[Called By]<UL><LI><a href="#[72]">&gt;&gt;</a>&nbsp;&nbsp;&nbsp;instance_init
</UL>

<P><STRONG><a name="[1d5]"></a>instance_set_insleep</STRONG> (Thumb, 2 bytes, Stack size 0 bytes, instance.o(.text), UNUSED)

<P><STRONG><a name="[96]"></a>instance_set_sta_status</STRONG> (Thumb, 16 bytes, Stack size 0 bytes, instance.o(.text))
<BR><BR>[Called By]<UL><LI><a href="#[b0]">&gt;&gt;</a>&nbsp;&nbsp;&nbsp;testapprun
<LI><a href="#[4a]">&gt;&gt;</a>&nbsp;&nbsp;&nbsp;instance_set_alarmlist
</UL>

<P><STRONG><a name="[97]"></a>instance_reset_sta_status</STRONG> (Thumb, 16 bytes, Stack size 0 bytes, instance.o(.text))
<BR><BR>[Called By]<UL><LI><a href="#[4a]">&gt;&gt;</a>&nbsp;&nbsp;&nbsp;instance_set_alarmlist
</UL>

<P><STRONG><a name="[5d]"></a>instance_get_sta_status</STRONG> (Thumb, 28 bytes, Stack size 0 bytes, instance.o(.text))
<BR><BR>[Called By]<UL><LI><a href="#[54]">&gt;&gt;</a>&nbsp;&nbsp;&nbsp;AppEventsProcess
</UL>

<P><STRONG><a name="[87]"></a>convertmicrosectodevicetimeu</STRONG> (Thumb, 54 bytes, Stack size 40 bytes, instance.o(.text))
<BR><BR>[Stack]<UL><LI>Max Depth = 80<LI>Call Chain = convertmicrosectodevicetimeu &rArr; __aeabi_ddiv &rArr; _double_round
</UL>
<BR>[Calls]<UL><LI><a href="#[88]">&gt;&gt;</a>&nbsp;&nbsp;&nbsp;__aeabi_ddiv
<LI><a href="#[89]">&gt;&gt;</a>&nbsp;&nbsp;&nbsp;__aeabi_d2ulz
</UL>
<BR>[Called By]<UL><LI><a href="#[76]">&gt;&gt;</a>&nbsp;&nbsp;&nbsp;instancesetreplydelay
<LI><a href="#[72]">&gt;&gt;</a>&nbsp;&nbsp;&nbsp;instance_init
</UL>

<P><STRONG><a name="[8b]"></a>instanceconfigframeheader</STRONG> (Thumb, 92 bytes, Stack size 0 bytes, instance.o(.text))
<BR><BR>[Called By]<UL><LI><a href="#[8a]">&gt;&gt;</a>&nbsp;&nbsp;&nbsp;setupmacframedata
</UL>

<P><STRONG><a name="[8a]"></a>setupmacframedata</STRONG> (Thumb, 66 bytes, Stack size 24 bytes, instance.o(.text))
<BR><BR>[Stack]<UL><LI>Max Depth = 24<LI>Call Chain = setupmacframedata
</UL>
<BR>[Calls]<UL><LI><a href="#[8b]">&gt;&gt;</a>&nbsp;&nbsp;&nbsp;instanceconfigframeheader
<LI><a href="#[45]">&gt;&gt;</a>&nbsp;&nbsp;&nbsp;__aeabi_memcpy
</UL>
<BR>[Called By]<UL><LI><a href="#[9d]">&gt;&gt;</a>&nbsp;&nbsp;&nbsp;txblink_wait_send
<LI><a href="#[9c]">&gt;&gt;</a>&nbsp;&nbsp;&nbsp;txhelp_resp_send
<LI><a href="#[9b]">&gt;&gt;</a>&nbsp;&nbsp;&nbsp;txexcit_ack_send
<LI><a href="#[9a]">&gt;&gt;</a>&nbsp;&nbsp;&nbsp;txretreat_ack_send
</UL>

<P><STRONG><a name="[5f]"></a>instancerxon</STRONG> (Thumb, 36 bytes, Stack size 24 bytes, instance.o(.text))
<BR><BR>[Stack]<UL><LI>Max Depth = 136<LI>Call Chain = instancerxon &rArr; dwt_rxenable &rArr; dwt_forcetrxoff &rArr; dwt_write32bitoffsetreg &rArr; dwt_writetodevice &rArr; writetospi
</UL>
<BR>[Calls]<UL><LI><a href="#[8c]">&gt;&gt;</a>&nbsp;&nbsp;&nbsp;dwt_setdelayedtrxtime
<LI><a href="#[8d]">&gt;&gt;</a>&nbsp;&nbsp;&nbsp;dwt_rxenable
</UL>
<BR>[Called By]<UL><LI><a href="#[b5]">&gt;&gt;</a>&nbsp;&nbsp;&nbsp;instance_rxcallback
<LI><a href="#[98]">&gt;&gt;</a>&nbsp;&nbsp;&nbsp;ta_rxe_wait
<LI><a href="#[54]">&gt;&gt;</a>&nbsp;&nbsp;&nbsp;AppEventsProcess
</UL>

<P><STRONG><a name="[8e]"></a>instancesendpacket</STRONG> (Thumb, 94 bytes, Stack size 24 bytes, instance.o(.text))
<BR><BR>[Stack]<UL><LI>Max Depth = 152<LI>Call Chain = instancesendpacket &rArr; dwt_starttx &rArr; dwt_entersleepaftertx &rArr; dwt_read32bitoffsetreg &rArr; dwt_readfromdevice &rArr; readfromspi
</UL>
<BR>[Calls]<UL><LI><a href="#[90]">&gt;&gt;</a>&nbsp;&nbsp;&nbsp;dwt_writetxfctrl
<LI><a href="#[8f]">&gt;&gt;</a>&nbsp;&nbsp;&nbsp;dwt_writetxdata
<LI><a href="#[91]">&gt;&gt;</a>&nbsp;&nbsp;&nbsp;dwt_starttx
<LI><a href="#[8c]">&gt;&gt;</a>&nbsp;&nbsp;&nbsp;dwt_setdelayedtrxtime
<LI><a href="#[5e]">&gt;&gt;</a>&nbsp;&nbsp;&nbsp;dwt_setrxtimeout
</UL>
<BR>[Called By]<UL><LI><a href="#[9d]">&gt;&gt;</a>&nbsp;&nbsp;&nbsp;txblink_wait_send
<LI><a href="#[9c]">&gt;&gt;</a>&nbsp;&nbsp;&nbsp;txhelp_resp_send
<LI><a href="#[9b]">&gt;&gt;</a>&nbsp;&nbsp;&nbsp;txexcit_ack_send
<LI><a href="#[9a]">&gt;&gt;</a>&nbsp;&nbsp;&nbsp;txretreat_ack_send
</UL>

<P><STRONG><a name="[92]"></a>xtalcalibration</STRONG> (Thumb, 78 bytes, Stack size 24 bytes, instance.o(.text), UNUSED)
<BR><BR>[Calls]<UL><LI><a href="#[95]">&gt;&gt;</a>&nbsp;&nbsp;&nbsp;dwt_xtaltrim
<LI><a href="#[93]">&gt;&gt;</a>&nbsp;&nbsp;&nbsp;dwt_configuretxrf
<LI><a href="#[94]">&gt;&gt;</a>&nbsp;&nbsp;&nbsp;dwt_configcwmode
<LI><a href="#[6f]">&gt;&gt;</a>&nbsp;&nbsp;&nbsp;dwt_softreset
<LI><a href="#[6b]">&gt;&gt;</a>&nbsp;&nbsp;&nbsp;SPI_ConfigFastRate
</UL>

<P><STRONG><a name="[4a]"></a>instance_set_alarmlist</STRONG> (Thumb, 52 bytes, Stack size 12 bytes, instance.o(.text))
<BR><BR>[Stack]<UL><LI>Max Depth = 12<LI>Call Chain = instance_set_alarmlist
</UL>
<BR>[Calls]<UL><LI><a href="#[97]">&gt;&gt;</a>&nbsp;&nbsp;&nbsp;instance_reset_sta_status
<LI><a href="#[96]">&gt;&gt;</a>&nbsp;&nbsp;&nbsp;instance_set_sta_status
</UL>
<BR>[Called By]<UL><LI><a href="#[52]">&gt;&gt;</a>&nbsp;&nbsp;&nbsp;card_retreat
<LI><a href="#[49]">&gt;&gt;</a>&nbsp;&nbsp;&nbsp;uart_rx_callback
</UL>

<P><STRONG><a name="[9e]"></a>instance_inset_alarmmsg</STRONG> (Thumb, 16 bytes, Stack size 0 bytes, instance.o(.text))
<BR><BR>[Called By]<UL><LI><a href="#[9d]">&gt;&gt;</a>&nbsp;&nbsp;&nbsp;txblink_wait_send
</UL>

<P><STRONG><a name="[b1]"></a>reset_sub_alarmmsg</STRONG> (Thumb, 12 bytes, Stack size 0 bytes, instance.o(.text))
<BR><BR>[Called By]<UL><LI><a href="#[b0]">&gt;&gt;</a>&nbsp;&nbsp;&nbsp;testapprun
</UL>

<P><STRONG><a name="[98]"></a>ta_rxe_wait</STRONG> (Thumb, 128 bytes, Stack size 24 bytes, instance.o(.text))
<BR><BR>[Stack]<UL><LI>Max Depth = 160<LI>Call Chain = ta_rxe_wait &rArr; instancerxon &rArr; dwt_rxenable &rArr; dwt_forcetrxoff &rArr; dwt_write32bitoffsetreg &rArr; dwt_writetodevice &rArr; writetospi
</UL>
<BR>[Calls]<UL><LI><a href="#[99]">&gt;&gt;</a>&nbsp;&nbsp;&nbsp;__aeabi_cdrcmple
<LI><a href="#[5f]">&gt;&gt;</a>&nbsp;&nbsp;&nbsp;instancerxon
</UL>
<BR>[Called By]<UL><LI><a href="#[b0]">&gt;&gt;</a>&nbsp;&nbsp;&nbsp;testapprun
<LI><a href="#[a4]">&gt;&gt;</a>&nbsp;&nbsp;&nbsp;ta_tx_wait_conf
<LI><a href="#[9f]">&gt;&gt;</a>&nbsp;&nbsp;&nbsp;init_anchor
<LI><a href="#[9b]">&gt;&gt;</a>&nbsp;&nbsp;&nbsp;txexcit_ack_send
<LI><a href="#[57]">&gt;&gt;</a>&nbsp;&nbsp;&nbsp;instance_run
</UL>

<P><STRONG><a name="[9a]"></a>txretreat_ack_send</STRONG> (Thumb, 88 bytes, Stack size 16 bytes, instance.o(.text), UNUSED)
<BR><BR>[Calls]<UL><LI><a href="#[8e]">&gt;&gt;</a>&nbsp;&nbsp;&nbsp;instancesendpacket
<LI><a href="#[8a]">&gt;&gt;</a>&nbsp;&nbsp;&nbsp;setupmacframedata
<LI><a href="#[6e]">&gt;&gt;</a>&nbsp;&nbsp;&nbsp;usleep
<LI><a href="#[5e]">&gt;&gt;</a>&nbsp;&nbsp;&nbsp;dwt_setrxtimeout
<LI><a href="#[56]">&gt;&gt;</a>&nbsp;&nbsp;&nbsp;dwt_forcetrxoff
<LI><a href="#[44]">&gt;&gt;</a>&nbsp;&nbsp;&nbsp;PrintfUtil_vPrintf
</UL>

<P><STRONG><a name="[9b]"></a>txexcit_ack_send</STRONG> (Thumb, 82 bytes, Stack size 8 bytes, instance.o(.text))
<BR><BR>[Stack]<UL><LI>Max Depth = 168<LI>Call Chain = txexcit_ack_send &rArr; ta_rxe_wait &rArr; instancerxon &rArr; dwt_rxenable &rArr; dwt_forcetrxoff &rArr; dwt_write32bitoffsetreg &rArr; dwt_writetodevice &rArr; writetospi
</UL>
<BR>[Calls]<UL><LI><a href="#[98]">&gt;&gt;</a>&nbsp;&nbsp;&nbsp;ta_rxe_wait
<LI><a href="#[8e]">&gt;&gt;</a>&nbsp;&nbsp;&nbsp;instancesendpacket
<LI><a href="#[8a]">&gt;&gt;</a>&nbsp;&nbsp;&nbsp;setupmacframedata
<LI><a href="#[5e]">&gt;&gt;</a>&nbsp;&nbsp;&nbsp;dwt_setrxtimeout
<LI><a href="#[56]">&gt;&gt;</a>&nbsp;&nbsp;&nbsp;dwt_forcetrxoff
<LI><a href="#[44]">&gt;&gt;</a>&nbsp;&nbsp;&nbsp;PrintfUtil_vPrintf
</UL>
<BR>[Called By]<UL><LI><a href="#[b0]">&gt;&gt;</a>&nbsp;&nbsp;&nbsp;testapprun
</UL>

<P><STRONG><a name="[9c]"></a>txhelp_resp_send</STRONG> (Thumb, 214 bytes, Stack size 16 bytes, instance.o(.text))
<BR><BR>[Stack]<UL><LI>Max Depth = 168<LI>Call Chain = txhelp_resp_send &rArr; instancesendpacket &rArr; dwt_starttx &rArr; dwt_entersleepaftertx &rArr; dwt_read32bitoffsetreg &rArr; dwt_readfromdevice &rArr; readfromspi
</UL>
<BR>[Calls]<UL><LI><a href="#[8e]">&gt;&gt;</a>&nbsp;&nbsp;&nbsp;instancesendpacket
<LI><a href="#[8a]">&gt;&gt;</a>&nbsp;&nbsp;&nbsp;setupmacframedata
<LI><a href="#[6e]">&gt;&gt;</a>&nbsp;&nbsp;&nbsp;usleep
<LI><a href="#[5e]">&gt;&gt;</a>&nbsp;&nbsp;&nbsp;dwt_setrxtimeout
<LI><a href="#[56]">&gt;&gt;</a>&nbsp;&nbsp;&nbsp;dwt_forcetrxoff
<LI><a href="#[44]">&gt;&gt;</a>&nbsp;&nbsp;&nbsp;PrintfUtil_vPrintf
</UL>
<BR>[Called By]<UL><LI><a href="#[b0]">&gt;&gt;</a>&nbsp;&nbsp;&nbsp;testapprun
</UL>

<P><STRONG><a name="[9d]"></a>txblink_wait_send</STRONG> (Thumb, 120 bytes, Stack size 16 bytes, instance.o(.text))
<BR><BR>[Stack]<UL><LI>Max Depth = 168<LI>Call Chain = txblink_wait_send &rArr; instancesendpacket &rArr; dwt_starttx &rArr; dwt_entersleepaftertx &rArr; dwt_read32bitoffsetreg &rArr; dwt_readfromdevice &rArr; readfromspi
</UL>
<BR>[Calls]<UL><LI><a href="#[9e]">&gt;&gt;</a>&nbsp;&nbsp;&nbsp;instance_inset_alarmmsg
<LI><a href="#[8e]">&gt;&gt;</a>&nbsp;&nbsp;&nbsp;instancesendpacket
<LI><a href="#[8a]">&gt;&gt;</a>&nbsp;&nbsp;&nbsp;setupmacframedata
<LI><a href="#[56]">&gt;&gt;</a>&nbsp;&nbsp;&nbsp;dwt_forcetrxoff
<LI><a href="#[44]">&gt;&gt;</a>&nbsp;&nbsp;&nbsp;PrintfUtil_vPrintf
</UL>
<BR>[Called By]<UL><LI><a href="#[59]">&gt;&gt;</a>&nbsp;&nbsp;&nbsp;blink_to_retreat
</UL>

<P><STRONG><a name="[59]"></a>blink_to_retreat</STRONG> (Thumb, 10 bytes, Stack size 8 bytes, instance.o(.text))
<BR><BR>[Stack]<UL><LI>Max Depth = 176<LI>Call Chain = blink_to_retreat &rArr; txblink_wait_send &rArr; instancesendpacket &rArr; dwt_starttx &rArr; dwt_entersleepaftertx &rArr; dwt_read32bitoffsetreg &rArr; dwt_readfromdevice &rArr; readfromspi
</UL>
<BR>[Calls]<UL><LI><a href="#[9d]">&gt;&gt;</a>&nbsp;&nbsp;&nbsp;txblink_wait_send
</UL>
<BR>[Called By]<UL><LI><a href="#[54]">&gt;&gt;</a>&nbsp;&nbsp;&nbsp;AppEventsProcess
</UL>

<P><STRONG><a name="[9f]"></a>init_anchor</STRONG> (Thumb, 96 bytes, Stack size 8 bytes, instance.o(.text))
<BR><BR>[Stack]<UL><LI>Max Depth = 168<LI>Call Chain = init_anchor &rArr; ta_rxe_wait &rArr; instancerxon &rArr; dwt_rxenable &rArr; dwt_forcetrxoff &rArr; dwt_write32bitoffsetreg &rArr; dwt_writetodevice &rArr; writetospi
</UL>
<BR>[Calls]<UL><LI><a href="#[a2]">&gt;&gt;</a>&nbsp;&nbsp;&nbsp;dwt_setrxaftertxdelay
<LI><a href="#[a0]">&gt;&gt;</a>&nbsp;&nbsp;&nbsp;dwt_setpanid
<LI><a href="#[a3]">&gt;&gt;</a>&nbsp;&nbsp;&nbsp;dwt_setautorxreenable
<LI><a href="#[a1]">&gt;&gt;</a>&nbsp;&nbsp;&nbsp;dwt_setaddress16
<LI><a href="#[98]">&gt;&gt;</a>&nbsp;&nbsp;&nbsp;ta_rxe_wait
<LI><a href="#[5e]">&gt;&gt;</a>&nbsp;&nbsp;&nbsp;dwt_setrxtimeout
</UL>
<BR>[Called By]<UL><LI><a href="#[72]">&gt;&gt;</a>&nbsp;&nbsp;&nbsp;instance_init
</UL>

<P><STRONG><a name="[a4]"></a>ta_tx_wait_conf</STRONG> (Thumb, 136 bytes, Stack size 16 bytes, instance.o(.text))
<BR><BR>[Stack]<UL><LI>Max Depth = 176<LI>Call Chain = ta_tx_wait_conf &rArr; ta_rxe_wait &rArr; instancerxon &rArr; dwt_rxenable &rArr; dwt_forcetrxoff &rArr; dwt_write32bitoffsetreg &rArr; dwt_writetodevice &rArr; writetospi
</UL>
<BR>[Calls]<UL><LI><a href="#[a5]">&gt;&gt;</a>&nbsp;&nbsp;&nbsp;portGetTickCnt
<LI><a href="#[98]">&gt;&gt;</a>&nbsp;&nbsp;&nbsp;ta_rxe_wait
<LI><a href="#[5e]">&gt;&gt;</a>&nbsp;&nbsp;&nbsp;dwt_setrxtimeout
<LI><a href="#[44]">&gt;&gt;</a>&nbsp;&nbsp;&nbsp;PrintfUtil_vPrintf
</UL>
<BR>[Called By]<UL><LI><a href="#[b9]">&gt;&gt;</a>&nbsp;&nbsp;&nbsp;instance_txcallback
<LI><a href="#[b5]">&gt;&gt;</a>&nbsp;&nbsp;&nbsp;instance_rxcallback
</UL>

<P><STRONG><a name="[a6]"></a>rx_power_lever</STRONG> (Thumb, 138 bytes, Stack size 72 bytes, instance.o(.text))
<BR><BR>[Stack]<UL><LI>Max Depth = 304<LI>Call Chain = rx_power_lever &rArr; log10 &rArr; log &rArr; __kernel_poly &rArr; __aeabi_dmul &rArr; _double_epilogue &rArr; _double_round
</UL>
<BR>[Calls]<UL><LI><a href="#[a7]">&gt;&gt;</a>&nbsp;&nbsp;&nbsp;dwt_readdignostics
<LI><a href="#[a8]">&gt;&gt;</a>&nbsp;&nbsp;&nbsp;__aeabi_ui2d
<LI><a href="#[ab]">&gt;&gt;</a>&nbsp;&nbsp;&nbsp;__aeabi_dsub
<LI><a href="#[a9]">&gt;&gt;</a>&nbsp;&nbsp;&nbsp;__aeabi_dmul
<LI><a href="#[88]">&gt;&gt;</a>&nbsp;&nbsp;&nbsp;__aeabi_ddiv
<LI><a href="#[ac]">&gt;&gt;</a>&nbsp;&nbsp;&nbsp;__aeabi_d2iz
<LI><a href="#[aa]">&gt;&gt;</a>&nbsp;&nbsp;&nbsp;log10
</UL>
<BR>[Called By]<UL><LI><a href="#[b0]">&gt;&gt;</a>&nbsp;&nbsp;&nbsp;testapprun
</UL>

<P><STRONG><a name="[ad]"></a>rx_power_lever1</STRONG> (Thumb, 228 bytes, Stack size 128 bytes, instance.o(.text), UNUSED)
<BR><BR>[Calls]<UL><LI><a href="#[a7]">&gt;&gt;</a>&nbsp;&nbsp;&nbsp;dwt_readdignostics
<LI><a href="#[a8]">&gt;&gt;</a>&nbsp;&nbsp;&nbsp;__aeabi_ui2d
<LI><a href="#[ab]">&gt;&gt;</a>&nbsp;&nbsp;&nbsp;__aeabi_dsub
<LI><a href="#[a9]">&gt;&gt;</a>&nbsp;&nbsp;&nbsp;__aeabi_dmul
<LI><a href="#[88]">&gt;&gt;</a>&nbsp;&nbsp;&nbsp;__aeabi_ddiv
<LI><a href="#[ae]">&gt;&gt;</a>&nbsp;&nbsp;&nbsp;__aeabi_dadd
<LI><a href="#[ac]">&gt;&gt;</a>&nbsp;&nbsp;&nbsp;__aeabi_d2iz
<LI><a href="#[aa]">&gt;&gt;</a>&nbsp;&nbsp;&nbsp;log10
</UL>

<P><STRONG><a name="[af]"></a>inset_rev_cardmsg</STRONG> (Thumb, 112 bytes, Stack size 24 bytes, instance.o(.text))
<BR><BR>[Stack]<UL><LI>Max Depth = 40<LI>Call Chain = inset_rev_cardmsg &rArr; event_timer_unset
</UL>
<BR>[Calls]<UL><LI><a href="#[4c]">&gt;&gt;</a>&nbsp;&nbsp;&nbsp;event_timer_unset
<LI><a href="#[4b]">&gt;&gt;</a>&nbsp;&nbsp;&nbsp;event_timer_set
</UL>
<BR>[Called By]<UL><LI><a href="#[b0]">&gt;&gt;</a>&nbsp;&nbsp;&nbsp;testapprun
</UL>

<P><STRONG><a name="[5b]"></a>inset_rev_cardmsg_ext</STRONG> (Thumb, 132 bytes, Stack size 8 bytes, instance.o(.text))
<BR><BR>[Stack]<UL><LI>Max Depth = 8<LI>Call Chain = inset_rev_cardmsg_ext
</UL>
<BR>[Called By]<UL><LI><a href="#[54]">&gt;&gt;</a>&nbsp;&nbsp;&nbsp;AppEventsProcess
</UL>

<P><STRONG><a name="[b2]"></a>instance_set_car_rev</STRONG> (Thumb, 10 bytes, Stack size 0 bytes, instance.o(.text))
<BR><BR>[Called By]<UL><LI><a href="#[b0]">&gt;&gt;</a>&nbsp;&nbsp;&nbsp;testapprun
</UL>

<P><STRONG><a name="[b0]"></a>testapprun</STRONG> (Thumb, 882 bytes, Stack size 64 bytes, instance.o(.text))
<BR><BR>[Stack]<UL><LI>Max Depth = 368<LI>Call Chain = testapprun &rArr; rx_power_lever &rArr; log10 &rArr; log &rArr; __kernel_poly &rArr; __aeabi_dmul &rArr; _double_epilogue &rArr; _double_round
</UL>
<BR>[Calls]<UL><LI><a href="#[b2]">&gt;&gt;</a>&nbsp;&nbsp;&nbsp;instance_set_car_rev
<LI><a href="#[af]">&gt;&gt;</a>&nbsp;&nbsp;&nbsp;inset_rev_cardmsg
<LI><a href="#[a6]">&gt;&gt;</a>&nbsp;&nbsp;&nbsp;rx_power_lever
<LI><a href="#[9c]">&gt;&gt;</a>&nbsp;&nbsp;&nbsp;txhelp_resp_send
<LI><a href="#[9b]">&gt;&gt;</a>&nbsp;&nbsp;&nbsp;txexcit_ack_send
<LI><a href="#[98]">&gt;&gt;</a>&nbsp;&nbsp;&nbsp;ta_rxe_wait
<LI><a href="#[b1]">&gt;&gt;</a>&nbsp;&nbsp;&nbsp;reset_sub_alarmmsg
<LI><a href="#[96]">&gt;&gt;</a>&nbsp;&nbsp;&nbsp;instance_set_sta_status
<LI><a href="#[85]">&gt;&gt;</a>&nbsp;&nbsp;&nbsp;led_station_flash
<LI><a href="#[4b]">&gt;&gt;</a>&nbsp;&nbsp;&nbsp;event_timer_set
<LI><a href="#[5e]">&gt;&gt;</a>&nbsp;&nbsp;&nbsp;dwt_setrxtimeout
<LI><a href="#[4e]">&gt;&gt;</a>&nbsp;&nbsp;&nbsp;vProcessCardVersion
</UL>
<BR>[Called By]<UL><LI><a href="#[57]">&gt;&gt;</a>&nbsp;&nbsp;&nbsp;instance_run
</UL>

<P><STRONG><a name="[71]"></a>instancesetrole</STRONG> (Thumb, 6 bytes, Stack size 0 bytes, instance.o(.text))
<BR><BR>[Called By]<UL><LI><a href="#[6a]">&gt;&gt;</a>&nbsp;&nbsp;&nbsp;inittestapplication
</UL>

<P><STRONG><a name="[58]"></a>instancegetrole</STRONG> (Thumb, 6 bytes, Stack size 0 bytes, instance.o(.text))
<BR><BR>[Called By]<UL><LI><a href="#[54]">&gt;&gt;</a>&nbsp;&nbsp;&nbsp;AppEventsProcess
</UL>

<P><STRONG><a name="[1d6]"></a>instancenewrange</STRONG> (Thumb, 24 bytes, Stack size 0 bytes, instance.o(.text), UNUSED)

<P><STRONG><a name="[5a]"></a>instancenewCar</STRONG> (Thumb, 24 bytes, Stack size 0 bytes, instance.o(.text))
<BR><BR>[Called By]<UL><LI><a href="#[54]">&gt;&gt;</a>&nbsp;&nbsp;&nbsp;AppEventsProcess
</UL>

<P><STRONG><a name="[73]"></a>instancesettxtype</STRONG> (Thumb, 8 bytes, Stack size 0 bytes, instance.o(.text))
<BR><BR>[Called By]<UL><LI><a href="#[6a]">&gt;&gt;</a>&nbsp;&nbsp;&nbsp;inittestapplication
</UL>

<P><STRONG><a name="[b3]"></a>instanceclearcounts</STRONG> (Thumb, 168 bytes, Stack size 8 bytes, instance.o(.text))
<BR><BR>[Stack]<UL><LI>Max Depth = 80<LI>Call Chain = instanceclearcounts &rArr; dwt_configeventcounters &rArr; dwt_writetodevice &rArr; writetospi
</UL>
<BR>[Calls]<UL><LI><a href="#[b4]">&gt;&gt;</a>&nbsp;&nbsp;&nbsp;dwt_configeventcounters
</UL>
<BR>[Called By]<UL><LI><a href="#[72]">&gt;&gt;</a>&nbsp;&nbsp;&nbsp;instance_init
</UL>

<P><STRONG><a name="[b6]"></a>instance_set_status</STRONG> (Thumb, 36 bytes, Stack size 0 bytes, instance.o(.text))
<BR><BR>[Called By]<UL><LI><a href="#[b9]">&gt;&gt;</a>&nbsp;&nbsp;&nbsp;instance_txcallback
<LI><a href="#[b5]">&gt;&gt;</a>&nbsp;&nbsp;&nbsp;instance_rxcallback
</UL>

<P><STRONG><a name="[b5]"></a>instance_rxcallback</STRONG> (Thumb, 754 bytes, Stack size 40 bytes, instance.o(.text))
<BR><BR>[Stack]<UL><LI>Max Depth = 216<LI>Call Chain = instance_rxcallback &rArr; ta_tx_wait_conf &rArr; ta_rxe_wait &rArr; instancerxon &rArr; dwt_rxenable &rArr; dwt_forcetrxoff &rArr; dwt_write32bitoffsetreg &rArr; dwt_writetodevice &rArr; writetospi
</UL>
<BR>[Calls]<UL><LI><a href="#[8d]">&gt;&gt;</a>&nbsp;&nbsp;&nbsp;dwt_rxenable
<LI><a href="#[b8]">&gt;&gt;</a>&nbsp;&nbsp;&nbsp;dwt_readrxtimestamp
<LI><a href="#[b7]">&gt;&gt;</a>&nbsp;&nbsp;&nbsp;dwt_readrxdata
<LI><a href="#[b6]">&gt;&gt;</a>&nbsp;&nbsp;&nbsp;instance_set_status
<LI><a href="#[a4]">&gt;&gt;</a>&nbsp;&nbsp;&nbsp;ta_tx_wait_conf
<LI><a href="#[5f]">&gt;&gt;</a>&nbsp;&nbsp;&nbsp;instancerxon
<LI><a href="#[56]">&gt;&gt;</a>&nbsp;&nbsp;&nbsp;dwt_forcetrxoff
</UL>
<BR>[Address Reference Count : 1]<UL><LI> instance.o(.text)
</UL>
<P><STRONG><a name="[b9]"></a>instance_txcallback</STRONG> (Thumb, 440 bytes, Stack size 32 bytes, instance.o(.text))
<BR><BR>[Stack]<UL><LI>Max Depth = 208<LI>Call Chain = instance_txcallback &rArr; ta_tx_wait_conf &rArr; ta_rxe_wait &rArr; instancerxon &rArr; dwt_rxenable &rArr; dwt_forcetrxoff &rArr; dwt_write32bitoffsetreg &rArr; dwt_writetodevice &rArr; writetospi
</UL>
<BR>[Calls]<UL><LI><a href="#[ba]">&gt;&gt;</a>&nbsp;&nbsp;&nbsp;dwt_readtxtimestamp
<LI><a href="#[b6]">&gt;&gt;</a>&nbsp;&nbsp;&nbsp;instance_set_status
<LI><a href="#[a4]">&gt;&gt;</a>&nbsp;&nbsp;&nbsp;ta_tx_wait_conf
</UL>
<BR>[Address Reference Count : 1]<UL><LI> instance.o(.text)
</UL>
<P><STRONG><a name="[72]"></a>instance_init</STRONG> (Thumb, 688 bytes, Stack size 16 bytes, instance.o(.text))
<BR><BR>[Stack]<UL><LI>Max Depth = 184<LI>Call Chain = instance_init &rArr; init_anchor &rArr; ta_rxe_wait &rArr; instancerxon &rArr; dwt_rxenable &rArr; dwt_forcetrxoff &rArr; dwt_write32bitoffsetreg &rArr; dwt_writetodevice &rArr; writetospi
</UL>
<BR>[Calls]<UL><LI><a href="#[a5]">&gt;&gt;</a>&nbsp;&nbsp;&nbsp;portGetTickCnt
<LI><a href="#[bd]">&gt;&gt;</a>&nbsp;&nbsp;&nbsp;dwt_setleds
<LI><a href="#[bc]">&gt;&gt;</a>&nbsp;&nbsp;&nbsp;dwt_setinterrupt
<LI><a href="#[be]">&gt;&gt;</a>&nbsp;&nbsp;&nbsp;dwt_setcallbacks
<LI><a href="#[bb]">&gt;&gt;</a>&nbsp;&nbsp;&nbsp;dwt_initialise
<LI><a href="#[bf]">&gt;&gt;</a>&nbsp;&nbsp;&nbsp;dwt_geteui
<LI><a href="#[b3]">&gt;&gt;</a>&nbsp;&nbsp;&nbsp;instanceclearcounts
<LI><a href="#[9f]">&gt;&gt;</a>&nbsp;&nbsp;&nbsp;init_anchor
<LI><a href="#[87]">&gt;&gt;</a>&nbsp;&nbsp;&nbsp;convertmicrosectodevicetimeu
<LI><a href="#[c0]">&gt;&gt;</a>&nbsp;&nbsp;&nbsp;instance_get_cardid
<LI><a href="#[6f]">&gt;&gt;</a>&nbsp;&nbsp;&nbsp;dwt_softreset
</UL>
<BR>[Called By]<UL><LI><a href="#[6a]">&gt;&gt;</a>&nbsp;&nbsp;&nbsp;inittestapplication
</UL>

<P><STRONG><a name="[6c]"></a>instancereaddeviceid</STRONG> (Thumb, 8 bytes, Stack size 8 bytes, instance.o(.text))
<BR><BR>[Stack]<UL><LI>Max Depth = 104<LI>Call Chain = instancereaddeviceid &rArr; dwt_readdevid &rArr; dwt_read32bitoffsetreg &rArr; dwt_readfromdevice &rArr; readfromspi
</UL>
<BR>[Calls]<UL><LI><a href="#[c1]">&gt;&gt;</a>&nbsp;&nbsp;&nbsp;dwt_readdevid
</UL>
<BR>[Called By]<UL><LI><a href="#[6a]">&gt;&gt;</a>&nbsp;&nbsp;&nbsp;inittestapplication
</UL>

<P><STRONG><a name="[74]"></a>instance_config</STRONG> (Thumb, 686 bytes, Stack size 24 bytes, instance.o(.text))
<BR><BR>[Stack]<UL><LI>Max Depth = 168<LI>Call Chain = instance_config &rArr; dwt_configure &rArr; _dwt_configlde &rArr; dwt_write16bitoffsetreg &rArr; dwt_writetodevice &rArr; writetospi
</UL>
<BR>[Calls]<UL><LI><a href="#[c6]">&gt;&gt;</a>&nbsp;&nbsp;&nbsp;dwt_settxantennadelay
<LI><a href="#[c4]">&gt;&gt;</a>&nbsp;&nbsp;&nbsp;dwt_setsmarttxpower
<LI><a href="#[c5]">&gt;&gt;</a>&nbsp;&nbsp;&nbsp;dwt_setrxantennadelay
<LI><a href="#[c7]">&gt;&gt;</a>&nbsp;&nbsp;&nbsp;dwt_readantennadelay
<LI><a href="#[c3]">&gt;&gt;</a>&nbsp;&nbsp;&nbsp;dwt_getotptxpower
<LI><a href="#[93]">&gt;&gt;</a>&nbsp;&nbsp;&nbsp;dwt_configuretxrf
<LI><a href="#[c2]">&gt;&gt;</a>&nbsp;&nbsp;&nbsp;dwt_configure
</UL>
<BR>[Called By]<UL><LI><a href="#[6a]">&gt;&gt;</a>&nbsp;&nbsp;&nbsp;inittestapplication
</UL>

<P><STRONG><a name="[c8]"></a>instance_change_channel</STRONG> (Thumb, 216 bytes, Stack size 24 bytes, instance.o(.text), UNUSED)
<BR><BR>[Calls]<UL><LI><a href="#[c4]">&gt;&gt;</a>&nbsp;&nbsp;&nbsp;dwt_setsmarttxpower
<LI><a href="#[c3]">&gt;&gt;</a>&nbsp;&nbsp;&nbsp;dwt_getotptxpower
<LI><a href="#[c2]">&gt;&gt;</a>&nbsp;&nbsp;&nbsp;dwt_configure
</UL>

<P><STRONG><a name="[75]"></a>instancesettagsleepdelay</STRONG> (Thumb, 30 bytes, Stack size 8 bytes, instance.o(.text))
<BR><BR>[Stack]<UL><LI>Max Depth = 8<LI>Call Chain = instancesettagsleepdelay
</UL>
<BR>[Called By]<UL><LI><a href="#[6a]">&gt;&gt;</a>&nbsp;&nbsp;&nbsp;inittestapplication
</UL>

<P><STRONG><a name="[1d7]"></a>instancesetblinkreplydelay</STRONG> (Thumb, 26 bytes, Stack size 8 bytes, instance.o(.text), UNUSED)

<P><STRONG><a name="[76]"></a>instancesetreplydelay</STRONG> (Thumb, 124 bytes, Stack size 32 bytes, instance.o(.text))
<BR><BR>[Stack]<UL><LI>Max Depth = 120<LI>Call Chain = instancesetreplydelay &rArr; __aeabi_dsub &rArr; __aeabi_dadd &rArr; _double_epilogue &rArr; _double_round
</UL>
<BR>[Calls]<UL><LI><a href="#[ab]">&gt;&gt;</a>&nbsp;&nbsp;&nbsp;__aeabi_dsub
<LI><a href="#[a9]">&gt;&gt;</a>&nbsp;&nbsp;&nbsp;__aeabi_dmul
<LI><a href="#[87]">&gt;&gt;</a>&nbsp;&nbsp;&nbsp;convertmicrosectodevicetimeu
</UL>
<BR>[Called By]<UL><LI><a href="#[6a]">&gt;&gt;</a>&nbsp;&nbsp;&nbsp;inittestapplication
</UL>

<P><STRONG><a name="[1d8]"></a>instancesetreporting</STRONG> (Thumb, 24 bytes, Stack size 8 bytes, instance.o(.text), UNUSED)

<P><STRONG><a name="[c9]"></a>instance_close</STRONG> (Thumb, 46 bytes, Stack size 8 bytes, instance.o(.text), UNUSED)
<BR><BR>[Calls]<UL><LI><a href="#[bc]">&gt;&gt;</a>&nbsp;&nbsp;&nbsp;dwt_setinterrupt
<LI><a href="#[ca]">&gt;&gt;</a>&nbsp;&nbsp;&nbsp;dwt_entersleepaftertx
<LI><a href="#[6e]">&gt;&gt;</a>&nbsp;&nbsp;&nbsp;usleep
<LI><a href="#[6d]">&gt;&gt;</a>&nbsp;&nbsp;&nbsp;GPIO_ResetBits
<LI><a href="#[65]">&gt;&gt;</a>&nbsp;&nbsp;&nbsp;GPIO_SetBits
</UL>

<P><STRONG><a name="[cb]"></a>instance_get_anchoraddr</STRONG> (Thumb, 28 bytes, Stack size 16 bytes, instance.o(.text), UNUSED)
<BR><BR>[Calls]<UL><LI><a href="#[cc]">&gt;&gt;</a>&nbsp;&nbsp;&nbsp;__aeabi_uldivmod
</UL>

<P><STRONG><a name="[67]"></a>instance_get_status</STRONG> (Thumb, 8 bytes, Stack size 0 bytes, instance.o(.text))
<BR><BR>[Called By]<UL><LI><a href="#[64]">&gt;&gt;</a>&nbsp;&nbsp;&nbsp;Application
</UL>

<P><STRONG><a name="[1d9]"></a>instance_get_seqnum</STRONG> (Thumb, 14 bytes, Stack size 0 bytes, instance.o(.text), UNUSED)

<P><STRONG><a name="[1da]"></a>get_AnchroTimeStamp</STRONG> (Thumb, 24 bytes, Stack size 12 bytes, instance.o(.text), UNUSED)

<P><STRONG><a name="[1db]"></a>get_TagTimeStamp</STRONG> (Thumb, 64 bytes, Stack size 12 bytes, instance.o(.text), UNUSED)

<P><STRONG><a name="[1dc]"></a>get_rcvCardID</STRONG> (Thumb, 12 bytes, Stack size 0 bytes, instance.o(.text), UNUSED)

<P><STRONG><a name="[1dd]"></a>get_TagspeedType</STRONG> (Thumb, 8 bytes, Stack size 0 bytes, instance.o(.text), UNUSED)

<P><STRONG><a name="[1de]"></a>get_TxspeedType</STRONG> (Thumb, 6 bytes, Stack size 0 bytes, instance.o(.text), UNUSED)

<P><STRONG><a name="[1df]"></a>instance_readaccumulatordata</STRONG> (Thumb, 4 bytes, Stack size 0 bytes, instance.o(.text), UNUSED)

<P><STRONG><a name="[57]"></a>instance_run</STRONG> (Thumb, 224 bytes, Stack size 16 bytes, instance.o(.text))
<BR><BR>[Stack]<UL><LI>Max Depth = 384<LI>Call Chain = instance_run &rArr; testapprun &rArr; rx_power_lever &rArr; log10 &rArr; log &rArr; __kernel_poly &rArr; __aeabi_dmul &rArr; _double_epilogue &rArr; _double_round
</UL>
<BR>[Calls]<UL><LI><a href="#[b0]">&gt;&gt;</a>&nbsp;&nbsp;&nbsp;testapprun
<LI><a href="#[98]">&gt;&gt;</a>&nbsp;&nbsp;&nbsp;ta_rxe_wait
</UL>
<BR>[Called By]<UL><LI><a href="#[54]">&gt;&gt;</a>&nbsp;&nbsp;&nbsp;AppEventsProcess
</UL>

<P><STRONG><a name="[1e0]"></a>openspi</STRONG> (Thumb, 4 bytes, Stack size 0 bytes, deca_spi.o(.text), UNUSED)

<P><STRONG><a name="[cd]"></a>closespi</STRONG> (Thumb, 28 bytes, Stack size 8 bytes, deca_spi.o(.text), UNUSED)
<BR><BR>[Calls]<UL><LI><a href="#[ce]">&gt;&gt;</a>&nbsp;&nbsp;&nbsp;SPI_I2S_GetFlagStatus
<LI><a href="#[cf]">&gt;&gt;</a>&nbsp;&nbsp;&nbsp;SPI_Cmd
</UL>

<P><STRONG><a name="[d0]"></a>writetospi</STRONG> (Thumb, 114 bytes, Stack size 24 bytes, deca_spi.o(.text))
<BR><BR>[Stack]<UL><LI>Max Depth = 24<LI>Call Chain = writetospi
</UL>
<BR>[Calls]<UL><LI><a href="#[d1]">&gt;&gt;</a>&nbsp;&nbsp;&nbsp;SPI_I2S_SendData
<LI><a href="#[d2]">&gt;&gt;</a>&nbsp;&nbsp;&nbsp;SPI_I2S_ReceiveData
<LI><a href="#[ce]">&gt;&gt;</a>&nbsp;&nbsp;&nbsp;SPI_I2S_GetFlagStatus
<LI><a href="#[6d]">&gt;&gt;</a>&nbsp;&nbsp;&nbsp;GPIO_ResetBits
<LI><a href="#[65]">&gt;&gt;</a>&nbsp;&nbsp;&nbsp;GPIO_SetBits
</UL>
<BR>[Called By]<UL><LI><a href="#[192]">&gt;&gt;</a>&nbsp;&nbsp;&nbsp;dwt_writetodevice
</UL>

<P><STRONG><a name="[d3]"></a>readfromspi</STRONG> (Thumb, 116 bytes, Stack size 24 bytes, deca_spi.o(.text))
<BR><BR>[Stack]<UL><LI>Max Depth = 24<LI>Call Chain = readfromspi
</UL>
<BR>[Calls]<UL><LI><a href="#[d1]">&gt;&gt;</a>&nbsp;&nbsp;&nbsp;SPI_I2S_SendData
<LI><a href="#[d2]">&gt;&gt;</a>&nbsp;&nbsp;&nbsp;SPI_I2S_ReceiveData
<LI><a href="#[ce]">&gt;&gt;</a>&nbsp;&nbsp;&nbsp;SPI_I2S_GetFlagStatus
<LI><a href="#[6d]">&gt;&gt;</a>&nbsp;&nbsp;&nbsp;GPIO_ResetBits
<LI><a href="#[65]">&gt;&gt;</a>&nbsp;&nbsp;&nbsp;GPIO_SetBits
</UL>
<BR>[Called By]<UL><LI><a href="#[195]">&gt;&gt;</a>&nbsp;&nbsp;&nbsp;dwt_readfromdevice
</UL>

<P><STRONG><a name="[d4]"></a>writetoLCD</STRONG> (Thumb, 136 bytes, Stack size 24 bytes, deca_spi.o(.text), UNUSED)
<BR><BR>[Calls]<UL><LI><a href="#[d1]">&gt;&gt;</a>&nbsp;&nbsp;&nbsp;SPI_I2S_SendData
<LI><a href="#[d2]">&gt;&gt;</a>&nbsp;&nbsp;&nbsp;SPI_I2S_ReceiveData
<LI><a href="#[ce]">&gt;&gt;</a>&nbsp;&nbsp;&nbsp;SPI_I2S_GetFlagStatus
<LI><a href="#[d5]">&gt;&gt;</a>&nbsp;&nbsp;&nbsp;Delay_ms
<LI><a href="#[6d]">&gt;&gt;</a>&nbsp;&nbsp;&nbsp;GPIO_ResetBits
<LI><a href="#[65]">&gt;&gt;</a>&nbsp;&nbsp;&nbsp;GPIO_SetBits
</UL>

<P><STRONG><a name="[70]"></a>reset_DW1000</STRONG> (Thumb, 64 bytes, Stack size 16 bytes, port.o(.text))
<BR><BR>[Stack]<UL><LI>Max Depth = 36<LI>Call Chain = reset_DW1000 &rArr; GPIO_Init
</UL>
<BR>[Calls]<UL><LI><a href="#[d6]">&gt;&gt;</a>&nbsp;&nbsp;&nbsp;GPIO_Init
<LI><a href="#[6d]">&gt;&gt;</a>&nbsp;&nbsp;&nbsp;GPIO_ResetBits
</UL>
<BR>[Called By]<UL><LI><a href="#[37]">&gt;&gt;</a>&nbsp;&nbsp;&nbsp;main
<LI><a href="#[6a]">&gt;&gt;</a>&nbsp;&nbsp;&nbsp;inittestapplication
</UL>

<P><STRONG><a name="[6b]"></a>SPI_ConfigFastRate</STRONG> (Thumb, 84 bytes, Stack size 32 bytes, port.o(.text))
<BR><BR>[Stack]<UL><LI>Max Depth = 40<LI>Call Chain = SPI_ConfigFastRate &rArr; SPI_Init
</UL>
<BR>[Calls]<UL><LI><a href="#[cf]">&gt;&gt;</a>&nbsp;&nbsp;&nbsp;SPI_Cmd
<LI><a href="#[d8]">&gt;&gt;</a>&nbsp;&nbsp;&nbsp;SPI_Init
<LI><a href="#[d7]">&gt;&gt;</a>&nbsp;&nbsp;&nbsp;SPI_I2S_DeInit
</UL>
<BR>[Called By]<UL><LI><a href="#[92]">&gt;&gt;</a>&nbsp;&nbsp;&nbsp;xtalcalibration
<LI><a href="#[6a]">&gt;&gt;</a>&nbsp;&nbsp;&nbsp;inittestapplication
</UL>

<P><STRONG><a name="[d9]"></a>RTC_Configuration</STRONG> (Thumb, 152 bytes, Stack size 16 bytes, port.o(.text))
<BR><BR>[Stack]<UL><LI>Max Depth = 32<LI>Call Chain = RTC_Configuration &rArr; NVIC_Init
</UL>
<BR>[Calls]<UL><LI><a href="#[e7]">&gt;&gt;</a>&nbsp;&nbsp;&nbsp;RTC_ITConfig
<LI><a href="#[dc]">&gt;&gt;</a>&nbsp;&nbsp;&nbsp;RCC_RTCResetCmd
<LI><a href="#[df]">&gt;&gt;</a>&nbsp;&nbsp;&nbsp;RCC_RTCCLKConfig
<LI><a href="#[e0]">&gt;&gt;</a>&nbsp;&nbsp;&nbsp;RCC_RTCCLKCmd
<LI><a href="#[dd]">&gt;&gt;</a>&nbsp;&nbsp;&nbsp;RCC_LSEConfig
<LI><a href="#[de]">&gt;&gt;</a>&nbsp;&nbsp;&nbsp;RCC_GetFlagStatus
<LI><a href="#[da]">&gt;&gt;</a>&nbsp;&nbsp;&nbsp;RCC_APB1PeriphClockCmd
<LI><a href="#[db]">&gt;&gt;</a>&nbsp;&nbsp;&nbsp;PWR_RTCAccessCmd
<LI><a href="#[e4]">&gt;&gt;</a>&nbsp;&nbsp;&nbsp;NVIC_Init
<LI><a href="#[e3]">&gt;&gt;</a>&nbsp;&nbsp;&nbsp;EXTI_Init
<LI><a href="#[e2]">&gt;&gt;</a>&nbsp;&nbsp;&nbsp;EXTI_ClearITPendingBit
<LI><a href="#[e5]">&gt;&gt;</a>&nbsp;&nbsp;&nbsp;RTC_WakeUpClockConfig
<LI><a href="#[e1]">&gt;&gt;</a>&nbsp;&nbsp;&nbsp;RTC_WaitForSynchro
<LI><a href="#[e6]">&gt;&gt;</a>&nbsp;&nbsp;&nbsp;RTC_SetWakeUpCounter
</UL>
<BR>[Called By]<UL><LI><a href="#[135]">&gt;&gt;</a>&nbsp;&nbsp;&nbsp;SleepInit
</UL>

<P><STRONG><a name="[e8]"></a>rt_hw_tick_get_millisecond</STRONG> (Thumb, 36 bytes, Stack size 16 bytes, unistd.o(.text), UNUSED)
<BR><BR>[Calls]<UL><LI><a href="#[a5]">&gt;&gt;</a>&nbsp;&nbsp;&nbsp;portGetTickCnt
</UL>
<BR>[Called By]<UL><LI><a href="#[e9]">&gt;&gt;</a>&nbsp;&nbsp;&nbsp;sleep
</UL>

<P><STRONG><a name="[e9]"></a>sleep</STRONG> (Thumb, 32 bytes, Stack size 16 bytes, unistd.o(.text), UNUSED)
<BR><BR>[Calls]<UL><LI><a href="#[e8]">&gt;&gt;</a>&nbsp;&nbsp;&nbsp;rt_hw_tick_get_millisecond
</UL>

<P><STRONG><a name="[ea]"></a>rt_hw_tick_get_microsecond</STRONG> (Thumb, 38 bytes, Stack size 16 bytes, unistd.o(.text))
<BR><BR>[Stack]<UL><LI>Max Depth = 16<LI>Call Chain = rt_hw_tick_get_microsecond
</UL>
<BR>[Calls]<UL><LI><a href="#[a5]">&gt;&gt;</a>&nbsp;&nbsp;&nbsp;portGetTickCnt
</UL>
<BR>[Called By]<UL><LI><a href="#[6e]">&gt;&gt;</a>&nbsp;&nbsp;&nbsp;usleep
</UL>

<P><STRONG><a name="[6e]"></a>usleep</STRONG> (Thumb, 28 bytes, Stack size 16 bytes, unistd.o(.text))
<BR><BR>[Stack]<UL><LI>Max Depth = 32<LI>Call Chain = usleep &rArr; rt_hw_tick_get_microsecond
</UL>
<BR>[Calls]<UL><LI><a href="#[ea]">&gt;&gt;</a>&nbsp;&nbsp;&nbsp;rt_hw_tick_get_microsecond
</UL>
<BR>[Called By]<UL><LI><a href="#[c9]">&gt;&gt;</a>&nbsp;&nbsp;&nbsp;instance_close
<LI><a href="#[9c]">&gt;&gt;</a>&nbsp;&nbsp;&nbsp;txhelp_resp_send
<LI><a href="#[9a]">&gt;&gt;</a>&nbsp;&nbsp;&nbsp;txretreat_ack_send
<LI><a href="#[37]">&gt;&gt;</a>&nbsp;&nbsp;&nbsp;main
<LI><a href="#[6a]">&gt;&gt;</a>&nbsp;&nbsp;&nbsp;inittestapplication
</UL>

<P><STRONG><a name="[1e1]"></a>exchange_data</STRONG> (Thumb, 38 bytes, Stack size 8 bytes, as3933.o(.text), UNUSED)

<P><STRONG><a name="[ec]"></a>SpiReadWriteRegister</STRONG> (Thumb, 50 bytes, Stack size 16 bytes, as3933.o(.text))
<BR><BR>[Stack]<UL><LI>Max Depth = 24<LI>Call Chain = SpiReadWriteRegister &rArr; SPI2_SendByte
</UL>
<BR>[Calls]<UL><LI><a href="#[6d]">&gt;&gt;</a>&nbsp;&nbsp;&nbsp;GPIO_ResetBits
<LI><a href="#[65]">&gt;&gt;</a>&nbsp;&nbsp;&nbsp;GPIO_SetBits
<LI><a href="#[eb]">&gt;&gt;</a>&nbsp;&nbsp;&nbsp;SPI2_SendByte
</UL>
<BR>[Called By]<UL><LI><a href="#[ed]">&gt;&gt;</a>&nbsp;&nbsp;&nbsp;config_As3933
</UL>

<P><STRONG><a name="[ed]"></a>config_As3933</STRONG> (Thumb, 116 bytes, Stack size 8 bytes, as3933.o(.text))
<BR><BR>[Stack]<UL><LI>Max Depth = 32<LI>Call Chain = config_As3933 &rArr; SpiReadWriteRegister &rArr; SPI2_SendByte
</UL>
<BR>[Calls]<UL><LI><a href="#[ec]">&gt;&gt;</a>&nbsp;&nbsp;&nbsp;SpiReadWriteRegister
</UL>
<BR>[Called By]<UL><LI><a href="#[f1]">&gt;&gt;</a>&nbsp;&nbsp;&nbsp;init_as3933
</UL>

<P><STRONG><a name="[ee]"></a>EXCIT_Configuration</STRONG> (Thumb, 64 bytes, Stack size 24 bytes, as3933.o(.text))
<BR><BR>[Stack]<UL><LI>Max Depth = 44<LI>Call Chain = EXCIT_Configuration &rArr; GPIO_Init
</UL>
<BR>[Calls]<UL><LI><a href="#[d6]">&gt;&gt;</a>&nbsp;&nbsp;&nbsp;GPIO_Init
<LI><a href="#[e3]">&gt;&gt;</a>&nbsp;&nbsp;&nbsp;EXTI_Init
<LI><a href="#[ef]">&gt;&gt;</a>&nbsp;&nbsp;&nbsp;SYSCFG_EXTILineConfig
</UL>
<BR>[Called By]<UL><LI><a href="#[f1]">&gt;&gt;</a>&nbsp;&nbsp;&nbsp;init_as3933
</UL>

<P><STRONG><a name="[f0]"></a>as3933_data_init</STRONG> (Thumb, 66 bytes, Stack size 16 bytes, as3933.o(.text))
<BR><BR>[Stack]<UL><LI>Max Depth = 36<LI>Call Chain = as3933_data_init &rArr; GPIO_Init
</UL>
<BR>[Calls]<UL><LI><a href="#[d6]">&gt;&gt;</a>&nbsp;&nbsp;&nbsp;GPIO_Init
</UL>
<BR>[Called By]<UL><LI><a href="#[f1]">&gt;&gt;</a>&nbsp;&nbsp;&nbsp;init_as3933
</UL>

<P><STRONG><a name="[f1]"></a>init_as3933</STRONG> (Thumb, 20 bytes, Stack size 8 bytes, as3933.o(.text))
<BR><BR>[Stack]<UL><LI>Max Depth = 52<LI>Call Chain = init_as3933 &rArr; EXCIT_Configuration &rArr; GPIO_Init
</UL>
<BR>[Calls]<UL><LI><a href="#[f2]">&gt;&gt;</a>&nbsp;&nbsp;&nbsp;close_spi2_as3933
<LI><a href="#[f0]">&gt;&gt;</a>&nbsp;&nbsp;&nbsp;as3933_data_init
<LI><a href="#[ee]">&gt;&gt;</a>&nbsp;&nbsp;&nbsp;EXCIT_Configuration
<LI><a href="#[ed]">&gt;&gt;</a>&nbsp;&nbsp;&nbsp;config_As3933
</UL>
<BR>[Called By]<UL><LI><a href="#[77]">&gt;&gt;</a>&nbsp;&nbsp;&nbsp;board_init
</UL>

<P><STRONG><a name="[0]"></a>Reset_Handler</STRONG> (Thumb, 8 bytes, Stack size 0 bytes, startup_stm32l1xx_md.o(.text))
<BR>[Address Reference Count : 1]<UL><LI> startup_stm32l1xx_md.o(RESET)
</UL>
<P><STRONG><a name="[1]"></a>NMI_Handler</STRONG> (Thumb, 2 bytes, Stack size 0 bytes, startup_stm32l1xx_md.o(.text))
<BR><BR>[Calls]<UL><LI><a href="#[1]">&gt;&gt;</a>&nbsp;&nbsp;&nbsp;NMI_Handler
</UL>
<BR>[Called By]<UL><LI><a href="#[1]">&gt;&gt;</a>&nbsp;&nbsp;&nbsp;NMI_Handler
</UL>
<BR>[Address Reference Count : 1]<UL><LI> startup_stm32l1xx_md.o(RESET)
</UL>
<P><STRONG><a name="[2]"></a>HardFault_Handler</STRONG> (Thumb, 2 bytes, Stack size 0 bytes, startup_stm32l1xx_md.o(.text))
<BR><BR>[Calls]<UL><LI><a href="#[2]">&gt;&gt;</a>&nbsp;&nbsp;&nbsp;HardFault_Handler
</UL>
<BR>[Called By]<UL><LI><a href="#[2]">&gt;&gt;</a>&nbsp;&nbsp;&nbsp;HardFault_Handler
</UL>
<BR>[Address Reference Count : 1]<UL><LI> startup_stm32l1xx_md.o(RESET)
</UL>
<P><STRONG><a name="[3]"></a>MemManage_Handler</STRONG> (Thumb, 2 bytes, Stack size 0 bytes, startup_stm32l1xx_md.o(.text))
<BR><BR>[Calls]<UL><LI><a href="#[3]">&gt;&gt;</a>&nbsp;&nbsp;&nbsp;MemManage_Handler
</UL>
<BR>[Called By]<UL><LI><a href="#[3]">&gt;&gt;</a>&nbsp;&nbsp;&nbsp;MemManage_Handler
</UL>
<BR>[Address Reference Count : 1]<UL><LI> startup_stm32l1xx_md.o(RESET)
</UL>
<P><STRONG><a name="[4]"></a>BusFault_Handler</STRONG> (Thumb, 2 bytes, Stack size 0 bytes, startup_stm32l1xx_md.o(.text))
<BR><BR>[Calls]<UL><LI><a href="#[4]">&gt;&gt;</a>&nbsp;&nbsp;&nbsp;BusFault_Handler
</UL>
<BR>[Called By]<UL><LI><a href="#[4]">&gt;&gt;</a>&nbsp;&nbsp;&nbsp;BusFault_Handler
</UL>
<BR>[Address Reference Count : 1]<UL><LI> startup_stm32l1xx_md.o(RESET)
</UL>
<P><STRONG><a name="[5]"></a>UsageFault_Handler</STRONG> (Thumb, 2 bytes, Stack size 0 bytes, startup_stm32l1xx_md.o(.text))
<BR><BR>[Calls]<UL><LI><a href="#[5]">&gt;&gt;</a>&nbsp;&nbsp;&nbsp;UsageFault_Handler
</UL>
<BR>[Called By]<UL><LI><a href="#[5]">&gt;&gt;</a>&nbsp;&nbsp;&nbsp;UsageFault_Handler
</UL>
<BR>[Address Reference Count : 1]<UL><LI> startup_stm32l1xx_md.o(RESET)
</UL>
<P><STRONG><a name="[6]"></a>SVC_Handler</STRONG> (Thumb, 2 bytes, Stack size 0 bytes, startup_stm32l1xx_md.o(.text))
<BR><BR>[Calls]<UL><LI><a href="#[6]">&gt;&gt;</a>&nbsp;&nbsp;&nbsp;SVC_Handler
</UL>
<BR>[Called By]<UL><LI><a href="#[6]">&gt;&gt;</a>&nbsp;&nbsp;&nbsp;SVC_Handler
</UL>
<BR>[Address Reference Count : 1]<UL><LI> startup_stm32l1xx_md.o(RESET)
</UL>
<P><STRONG><a name="[7]"></a>DebugMon_Handler</STRONG> (Thumb, 2 bytes, Stack size 0 bytes, startup_stm32l1xx_md.o(.text))
<BR><BR>[Calls]<UL><LI><a href="#[7]">&gt;&gt;</a>&nbsp;&nbsp;&nbsp;DebugMon_Handler
</UL>
<BR>[Called By]<UL><LI><a href="#[7]">&gt;&gt;</a>&nbsp;&nbsp;&nbsp;DebugMon_Handler
</UL>
<BR>[Address Reference Count : 1]<UL><LI> startup_stm32l1xx_md.o(RESET)
</UL>
<P><STRONG><a name="[8]"></a>PendSV_Handler</STRONG> (Thumb, 2 bytes, Stack size 0 bytes, startup_stm32l1xx_md.o(.text))
<BR><BR>[Calls]<UL><LI><a href="#[8]">&gt;&gt;</a>&nbsp;&nbsp;&nbsp;PendSV_Handler
</UL>
<BR>[Called By]<UL><LI><a href="#[8]">&gt;&gt;</a>&nbsp;&nbsp;&nbsp;PendSV_Handler
</UL>
<BR>[Address Reference Count : 1]<UL><LI> startup_stm32l1xx_md.o(RESET)
</UL>
<P><STRONG><a name="[1c]"></a>ADC1_IRQHandler</STRONG> (Thumb, 0 bytes, Stack size 0 bytes, startup_stm32l1xx_md.o(.text))
<BR><BR>[Calls]<UL><LI><a href="#[1c]">&gt;&gt;</a>&nbsp;&nbsp;&nbsp;ADC1_IRQHandler
</UL>
<BR>[Called By]<UL><LI><a href="#[1c]">&gt;&gt;</a>&nbsp;&nbsp;&nbsp;ADC1_IRQHandler
</UL>
<BR>[Address Reference Count : 1]<UL><LI> startup_stm32l1xx_md.o(RESET)
</UL>
<P><STRONG><a name="[20]"></a>COMP_IRQHandler</STRONG> (Thumb, 0 bytes, Stack size 0 bytes, startup_stm32l1xx_md.o(.text))
<BR>[Address Reference Count : 1]<UL><LI> startup_stm32l1xx_md.o(RESET)
</UL>
<P><STRONG><a name="[1f]"></a>DAC_IRQHandler</STRONG> (Thumb, 0 bytes, Stack size 0 bytes, startup_stm32l1xx_md.o(.text))
<BR>[Address Reference Count : 1]<UL><LI> startup_stm32l1xx_md.o(RESET)
</UL>
<P><STRONG><a name="[15]"></a>DMA1_Channel1_IRQHandler</STRONG> (Thumb, 0 bytes, Stack size 0 bytes, startup_stm32l1xx_md.o(.text))
<BR>[Address Reference Count : 1]<UL><LI> startup_stm32l1xx_md.o(RESET)
</UL>
<P><STRONG><a name="[16]"></a>DMA1_Channel2_IRQHandler</STRONG> (Thumb, 0 bytes, Stack size 0 bytes, startup_stm32l1xx_md.o(.text))
<BR>[Address Reference Count : 1]<UL><LI> startup_stm32l1xx_md.o(RESET)
</UL>
<P><STRONG><a name="[17]"></a>DMA1_Channel3_IRQHandler</STRONG> (Thumb, 0 bytes, Stack size 0 bytes, startup_stm32l1xx_md.o(.text))
<BR>[Address Reference Count : 1]<UL><LI> startup_stm32l1xx_md.o(RESET)
</UL>
<P><STRONG><a name="[18]"></a>DMA1_Channel4_IRQHandler</STRONG> (Thumb, 0 bytes, Stack size 0 bytes, startup_stm32l1xx_md.o(.text))
<BR>[Address Reference Count : 1]<UL><LI> startup_stm32l1xx_md.o(RESET)
</UL>
<P><STRONG><a name="[19]"></a>DMA1_Channel5_IRQHandler</STRONG> (Thumb, 0 bytes, Stack size 0 bytes, startup_stm32l1xx_md.o(.text))
<BR>[Address Reference Count : 1]<UL><LI> startup_stm32l1xx_md.o(RESET)
</UL>
<P><STRONG><a name="[1a]"></a>DMA1_Channel6_IRQHandler</STRONG> (Thumb, 0 bytes, Stack size 0 bytes, startup_stm32l1xx_md.o(.text))
<BR>[Address Reference Count : 1]<UL><LI> startup_stm32l1xx_md.o(RESET)
</UL>
<P><STRONG><a name="[1b]"></a>DMA1_Channel7_IRQHandler</STRONG> (Thumb, 0 bytes, Stack size 0 bytes, startup_stm32l1xx_md.o(.text))
<BR>[Address Reference Count : 1]<UL><LI> startup_stm32l1xx_md.o(RESET)
</UL>
<P><STRONG><a name="[32]"></a>EXTI15_10_IRQHandler</STRONG> (Thumb, 0 bytes, Stack size 0 bytes, startup_stm32l1xx_md.o(.text))
<BR>[Address Reference Count : 1]<UL><LI> startup_stm32l1xx_md.o(RESET)
</UL>
<P><STRONG><a name="[12]"></a>EXTI2_IRQHandler</STRONG> (Thumb, 0 bytes, Stack size 0 bytes, startup_stm32l1xx_md.o(.text))
<BR>[Address Reference Count : 1]<UL><LI> startup_stm32l1xx_md.o(RESET)
</UL>
<P><STRONG><a name="[14]"></a>EXTI4_IRQHandler</STRONG> (Thumb, 0 bytes, Stack size 0 bytes, startup_stm32l1xx_md.o(.text))
<BR>[Address Reference Count : 1]<UL><LI> startup_stm32l1xx_md.o(RESET)
</UL>
<P><STRONG><a name="[e]"></a>FLASH_IRQHandler</STRONG> (Thumb, 0 bytes, Stack size 0 bytes, startup_stm32l1xx_md.o(.text))
<BR>[Address Reference Count : 1]<UL><LI> startup_stm32l1xx_md.o(RESET)
</UL>
<P><STRONG><a name="[2a]"></a>I2C1_ER_IRQHandler</STRONG> (Thumb, 0 bytes, Stack size 0 bytes, startup_stm32l1xx_md.o(.text))
<BR>[Address Reference Count : 1]<UL><LI> startup_stm32l1xx_md.o(RESET)
</UL>
<P><STRONG><a name="[29]"></a>I2C1_EV_IRQHandler</STRONG> (Thumb, 0 bytes, Stack size 0 bytes, startup_stm32l1xx_md.o(.text))
<BR>[Address Reference Count : 1]<UL><LI> startup_stm32l1xx_md.o(RESET)
</UL>
<P><STRONG><a name="[2c]"></a>I2C2_ER_IRQHandler</STRONG> (Thumb, 0 bytes, Stack size 0 bytes, startup_stm32l1xx_md.o(.text))
<BR>[Address Reference Count : 1]<UL><LI> startup_stm32l1xx_md.o(RESET)
</UL>
<P><STRONG><a name="[2b]"></a>I2C2_EV_IRQHandler</STRONG> (Thumb, 0 bytes, Stack size 0 bytes, startup_stm32l1xx_md.o(.text))
<BR>[Address Reference Count : 1]<UL><LI> startup_stm32l1xx_md.o(RESET)
</UL>
<P><STRONG><a name="[22]"></a>LCD_IRQHandler</STRONG> (Thumb, 0 bytes, Stack size 0 bytes, startup_stm32l1xx_md.o(.text))
<BR>[Address Reference Count : 1]<UL><LI> startup_stm32l1xx_md.o(RESET)
</UL>
<P><STRONG><a name="[b]"></a>PVD_IRQHandler</STRONG> (Thumb, 0 bytes, Stack size 0 bytes, startup_stm32l1xx_md.o(.text))
<BR>[Address Reference Count : 1]<UL><LI> startup_stm32l1xx_md.o(RESET)
</UL>
<P><STRONG><a name="[f]"></a>RCC_IRQHandler</STRONG> (Thumb, 0 bytes, Stack size 0 bytes, startup_stm32l1xx_md.o(.text))
<BR>[Address Reference Count : 1]<UL><LI> startup_stm32l1xx_md.o(RESET)
</UL>
<P><STRONG><a name="[33]"></a>RTC_Alarm_IRQHandler</STRONG> (Thumb, 0 bytes, Stack size 0 bytes, startup_stm32l1xx_md.o(.text))
<BR>[Address Reference Count : 1]<UL><LI> startup_stm32l1xx_md.o(RESET)
</UL>
<P><STRONG><a name="[2d]"></a>SPI1_IRQHandler</STRONG> (Thumb, 0 bytes, Stack size 0 bytes, startup_stm32l1xx_md.o(.text))
<BR>[Address Reference Count : 1]<UL><LI> startup_stm32l1xx_md.o(RESET)
</UL>
<P><STRONG><a name="[2e]"></a>SPI2_IRQHandler</STRONG> (Thumb, 0 bytes, Stack size 0 bytes, startup_stm32l1xx_md.o(.text))
<BR>[Address Reference Count : 1]<UL><LI> startup_stm32l1xx_md.o(RESET)
</UL>
<P><STRONG><a name="[c]"></a>TAMPER_STAMP_IRQHandler</STRONG> (Thumb, 0 bytes, Stack size 0 bytes, startup_stm32l1xx_md.o(.text))
<BR>[Address Reference Count : 1]<UL><LI> startup_stm32l1xx_md.o(RESET)
</UL>
<P><STRONG><a name="[24]"></a>TIM10_IRQHandler</STRONG> (Thumb, 0 bytes, Stack size 0 bytes, startup_stm32l1xx_md.o(.text))
<BR>[Address Reference Count : 1]<UL><LI> startup_stm32l1xx_md.o(RESET)
</UL>
<P><STRONG><a name="[25]"></a>TIM11_IRQHandler</STRONG> (Thumb, 0 bytes, Stack size 0 bytes, startup_stm32l1xx_md.o(.text))
<BR>[Address Reference Count : 1]<UL><LI> startup_stm32l1xx_md.o(RESET)
</UL>
<P><STRONG><a name="[26]"></a>TIM2_IRQHandler</STRONG> (Thumb, 0 bytes, Stack size 0 bytes, startup_stm32l1xx_md.o(.text))
<BR>[Address Reference Count : 1]<UL><LI> startup_stm32l1xx_md.o(RESET)
</UL>
<P><STRONG><a name="[27]"></a>TIM3_IRQHandler</STRONG> (Thumb, 0 bytes, Stack size 0 bytes, startup_stm32l1xx_md.o(.text))
<BR>[Address Reference Count : 1]<UL><LI> startup_stm32l1xx_md.o(RESET)
</UL>
<P><STRONG><a name="[28]"></a>TIM4_IRQHandler</STRONG> (Thumb, 0 bytes, Stack size 0 bytes, startup_stm32l1xx_md.o(.text))
<BR>[Address Reference Count : 1]<UL><LI> startup_stm32l1xx_md.o(RESET)
</UL>
<P><STRONG><a name="[35]"></a>TIM6_IRQHandler</STRONG> (Thumb, 0 bytes, Stack size 0 bytes, startup_stm32l1xx_md.o(.text))
<BR>[Address Reference Count : 1]<UL><LI> startup_stm32l1xx_md.o(RESET)
</UL>
<P><STRONG><a name="[36]"></a>TIM7_IRQHandler</STRONG> (Thumb, 0 bytes, Stack size 0 bytes, startup_stm32l1xx_md.o(.text))
<BR>[Address Reference Count : 1]<UL><LI> startup_stm32l1xx_md.o(RESET)
</UL>
<P><STRONG><a name="[23]"></a>TIM9_IRQHandler</STRONG> (Thumb, 0 bytes, Stack size 0 bytes, startup_stm32l1xx_md.o(.text))
<BR>[Address Reference Count : 1]<UL><LI> startup_stm32l1xx_md.o(RESET)
</UL>
<P><STRONG><a name="[30]"></a>USART2_IRQHandler</STRONG> (Thumb, 0 bytes, Stack size 0 bytes, startup_stm32l1xx_md.o(.text))
<BR>[Address Reference Count : 1]<UL><LI> startup_stm32l1xx_md.o(RESET)
</UL>
<P><STRONG><a name="[31]"></a>USART3_IRQHandler</STRONG> (Thumb, 0 bytes, Stack size 0 bytes, startup_stm32l1xx_md.o(.text))
<BR>[Address Reference Count : 1]<UL><LI> startup_stm32l1xx_md.o(RESET)
</UL>
<P><STRONG><a name="[34]"></a>USB_FS_WKUP_IRQHandler</STRONG> (Thumb, 0 bytes, Stack size 0 bytes, startup_stm32l1xx_md.o(.text))
<BR>[Address Reference Count : 1]<UL><LI> startup_stm32l1xx_md.o(RESET)
</UL>
<P><STRONG><a name="[1d]"></a>USB_HP_IRQHandler</STRONG> (Thumb, 0 bytes, Stack size 0 bytes, startup_stm32l1xx_md.o(.text))
<BR>[Address Reference Count : 1]<UL><LI> startup_stm32l1xx_md.o(RESET)
</UL>
<P><STRONG><a name="[1e]"></a>USB_LP_IRQHandler</STRONG> (Thumb, 0 bytes, Stack size 0 bytes, startup_stm32l1xx_md.o(.text))
<BR>[Address Reference Count : 1]<UL><LI> startup_stm32l1xx_md.o(RESET)
</UL>
<P><STRONG><a name="[a]"></a>WWDG_IRQHandler</STRONG> (Thumb, 0 bytes, Stack size 0 bytes, startup_stm32l1xx_md.o(.text))
<BR>[Address Reference Count : 1]<UL><LI> startup_stm32l1xx_md.o(RESET)
</UL>
<P><STRONG><a name="[f3]"></a>ADC_Configuration</STRONG> (Thumb, 160 bytes, Stack size 40 bytes, adc.o(.text))
<BR><BR>[Stack]<UL><LI>Max Depth = 60<LI>Call Chain = ADC_Configuration &rArr; GPIO_Init
</UL>
<BR>[Calls]<UL><LI><a href="#[d6]">&gt;&gt;</a>&nbsp;&nbsp;&nbsp;GPIO_Init
<LI><a href="#[f4]">&gt;&gt;</a>&nbsp;&nbsp;&nbsp;RCC_APB2PeriphClockCmd
<LI><a href="#[f5]">&gt;&gt;</a>&nbsp;&nbsp;&nbsp;ADC_StructInit
<LI><a href="#[f7]">&gt;&gt;</a>&nbsp;&nbsp;&nbsp;ADC_RegularChannelConfig
<LI><a href="#[f9]">&gt;&gt;</a>&nbsp;&nbsp;&nbsp;ADC_PowerDownCmd
<LI><a href="#[f6]">&gt;&gt;</a>&nbsp;&nbsp;&nbsp;ADC_Init
<LI><a href="#[f8]">&gt;&gt;</a>&nbsp;&nbsp;&nbsp;ADC_DelaySelectionConfig
<LI><a href="#[fa]">&gt;&gt;</a>&nbsp;&nbsp;&nbsp;ADC_Cmd
</UL>
<BR>[Called By]<UL><LI><a href="#[77]">&gt;&gt;</a>&nbsp;&nbsp;&nbsp;board_init
</UL>

<P><STRONG><a name="[fb]"></a>ADC_Start</STRONG> (Thumb, 72 bytes, Stack size 8 bytes, adc.o(.text), UNUSED)
<BR><BR>[Calls]<UL><LI><a href="#[de]">&gt;&gt;</a>&nbsp;&nbsp;&nbsp;RCC_GetFlagStatus
<LI><a href="#[65]">&gt;&gt;</a>&nbsp;&nbsp;&nbsp;GPIO_SetBits
<LI><a href="#[fc]">&gt;&gt;</a>&nbsp;&nbsp;&nbsp;RCC_HSICmd
<LI><a href="#[fe]">&gt;&gt;</a>&nbsp;&nbsp;&nbsp;ADC_SoftwareStartConv
<LI><a href="#[fd]">&gt;&gt;</a>&nbsp;&nbsp;&nbsp;ADC_GetFlagStatus
<LI><a href="#[fa]">&gt;&gt;</a>&nbsp;&nbsp;&nbsp;ADC_Cmd
</UL>
<BR>[Called By]<UL><LI><a href="#[100]">&gt;&gt;</a>&nbsp;&nbsp;&nbsp;ADC_Get_ADCValue
</UL>

<P><STRONG><a name="[ff]"></a>ADC_Stop</STRONG> (Thumb, 18 bytes, Stack size 8 bytes, adc.o(.text), UNUSED)
<BR><BR>[Calls]<UL><LI><a href="#[fc]">&gt;&gt;</a>&nbsp;&nbsp;&nbsp;RCC_HSICmd
<LI><a href="#[fa]">&gt;&gt;</a>&nbsp;&nbsp;&nbsp;ADC_Cmd
</UL>
<BR>[Called By]<UL><LI><a href="#[100]">&gt;&gt;</a>&nbsp;&nbsp;&nbsp;ADC_Get_ADCValue
</UL>

<P><STRONG><a name="[100]"></a>ADC_Get_ADCValue</STRONG> (Thumb, 22 bytes, Stack size 8 bytes, adc.o(.text), UNUSED)
<BR><BR>[Calls]<UL><LI><a href="#[101]">&gt;&gt;</a>&nbsp;&nbsp;&nbsp;ADC_GetConversionValue
<LI><a href="#[ff]">&gt;&gt;</a>&nbsp;&nbsp;&nbsp;ADC_Stop
<LI><a href="#[fb]">&gt;&gt;</a>&nbsp;&nbsp;&nbsp;ADC_Start
</UL>

<P><STRONG><a name="[102]"></a>ADC_Get_Vdd</STRONG> (Thumb, 84 bytes, Stack size 32 bytes, adc.o(.text), UNUSED)
<BR><BR>[Calls]<UL><LI><a href="#[103]">&gt;&gt;</a>&nbsp;&nbsp;&nbsp;__aeabi_ui2f
<LI><a href="#[104]">&gt;&gt;</a>&nbsp;&nbsp;&nbsp;__aeabi_fmul
<LI><a href="#[105]">&gt;&gt;</a>&nbsp;&nbsp;&nbsp;__aeabi_fdiv
<LI><a href="#[106]">&gt;&gt;</a>&nbsp;&nbsp;&nbsp;__aeabi_f2uiz
</UL>

<P><STRONG><a name="[107]"></a>motion_detect_init</STRONG> (Thumb, 46 bytes, Stack size 16 bytes, board.o(.text))
<BR><BR>[Stack]<UL><LI>Max Depth = 108<LI>Call Chain = motion_detect_init &rArr; MMA845x_Init &rArr; MMA845x_Standby &rArr; MMA845x_WriteReg &rArr; HAL_I2C_WriteReg &rArr; HAL_I2C_SendByte &rArr; GPIO_Init
</UL>
<BR>[Calls]<UL><LI><a href="#[d6]">&gt;&gt;</a>&nbsp;&nbsp;&nbsp;GPIO_Init
<LI><a href="#[108]">&gt;&gt;</a>&nbsp;&nbsp;&nbsp;MMA845x_Init
<LI><a href="#[ef]">&gt;&gt;</a>&nbsp;&nbsp;&nbsp;SYSCFG_EXTILineConfig
</UL>
<BR>[Called By]<UL><LI><a href="#[77]">&gt;&gt;</a>&nbsp;&nbsp;&nbsp;board_init
</UL>

<P><STRONG><a name="[109]"></a>motion_detect_int_open</STRONG> (Thumb, 38 bytes, Stack size 16 bytes, board.o(.text), UNUSED)
<BR><BR>[Calls]<UL><LI><a href="#[e3]">&gt;&gt;</a>&nbsp;&nbsp;&nbsp;EXTI_Init
<LI><a href="#[e2]">&gt;&gt;</a>&nbsp;&nbsp;&nbsp;EXTI_ClearITPendingBit
</UL>

<P><STRONG><a name="[10a]"></a>motion_detect_int_close</STRONG> (Thumb, 32 bytes, Stack size 16 bytes, board.o(.text), UNUSED)
<BR><BR>[Calls]<UL><LI><a href="#[e3]">&gt;&gt;</a>&nbsp;&nbsp;&nbsp;EXTI_Init
</UL>

<P><STRONG><a name="[10b]"></a>interrupt_init</STRONG> (Thumb, 62 bytes, Stack size 24 bytes, board.o(.text))
<BR><BR>[Stack]<UL><LI>Max Depth = 44<LI>Call Chain = interrupt_init &rArr; GPIO_Init
</UL>
[...]
</UL>
<BR>[Calls]<UL><LI><a href="#[ae]">&gt;&gt;</a>&nbsp;&nbsp;&nbsp;__aeabi_dadd
</UL>
<BR>[Called By]<UL><LI><a href="#[ad]">&gt;&gt;</a>&nbsp;&nbsp;&nbsp;rx_power_lever1
<LI><a href="#[a6]">&gt;&gt;</a>&nbsp;&nbsp;&nbsp;rx_power_lever
<LI><a href="#[76]">&gt;&gt;</a>&nbsp;&nbsp;&nbsp;instancesetreplydelay
<LI><a href="#[1ca]">&gt;&gt;</a>&nbsp;&nbsp;&nbsp;log
</UL>

<P><STRONG><a name="[1c3]"></a>__aeabi_drsub</STRONG> (Thumb, 6 bytes, Stack size 0 bytes, dadd.o(.text))
<BR><BR>[Stack]<UL><LI>Max Depth = 88<LI>Call Chain = __aeabi_drsub &rArr; __aeabi_dadd &rArr; _double_epilogue &rArr; _double_round
</UL>
<BR>[Calls]<UL><LI><a href="#[ae]">&gt;&gt;</a>&nbsp;&nbsp;&nbsp;__aeabi_dadd
</UL>
<BR>[Called By]<UL><LI><a href="#[1ca]">&gt;&gt;</a>&nbsp;&nbsp;&nbsp;log
</UL>

<P><STRONG><a name="[a9]"></a>__aeabi_dmul</STRONG> (Thumb, 228 bytes, Stack size 48 bytes, dmul.o(.text))
<BR><BR>[Stack]<UL><LI>Max Depth = 88<LI>Call Chain = __aeabi_dmul &rArr; _double_epilogue &rArr; _double_round
</UL>
<BR>[Calls]<UL><LI><a href="#[1c1]">&gt;&gt;</a>&nbsp;&nbsp;&nbsp;_double_epilogue
</UL>
<BR>[Called By]<UL><LI><a href="#[a7]">&gt;&gt;</a>&nbsp;&nbsp;&nbsp;dwt_readdignostics
<LI><a href="#[ad]">&gt;&gt;</a>&nbsp;&nbsp;&nbsp;rx_power_lever1
<LI><a href="#[a6]">&gt;&gt;</a>&nbsp;&nbsp;&nbsp;rx_power_lever
<LI><a href="#[76]">&gt;&gt;</a>&nbsp;&nbsp;&nbsp;instancesetreplydelay
<LI><a href="#[1c9]">&gt;&gt;</a>&nbsp;&nbsp;&nbsp;__kernel_poly
<LI><a href="#[1ca]">&gt;&gt;</a>&nbsp;&nbsp;&nbsp;log
<LI><a href="#[aa]">&gt;&gt;</a>&nbsp;&nbsp;&nbsp;log10
</UL>

<P><STRONG><a name="[88]"></a>__aeabi_ddiv</STRONG> (Thumb, 222 bytes, Stack size 32 bytes, ddiv.o(.text))
<BR><BR>[Stack]<UL><LI>Max Depth = 40<LI>Call Chain = __aeabi_ddiv &rArr; _double_round
</UL>
<BR>[Calls]<UL><LI><a href="#[1c2]">&gt;&gt;</a>&nbsp;&nbsp;&nbsp;_double_round
</UL>
<BR>[Called By]<UL><LI><a href="#[ad]">&gt;&gt;</a>&nbsp;&nbsp;&nbsp;rx_power_lever1
<LI><a href="#[a6]">&gt;&gt;</a>&nbsp;&nbsp;&nbsp;rx_power_lever
<LI><a href="#[87]">&gt;&gt;</a>&nbsp;&nbsp;&nbsp;convertmicrosectodevicetimeu
<LI><a href="#[1ca]">&gt;&gt;</a>&nbsp;&nbsp;&nbsp;log
<LI><a href="#[aa]">&gt;&gt;</a>&nbsp;&nbsp;&nbsp;log10
</UL>

<P><STRONG><a name="[103]"></a>__aeabi_ui2f</STRONG> (Thumb, 10 bytes, Stack size 0 bytes, ffltui.o(.text), UNUSED)
<BR><BR>[Calls]<UL><LI><a href="#[1c4]">&gt;&gt;</a>&nbsp;&nbsp;&nbsp;_float_epilogue
</UL>
<BR>[Called By]<UL><LI><a href="#[102]">&gt;&gt;</a>&nbsp;&nbsp;&nbsp;ADC_Get_Vdd
</UL>

<P><STRONG><a name="[a8]"></a>__aeabi_ui2d</STRONG> (Thumb, 26 bytes, Stack size 16 bytes, dfltui.o(.text))
<BR><BR>[Stack]<UL><LI>Max Depth = 56<LI>Call Chain = __aeabi_ui2d &rArr; _double_epilogue &rArr; _double_round
</UL>
<BR>[Calls]<UL><LI><a href="#[1c1]">&gt;&gt;</a>&nbsp;&nbsp;&nbsp;_double_epilogue
</UL>
<BR>[Called By]<UL><LI><a href="#[a7]">&gt;&gt;</a>&nbsp;&nbsp;&nbsp;dwt_readdignostics
<LI><a href="#[ad]">&gt;&gt;</a>&nbsp;&nbsp;&nbsp;rx_power_lever1
<LI><a href="#[a6]">&gt;&gt;</a>&nbsp;&nbsp;&nbsp;rx_power_lever
</UL>

<P><STRONG><a name="[106]"></a>__aeabi_f2uiz</STRONG> (Thumb, 40 bytes, Stack size 0 bytes, ffixui.o(.text), UNUSED)
<BR><BR>[Called By]<UL><LI><a href="#[102]">&gt;&gt;</a>&nbsp;&nbsp;&nbsp;ADC_Get_Vdd
</UL>

<P><STRONG><a name="[ac]"></a>__aeabi_d2iz</STRONG> (Thumb, 62 bytes, Stack size 16 bytes, dfixi.o(.text))
<BR><BR>[Stack]<UL><LI>Max Depth = 16<LI>Call Chain = __aeabi_d2iz
</UL>
<BR>[Calls]<UL><LI><a href="#[1bb]">&gt;&gt;</a>&nbsp;&nbsp;&nbsp;__aeabi_llsr
</UL>
<BR>[Called By]<UL><LI><a href="#[ad]">&gt;&gt;</a>&nbsp;&nbsp;&nbsp;rx_power_lever1
<LI><a href="#[a6]">&gt;&gt;</a>&nbsp;&nbsp;&nbsp;rx_power_lever
</UL>

<P><STRONG><a name="[89]"></a>__aeabi_d2ulz</STRONG> (Thumb, 48 bytes, Stack size 0 bytes, dfixul.o(.text))
<BR><BR>[Calls]<UL><LI><a href="#[1bb]">&gt;&gt;</a>&nbsp;&nbsp;&nbsp;__aeabi_llsr
<LI><a href="#[1bc]">&gt;&gt;</a>&nbsp;&nbsp;&nbsp;__aeabi_llsl
</UL>
<BR>[Called By]<UL><LI><a href="#[87]">&gt;&gt;</a>&nbsp;&nbsp;&nbsp;convertmicrosectodevicetimeu
</UL>

<P><STRONG><a name="[99]"></a>__aeabi_cdrcmple</STRONG> (Thumb, 38 bytes, Stack size 0 bytes, cdrcmple.o(.text))
<BR><BR>[Called By]<UL><LI><a href="#[98]">&gt;&gt;</a>&nbsp;&nbsp;&nbsp;ta_rxe_wait
</UL>

<P><STRONG><a name="[1bc]"></a>__aeabi_llsl</STRONG> (Thumb, 30 bytes, Stack size 0 bytes, llshl.o(.text))
<BR><BR>[Called By]<UL><LI><a href="#[ae]">&gt;&gt;</a>&nbsp;&nbsp;&nbsp;__aeabi_dadd
<LI><a href="#[89]">&gt;&gt;</a>&nbsp;&nbsp;&nbsp;__aeabi_d2ulz
<LI><a href="#[1c1]">&gt;&gt;</a>&nbsp;&nbsp;&nbsp;_double_epilogue
<LI><a href="#[cc]">&gt;&gt;</a>&nbsp;&nbsp;&nbsp;__aeabi_uldivmod
</UL>

<P><STRONG><a name="[2a2]"></a>_ll_shift_l</STRONG> (Thumb, 0 bytes, Stack size 0 bytes, llshl.o(.text), UNUSED)

<P><STRONG><a name="[1bb]"></a>__aeabi_llsr</STRONG> (Thumb, 32 bytes, Stack size 0 bytes, llushr.o(.text))
<BR><BR>[Called By]<UL><LI><a href="#[89]">&gt;&gt;</a>&nbsp;&nbsp;&nbsp;__aeabi_d2ulz
<LI><a href="#[ac]">&gt;&gt;</a>&nbsp;&nbsp;&nbsp;__aeabi_d2iz
<LI><a href="#[1c1]">&gt;&gt;</a>&nbsp;&nbsp;&nbsp;_double_epilogue
<LI><a href="#[cc]">&gt;&gt;</a>&nbsp;&nbsp;&nbsp;__aeabi_uldivmod
</UL>

<P><STRONG><a name="[2a3]"></a>_ll_ushift_r</STRONG> (Thumb, 0 bytes, Stack size 0 bytes, llushr.o(.text), UNUSED)

<P><STRONG><a name="[1c0]"></a>__aeabi_lasr</STRONG> (Thumb, 36 bytes, Stack size 0 bytes, llsshr.o(.text))
<BR><BR>[Called By]<UL><LI><a href="#[ae]">&gt;&gt;</a>&nbsp;&nbsp;&nbsp;__aeabi_dadd
</UL>

<P><STRONG><a name="[2a4]"></a>_ll_sshift_r</STRONG> (Thumb, 0 bytes, Stack size 0 bytes, llsshr.o(.text), UNUSED)

<P><STRONG><a name="[2a5]"></a>__I$use$fp</STRONG> (Thumb, 0 bytes, Stack size 0 bytes, iusefp.o(.text), UNUSED)

<P><STRONG><a name="[1bf]"></a>_float_round</STRONG> (Thumb, 18 bytes, Stack size 0 bytes, fepilogue.o(.text), UNUSED)
<BR><BR>[Called By]<UL><LI><a href="#[105]">&gt;&gt;</a>&nbsp;&nbsp;&nbsp;__aeabi_fdiv
</UL>

<P><STRONG><a name="[1c4]"></a>_float_epilogue</STRONG> (Thumb, 90 bytes, Stack size 4 bytes, fepilogue.o(.text), UNUSED)
<BR><BR>[Called By]<UL><LI><a href="#[103]">&gt;&gt;</a>&nbsp;&nbsp;&nbsp;__aeabi_ui2f
</UL>

<P><STRONG><a name="[1c2]"></a>_double_round</STRONG> (Thumb, 26 bytes, Stack size 8 bytes, depilogue.o(.text))
<BR><BR>[Stack]<UL><LI>Max Depth = 8<LI>Call Chain = _double_round
</UL>
<BR>[Called By]<UL><LI><a href="#[88]">&gt;&gt;</a>&nbsp;&nbsp;&nbsp;__aeabi_ddiv
<LI><a href="#[ae]">&gt;&gt;</a>&nbsp;&nbsp;&nbsp;__aeabi_dadd
<LI><a href="#[1c1]">&gt;&gt;</a>&nbsp;&nbsp;&nbsp;_double_epilogue
</UL>

<P><STRONG><a name="[1c1]"></a>_double_epilogue</STRONG> (Thumb, 164 bytes, Stack size 32 bytes, depilogue.o(.text))
<BR><BR>[Stack]<UL><LI>Max Depth = 40<LI>Call Chain = _double_epilogue &rArr; _double_round
</UL>
<BR>[Calls]<UL><LI><a href="#[1bb]">&gt;&gt;</a>&nbsp;&nbsp;&nbsp;__aeabi_llsr
<LI><a href="#[1bc]">&gt;&gt;</a>&nbsp;&nbsp;&nbsp;__aeabi_llsl
<LI><a href="#[1c2]">&gt;&gt;</a>&nbsp;&nbsp;&nbsp;_double_round
</UL>
<BR>[Called By]<UL><LI><a href="#[a8]">&gt;&gt;</a>&nbsp;&nbsp;&nbsp;__aeabi_ui2d
<LI><a href="#[a9]">&gt;&gt;</a>&nbsp;&nbsp;&nbsp;__aeabi_dmul
<LI><a href="#[ae]">&gt;&gt;</a>&nbsp;&nbsp;&nbsp;__aeabi_dadd
<LI><a href="#[1c5]">&gt;&gt;</a>&nbsp;&nbsp;&nbsp;__aeabi_i2d
</UL>

<P><STRONG><a name="[1cb]"></a>__ARM_scalbn</STRONG> (Thumb, 46 bytes, Stack size 16 bytes, dscalb.o(.text))
<BR><BR>[Stack]<UL><LI>Max Depth = 16<LI>Call Chain = __ARM_scalbn
</UL>
<BR>[Called By]<UL><LI><a href="#[1ca]">&gt;&gt;</a>&nbsp;&nbsp;&nbsp;log
<LI><a href="#[aa]">&gt;&gt;</a>&nbsp;&nbsp;&nbsp;log10
</UL>

<P><STRONG><a name="[2a6]"></a>scalbn</STRONG> (Thumb, 0 bytes, Stack size 16 bytes, dscalb.o(.text), UNUSED)

<P><STRONG><a name="[1c5]"></a>__aeabi_i2d</STRONG> (Thumb, 34 bytes, Stack size 16 bytes, dflti.o(.text))
<BR><BR>[Stack]<UL><LI>Max Depth = 56<LI>Call Chain = __aeabi_i2d &rArr; _double_epilogue &rArr; _double_round
</UL>
<BR>[Calls]<UL><LI><a href="#[1c1]">&gt;&gt;</a>&nbsp;&nbsp;&nbsp;_double_epilogue
</UL>
<BR>[Called By]<UL><LI><a href="#[1ca]">&gt;&gt;</a>&nbsp;&nbsp;&nbsp;log
<LI><a href="#[aa]">&gt;&gt;</a>&nbsp;&nbsp;&nbsp;log10
</UL>

<P><STRONG><a name="[3c]"></a>__scatterload</STRONG> (Thumb, 28 bytes, Stack size 0 bytes, init.o(.text))
<BR><BR>[Calls]<UL><LI><a href="#[1c6]">&gt;&gt;</a>&nbsp;&nbsp;&nbsp;__main_after_scatterload
</UL>
<BR>[Called By]<UL><LI><a href="#[3b]">&gt;&gt;</a>&nbsp;&nbsp;&nbsp;_main_scatterload
</UL>

<P><STRONG><a name="[2a7]"></a>__scatterload_rt2</STRONG> (Thumb, 0 bytes, Stack size 0 bytes, init.o(.text), UNUSED)

<P><STRONG><a name="[1cd]"></a>__aeabi_cdcmpeq</STRONG> (Thumb, 0 bytes, Stack size 0 bytes, cdcmple.o(.text))
<BR><BR>[Called By]<UL><LI><a href="#[1ca]">&gt;&gt;</a>&nbsp;&nbsp;&nbsp;log
</UL>

<P><STRONG><a name="[2a8]"></a>__aeabi_cdcmple</STRONG> (Thumb, 38 bytes, Stack size 0 bytes, cdcmple.o(.text), UNUSED)

<P><STRONG><a name="[1c7]"></a>__0printf$bare</STRONG> (Thumb, 8 bytes, Stack size 0 bytes, printfb.o(i.__0printf$bare), UNUSED)
<BR><BR>[Calls]<UL><LI><a href="#[1c8]">&gt;&gt;</a>&nbsp;&nbsp;&nbsp;_printf_core
</UL>

<P><STRONG><a name="[2a9]"></a>__1printf$bare</STRONG> (Thumb, 0 bytes, Stack size 0 bytes, printfb.o(i.__0printf$bare), UNUSED)

<P><STRONG><a name="[1a5]"></a>__2printf</STRONG> (Thumb, 0 bytes, Stack size 0 bytes, printfb.o(i.__0printf$bare), UNUSED)
<BR><BR>[Called By]<UL><LI><a href="#[1a4]">&gt;&gt;</a>&nbsp;&nbsp;&nbsp;_dwt_nvmprogword32
</UL>

<P><STRONG><a name="[1c9]"></a>__kernel_poly</STRONG> (Thumb, 170 bytes, Stack size 24 bytes, poly.o(i.__kernel_poly))
<BR><BR>[Stack]<UL><LI>Max Depth = 112<LI>Call Chain = __kernel_poly &rArr; __aeabi_dmul &rArr; _double_epilogue &rArr; _double_round
</UL>
<BR>[Calls]<UL><LI><a href="#[a9]">&gt;&gt;</a>&nbsp;&nbsp;&nbsp;__aeabi_dmul
<LI><a href="#[ae]">&gt;&gt;</a>&nbsp;&nbsp;&nbsp;__aeabi_dadd
</UL>
<BR>[Called By]<UL><LI><a href="#[1ca]">&gt;&gt;</a>&nbsp;&nbsp;&nbsp;log
</UL>

<P><STRONG><a name="[2aa]"></a>__scatterload_copy</STRONG> (Thumb, 14 bytes, Stack size unknown bytes, handlers.o(i.__scatterload_copy), UNUSED)

<P><STRONG><a name="[2ab]"></a>__scatterload_null</STRONG> (Thumb, 2 bytes, Stack size unknown bytes, handlers.o(i.__scatterload_null), UNUSED)

<P><STRONG><a name="[2ac]"></a>__scatterload_zeroinit</STRONG> (Thumb, 14 bytes, Stack size unknown bytes, handlers.o(i.__scatterload_zeroinit), UNUSED)

<P><STRONG><a name="[1cc]"></a>__set_errno</STRONG> (Thumb, 6 bytes, Stack size 0 bytes, errno.o(i.__set_errno))
<BR><BR>[Called By]<UL><LI><a href="#[1ca]">&gt;&gt;</a>&nbsp;&nbsp;&nbsp;log
<LI><a href="#[aa]">&gt;&gt;</a>&nbsp;&nbsp;&nbsp;log10
</UL>

<P><STRONG><a name="[1ca]"></a>log</STRONG> (Thumb, 822 bytes, Stack size 96 bytes, log.o(i.log))
<BR><BR>[Stack]<UL><LI>Max Depth = 208<LI>Call Chain = log &rArr; __kernel_poly &rArr; __aeabi_dmul &rArr; _double_epilogue &rArr; _double_round
</UL>
<BR>[Calls]<UL><LI><a href="#[ab]">&gt;&gt;</a>&nbsp;&nbsp;&nbsp;__aeabi_dsub
<LI><a href="#[a9]">&gt;&gt;</a>&nbsp;&nbsp;&nbsp;__aeabi_dmul
<LI><a href="#[88]">&gt;&gt;</a>&nbsp;&nbsp;&nbsp;__aeabi_ddiv
<LI><a href="#[ae]">&gt;&gt;</a>&nbsp;&nbsp;&nbsp;__aeabi_dadd
<LI><a href="#[1c9]">&gt;&gt;</a>&nbsp;&nbsp;&nbsp;__kernel_poly
<LI><a href="#[1cc]">&gt;&gt;</a>&nbsp;&nbsp;&nbsp;__set_errno
<LI><a href="#[1cd]">&gt;&gt;</a>&nbsp;&nbsp;&nbsp;__aeabi_cdcmpeq
<LI><a href="#[1c3]">&gt;&gt;</a>&nbsp;&nbsp;&nbsp;__aeabi_drsub
<LI><a href="#[1c5]">&gt;&gt;</a>&nbsp;&nbsp;&nbsp;__aeabi_i2d
<LI><a href="#[1cb]">&gt;&gt;</a>&nbsp;&nbsp;&nbsp;__ARM_scalbn
</UL>
<BR>[Called By]<UL><LI><a href="#[aa]">&gt;&gt;</a>&nbsp;&nbsp;&nbsp;log10
</UL>

<P><STRONG><a name="[aa]"></a>log10</STRONG> (Thumb, 212 bytes, Stack size 24 bytes, log10.o(i.log10))
<BR><BR>[Stack]<UL><LI>Max Depth = 232<LI>Call Chain = log10 &rArr; log &rArr; __kernel_poly &rArr; __aeabi_dmul &rArr; _double_epilogue &rArr; _double_round
</UL>
<BR>[Calls]<UL><LI><a href="#[a9]">&gt;&gt;</a>&nbsp;&nbsp;&nbsp;__aeabi_dmul
<LI><a href="#[88]">&gt;&gt;</a>&nbsp;&nbsp;&nbsp;__aeabi_ddiv
<LI><a href="#[ae]">&gt;&gt;</a>&nbsp;&nbsp;&nbsp;__aeabi_dadd
<LI><a href="#[1cc]">&gt;&gt;</a>&nbsp;&nbsp;&nbsp;__set_errno
<LI><a href="#[1ca]">&gt;&gt;</a>&nbsp;&nbsp;&nbsp;log
<LI><a href="#[1c5]">&gt;&gt;</a>&nbsp;&nbsp;&nbsp;__aeabi_i2d
<LI><a href="#[1cb]">&gt;&gt;</a>&nbsp;&nbsp;&nbsp;__ARM_scalbn
</UL>
<BR>[Called By]<UL><LI><a href="#[ad]">&gt;&gt;</a>&nbsp;&nbsp;&nbsp;rx_power_lever1
<LI><a href="#[a6]">&gt;&gt;</a>&nbsp;&nbsp;&nbsp;rx_power_lever
</UL>
<P>
<H3>
Local Symbols
</H3>
<P><STRONG><a name="[81]"></a>_event_timer_idx</STRONG> (Thumb, 28 bytes, Stack size 0 bytes, timer_event.o(.text))
<BR><BR>[Called By]<UL><LI><a href="#[82]">&gt;&gt;</a>&nbsp;&nbsp;&nbsp;event_timer_add_reload
<LI><a href="#[53]">&gt;&gt;</a>&nbsp;&nbsp;&nbsp;event_timer_del
<LI><a href="#[4d]">&gt;&gt;</a>&nbsp;&nbsp;&nbsp;event_timer_add
</UL>

<P><STRONG><a name="[eb]"></a>SPI2_SendByte</STRONG> (Thumb, 50 bytes, Stack size 8 bytes, as3933.o(.text))
<BR><BR>[Stack]<UL><LI>Max Depth = 8<LI>Call Chain = SPI2_SendByte
</UL>
<BR>[Calls]<UL><LI><a href="#[d1]">&gt;&gt;</a>&nbsp;&nbsp;&nbsp;SPI_I2S_SendData
<LI><a href="#[d2]">&gt;&gt;</a>&nbsp;&nbsp;&nbsp;SPI_I2S_ReceiveData
<LI><a href="#[ce]">&gt;&gt;</a>&nbsp;&nbsp;&nbsp;SPI_I2S_GetFlagStatus
</UL>
<BR>[Called By]<UL><LI><a href="#[ec]">&gt;&gt;</a>&nbsp;&nbsp;&nbsp;SpiReadWriteRegister
</UL>

<P><STRONG><a name="[11d]"></a>NVIC_Configuration</STRONG> (Thumb, 22 bytes, Stack size 8 bytes, mcu.o(.text))
<BR><BR>[Stack]<UL><LI>Max Depth = 8<LI>Call Chain = NVIC_Configuration
</UL>
<BR>[Calls]<UL><LI><a href="#[11e]">&gt;&gt;</a>&nbsp;&nbsp;&nbsp;NVIC_SetVectorTable
<LI><a href="#[11f]">&gt;&gt;</a>&nbsp;&nbsp;&nbsp;NVIC_PriorityGroupConfig
</UL>
<BR>[Called By]<UL><LI><a href="#[10d]">&gt;&gt;</a>&nbsp;&nbsp;&nbsp;chip_core_init
</UL>

<P><STRONG><a name="[120]"></a>RCC_Configuration</STRONG> (Thumb, 68 bytes, Stack size 8 bytes, mcu.o(.text))
<BR><BR>[Stack]<UL><LI>Max Depth = 8<LI>Call Chain = RCC_Configuration
</UL>
<BR>[Calls]<UL><LI><a href="#[da]">&gt;&gt;</a>&nbsp;&nbsp;&nbsp;RCC_APB1PeriphClockCmd
<LI><a href="#[11a]">&gt;&gt;</a>&nbsp;&nbsp;&nbsp;RCC_AHBPeriphClockCmd
<LI><a href="#[f4]">&gt;&gt;</a>&nbsp;&nbsp;&nbsp;RCC_APB2PeriphClockCmd
</UL>
<BR>[Called By]<UL><LI><a href="#[10e]">&gt;&gt;</a>&nbsp;&nbsp;&nbsp;chip_interface_init
</UL>

<P><STRONG><a name="[121]"></a>_config_iwdg</STRONG> (Thumb, 118 bytes, Stack size 32 bytes, mcu.o(.text))
<BR><BR>[Stack]<UL><LI>Max Depth = 68<LI>Call Chain = _config_iwdg &rArr; FLASH_OB_UserConfig &rArr; FLASH_WaitForLastOperation
</UL>
<BR>[Calls]<UL><LI><a href="#[124]">&gt;&gt;</a>&nbsp;&nbsp;&nbsp;FLASH_OB_UserConfig
<LI><a href="#[122]">&gt;&gt;</a>&nbsp;&nbsp;&nbsp;FLASH_OB_Unlock
<LI><a href="#[126]">&gt;&gt;</a>&nbsp;&nbsp;&nbsp;FLASH_OB_Lock
<LI><a href="#[125]">&gt;&gt;</a>&nbsp;&nbsp;&nbsp;FLASH_OB_Launch
<LI><a href="#[123]">&gt;&gt;</a>&nbsp;&nbsp;&nbsp;FLASH_OB_GetUser
</UL>
<BR>[Called By]<UL><LI><a href="#[12b]">&gt;&gt;</a>&nbsp;&nbsp;&nbsp;IWDG_Configuration
</UL>

<P><STRONG><a name="[12b]"></a>IWDG_Configuration</STRONG> (Thumb, 58 bytes, Stack size 8 bytes, mcu.o(.text))
<BR><BR>[Stack]<UL><LI>Max Depth = 76<LI>Call Chain = IWDG_Configuration &rArr; _config_iwdg &rArr; FLASH_OB_UserConfig &rArr; FLASH_WaitForLastOperation
</UL>
<BR>[Calls]<UL><LI><a href="#[de]">&gt;&gt;</a>&nbsp;&nbsp;&nbsp;RCC_GetFlagStatus
<LI><a href="#[12c]">&gt;&gt;</a>&nbsp;&nbsp;&nbsp;RCC_LSICmd
<LI><a href="#[12d]">&gt;&gt;</a>&nbsp;&nbsp;&nbsp;IWDG_WriteAccessCmd
<LI><a href="#[12f]">&gt;&gt;</a>&nbsp;&nbsp;&nbsp;IWDG_SetReload
<LI><a href="#[12e]">&gt;&gt;</a>&nbsp;&nbsp;&nbsp;IWDG_SetPrescaler
<LI><a href="#[130]">&gt;&gt;</a>&nbsp;&nbsp;&nbsp;IWDG_ReloadCounter
<LI><a href="#[131]">&gt;&gt;</a>&nbsp;&nbsp;&nbsp;IWDG_Enable
<LI><a href="#[121]">&gt;&gt;</a>&nbsp;&nbsp;&nbsp;_config_iwdg
</UL>
<BR>[Called By]<UL><LI><a href="#[10d]">&gt;&gt;</a>&nbsp;&nbsp;&nbsp;chip_core_init
</UL>

<P><STRONG><a name="[139]"></a>_get_millisecond</STRONG> (Thumb, 32 bytes, Stack size 0 bytes, mcu.o(.text))
<BR><BR>[Called By]<UL><LI><a href="#[d5]">&gt;&gt;</a>&nbsp;&nbsp;&nbsp;Delay_ms
</UL>

<P><STRONG><a name="[13b]"></a>_get_microsecond</STRONG> (Thumb, 48 bytes, Stack size 0 bytes, mcu.o(.text), UNUSED)
<BR><BR>[Called By]<UL><LI><a href="#[13a]">&gt;&gt;</a>&nbsp;&nbsp;&nbsp;Delay_us
</UL>

<P><STRONG><a name="[142]"></a>MMA845x_Active</STRONG> (Thumb, 22 bytes, Stack size 8 bytes, mma8452q.o(.text))
<BR><BR>[Stack]<UL><LI>Max Depth = 84<LI>Call Chain = MMA845x_Active &rArr; MMA845x_WriteReg &rArr; HAL_I2C_WriteReg &rArr; HAL_I2C_SendByte &rArr; GPIO_Init
</UL>
<BR>[Calls]<UL><LI><a href="#[140]">&gt;&gt;</a>&nbsp;&nbsp;&nbsp;MMA845x_ReadReg
<LI><a href="#[13e]">&gt;&gt;</a>&nbsp;&nbsp;&nbsp;MMA845x_WriteReg
</UL>
<BR>[Called By]<UL><LI><a href="#[108]">&gt;&gt;</a>&nbsp;&nbsp;&nbsp;MMA845x_Init
</UL>

<P><STRONG><a name="[143]"></a>MMA845x_Standby</STRONG> (Thumb, 24 bytes, Stack size 8 bytes, mma8452q.o(.text))
<BR><BR>[Stack]<UL><LI>Max Depth = 84<LI>Call Chain = MMA845x_Standby &rArr; MMA845x_WriteReg &rArr; HAL_I2C_WriteReg &rArr; HAL_I2C_SendByte &rArr; GPIO_Init
</UL>
<BR>[Calls]<UL><LI><a href="#[140]">&gt;&gt;</a>&nbsp;&nbsp;&nbsp;MMA845x_ReadReg
<LI><a href="#[13e]">&gt;&gt;</a>&nbsp;&nbsp;&nbsp;MMA845x_WriteReg
</UL>
<BR>[Called By]<UL><LI><a href="#[108]">&gt;&gt;</a>&nbsp;&nbsp;&nbsp;MMA845x_Init
</UL>

<P><STRONG><a name="[154]"></a>sleep_each</STRONG> (Thumb, 106 bytes, Stack size 16 bytes, sleep.o(.text), UNUSED)
<BR><BR>[Calls]<UL><LI><a href="#[156]">&gt;&gt;</a>&nbsp;&nbsp;&nbsp;vCheckBattery
<LI><a href="#[155]">&gt;&gt;</a>&nbsp;&nbsp;&nbsp;dwt_entersleep
<LI><a href="#[14d]">&gt;&gt;</a>&nbsp;&nbsp;&nbsp;Sleep
<LI><a href="#[157]">&gt;&gt;</a>&nbsp;&nbsp;&nbsp;ElapsedSysClock
<LI><a href="#[138]">&gt;&gt;</a>&nbsp;&nbsp;&nbsp;chip_lowpower_finish
<LI><a href="#[137]">&gt;&gt;</a>&nbsp;&nbsp;&nbsp;chip_lowpower_ready
</UL>
<BR>[Called By]<UL><LI><a href="#[15a]">&gt;&gt;</a>&nbsp;&nbsp;&nbsp;system_sleep
</UL>

<P><STRONG><a name="[182]"></a>RTC_ByteToBcd2</STRONG> (Thumb, 28 bytes, Stack size 0 bytes, stm32l1xx_rtc.o(.text), UNUSED)
<BR><BR>[Called By]<UL><LI><a href="#[186]">&gt;&gt;</a>&nbsp;&nbsp;&nbsp;RTC_SetAlarm
<LI><a href="#[184]">&gt;&gt;</a>&nbsp;&nbsp;&nbsp;RTC_SetDate
<LI><a href="#[180]">&gt;&gt;</a>&nbsp;&nbsp;&nbsp;RTC_SetTime
</UL>

<P><STRONG><a name="[181]"></a>RTC_Bcd2ToByte</STRONG> (Thumb, 22 bytes, Stack size 0 bytes, stm32l1xx_rtc.o(.text), UNUSED)
<BR><BR>[Called By]<UL><LI><a href="#[18a]">&gt;&gt;</a>&nbsp;&nbsp;&nbsp;RTC_GetTimeStamp
<LI><a href="#[187]">&gt;&gt;</a>&nbsp;&nbsp;&nbsp;RTC_GetAlarm
<LI><a href="#[186]">&gt;&gt;</a>&nbsp;&nbsp;&nbsp;RTC_SetAlarm
<LI><a href="#[185]">&gt;&gt;</a>&nbsp;&nbsp;&nbsp;RTC_GetDate
<LI><a href="#[184]">&gt;&gt;</a>&nbsp;&nbsp;&nbsp;RTC_SetDate
<LI><a href="#[183]">&gt;&gt;</a>&nbsp;&nbsp;&nbsp;RTC_GetTime
<LI><a href="#[180]">&gt;&gt;</a>&nbsp;&nbsp;&nbsp;RTC_SetTime
</UL>

<P><STRONG><a name="[191]"></a>SetSysClock</STRONG> (Thumb, 248 bytes, Stack size 12 bytes, system_stm32l1xx.o(.text))
<BR><BR>[Stack]<UL><LI>Max Depth = 12<LI>Call Chain = SetSysClock
</UL>
<BR>[Called By]<UL><LI><a href="#[38]">&gt;&gt;</a>&nbsp;&nbsp;&nbsp;SystemInit
</UL>

<P><STRONG><a name="[1c8]"></a>_printf_core</STRONG> (Thumb, 34 bytes, Stack size 24 bytes, printfb.o(i._printf_core), UNUSED)
<BR><BR>[Called By]<UL><LI><a href="#[1c7]">&gt;&gt;</a>&nbsp;&nbsp;&nbsp;__0printf$bare
</UL>
<P>
<H3>
Undefined Global Symbols
</H3><HR></body></html>
